Archive member included to satisfy reference by file (symbol)

/usr/lib/gcc/arm-none-eabi/6.3.1/../../../arm-none-eabi/lib/thumb/v7-m/libm.a(lib_a-s_sin.o)
                              build/debug_STM32F1/source/main.o (sin)
/usr/lib/gcc/arm-none-eabi/6.3.1/../../../arm-none-eabi/lib/thumb/v7-m/libm.a(lib_a-e_rem_pio2.o)
                              /usr/lib/gcc/arm-none-eabi/6.3.1/../../../arm-none-eabi/lib/thumb/v7-m/libm.a(lib_a-s_sin.o) (__ieee754_rem_pio2)
/usr/lib/gcc/arm-none-eabi/6.3.1/../../../arm-none-eabi/lib/thumb/v7-m/libm.a(lib_a-k_cos.o)
                              /usr/lib/gcc/arm-none-eabi/6.3.1/../../../arm-none-eabi/lib/thumb/v7-m/libm.a(lib_a-s_sin.o) (__kernel_cos)
/usr/lib/gcc/arm-none-eabi/6.3.1/../../../arm-none-eabi/lib/thumb/v7-m/libm.a(lib_a-k_rem_pio2.o)
                              /usr/lib/gcc/arm-none-eabi/6.3.1/../../../arm-none-eabi/lib/thumb/v7-m/libm.a(lib_a-e_rem_pio2.o) (__kernel_rem_pio2)
/usr/lib/gcc/arm-none-eabi/6.3.1/../../../arm-none-eabi/lib/thumb/v7-m/libm.a(lib_a-k_sin.o)
                              /usr/lib/gcc/arm-none-eabi/6.3.1/../../../arm-none-eabi/lib/thumb/v7-m/libm.a(lib_a-s_sin.o) (__kernel_sin)
/usr/lib/gcc/arm-none-eabi/6.3.1/../../../arm-none-eabi/lib/thumb/v7-m/libm.a(lib_a-s_fabs.o)
                              /usr/lib/gcc/arm-none-eabi/6.3.1/../../../arm-none-eabi/lib/thumb/v7-m/libm.a(lib_a-e_rem_pio2.o) (fabs)
/usr/lib/gcc/arm-none-eabi/6.3.1/../../../arm-none-eabi/lib/thumb/v7-m/libm.a(lib_a-s_floor.o)
                              /usr/lib/gcc/arm-none-eabi/6.3.1/../../../arm-none-eabi/lib/thumb/v7-m/libm.a(lib_a-k_rem_pio2.o) (floor)
/usr/lib/gcc/arm-none-eabi/6.3.1/../../../arm-none-eabi/lib/thumb/v7-m/libm.a(lib_a-s_scalbn.o)
                              /usr/lib/gcc/arm-none-eabi/6.3.1/../../../arm-none-eabi/lib/thumb/v7-m/libm.a(lib_a-k_rem_pio2.o) (scalbn)
/usr/lib/gcc/arm-none-eabi/6.3.1/../../../arm-none-eabi/lib/thumb/v7-m/libm.a(lib_a-s_copysign.o)
                              /usr/lib/gcc/arm-none-eabi/6.3.1/../../../arm-none-eabi/lib/thumb/v7-m/libm.a(lib_a-s_scalbn.o) (copysign)
/usr/lib/gcc/arm-none-eabi/6.3.1/../../../arm-none-eabi/lib/thumb/v7-m/libc_nano.a(lib_a-atexit.o)
                              /usr/lib/gcc/arm-none-eabi/6.3.1/../../../arm-none-eabi/lib/thumb/v7-m/crt0.o (atexit)
/usr/lib/gcc/arm-none-eabi/6.3.1/../../../arm-none-eabi/lib/thumb/v7-m/libc_nano.a(lib_a-calloc.o)
                              build/debug_STM32F1/hardware/source/STM32F1/source/STM32F1.o (calloc)
/usr/lib/gcc/arm-none-eabi/6.3.1/../../../arm-none-eabi/lib/thumb/v7-m/libc_nano.a(lib_a-exit.o)
                              /usr/lib/gcc/arm-none-eabi/6.3.1/../../../arm-none-eabi/lib/thumb/v7-m/crt0.o (exit)
/usr/lib/gcc/arm-none-eabi/6.3.1/../../../arm-none-eabi/lib/thumb/v7-m/libc_nano.a(lib_a-fini.o)
                              /usr/lib/gcc/arm-none-eabi/6.3.1/../../../arm-none-eabi/lib/thumb/v7-m/crt0.o (__libc_fini_array)
/usr/lib/gcc/arm-none-eabi/6.3.1/../../../arm-none-eabi/lib/thumb/v7-m/libc_nano.a(lib_a-impure.o)
                              /usr/lib/gcc/arm-none-eabi/6.3.1/../../../arm-none-eabi/lib/thumb/v7-m/libc_nano.a(lib_a-exit.o) (_global_impure_ptr)
/usr/lib/gcc/arm-none-eabi/6.3.1/../../../arm-none-eabi/lib/thumb/v7-m/libc_nano.a(lib_a-init.o)
                              /usr/lib/gcc/arm-none-eabi/6.3.1/../../../arm-none-eabi/lib/thumb/v7-m/crt0.o (__libc_init_array)
/usr/lib/gcc/arm-none-eabi/6.3.1/../../../arm-none-eabi/lib/thumb/v7-m/libc_nano.a(lib_a-memset.o)
                              /usr/lib/gcc/arm-none-eabi/6.3.1/../../../arm-none-eabi/lib/thumb/v7-m/crt0.o (memset)
/usr/lib/gcc/arm-none-eabi/6.3.1/../../../arm-none-eabi/lib/thumb/v7-m/libc_nano.a(lib_a-nano-callocr.o)
                              /usr/lib/gcc/arm-none-eabi/6.3.1/../../../arm-none-eabi/lib/thumb/v7-m/libc_nano.a(lib_a-calloc.o) (_calloc_r)
/usr/lib/gcc/arm-none-eabi/6.3.1/../../../arm-none-eabi/lib/thumb/v7-m/libc_nano.a(lib_a-nano-mallocr.o)
                              /usr/lib/gcc/arm-none-eabi/6.3.1/../../../arm-none-eabi/lib/thumb/v7-m/libc_nano.a(lib_a-nano-callocr.o) (_malloc_r)
/usr/lib/gcc/arm-none-eabi/6.3.1/../../../arm-none-eabi/lib/thumb/v7-m/libc_nano.a(lib_a-rand.o)
                              build/debug_STM32F1/source/main.o (srand)
/usr/lib/gcc/arm-none-eabi/6.3.1/../../../arm-none-eabi/lib/thumb/v7-m/libc_nano.a(lib_a-sbrkr.o)
                              /usr/lib/gcc/arm-none-eabi/6.3.1/../../../arm-none-eabi/lib/thumb/v7-m/libc_nano.a(lib_a-nano-mallocr.o) (_sbrk_r)
/usr/lib/gcc/arm-none-eabi/6.3.1/../../../arm-none-eabi/lib/thumb/v7-m/libc_nano.a(lib_a-__atexit.o)
                              /usr/lib/gcc/arm-none-eabi/6.3.1/../../../arm-none-eabi/lib/thumb/v7-m/libc_nano.a(lib_a-atexit.o) (__register_exitproc)
/usr/lib/gcc/arm-none-eabi/6.3.1/../../../arm-none-eabi/lib/thumb/v7-m/libc_nano.a(lib_a-__call_atexit.o)
[...]
Memory Configuration

Name             Origin             Length             Attributes
RAM              0x0000000020000000 0x0000000000005000 xrw
FLASH            0x0000000008000000 0x0000000000010000 xr
*default*        0x0000000000000000 0xffffffffffffffff

Linker script and memory map

LOAD /usr/lib/gcc/arm-none-eabi/6.3.1/thumb/v7-m/crti.o
LOAD /usr/lib/gcc/arm-none-eabi/6.3.1/thumb/v7-m/crtbegin.o
LOAD /usr/lib/gcc/arm-none-eabi/6.3.1/../../../arm-none-eabi/lib/thumb/v7-m/crt0.o
LOAD build/debug_STM32F1/source/main.o
LOAD build/debug_STM32F1/source/sin_lut.o
LOAD build/debug_STM32F1/hardware/source/STM32F1/source/STM32F1.o
LOAD build/debug_STM32F1/hardware/source/STM32F1/source/stm32f1xx_hal_msp.o
LOAD build/debug_STM32F1/hardware/source/STM32F1/source/stm32f1xx_it.o
LOAD build/debug_STM32F1/hardware/source/STM32F1/source/system_stm32f1xx.o
LOAD build/debug_STM32F1/libraries/STM32CubeF1/STM32F1xx_HAL_Driver/Src/stm32f1xx_hal_gpio_ex.o
LOAD build/debug_STM32F1/libraries/STM32CubeF1/STM32F1xx_HAL_Driver/Src/stm32f1xx_hal_tim.o
LOAD build/debug_STM32F1/libraries/STM32CubeF1/STM32F1xx_HAL_Driver/Src/stm32f1xx_hal_tim_ex.o
LOAD build/debug_STM32F1/libraries/STM32CubeF1/STM32F1xx_HAL_Driver/Src/stm32f1xx_hal.o
LOAD build/debug_STM32F1/libraries/STM32CubeF1/STM32F1xx_HAL_Driver/Src/stm32f1xx_hal_rcc.o
LOAD build/debug_STM32F1/libraries/STM32CubeF1/STM32F1xx_HAL_Driver/Src/stm32f1xx_hal_rcc_ex.o
LOAD build/debug_STM32F1/libraries/STM32CubeF1/STM32F1xx_HAL_Driver/Src/stm32f1xx_hal_gpio.o
LOAD build/debug_STM32F1/libraries/STM32CubeF1/STM32F1xx_HAL_Driver/Src/stm32f1xx_hal_dma.o
LOAD build/debug_STM32F1/libraries/STM32CubeF1/STM32F1xx_HAL_Driver/Src/stm32f1xx_hal_cortex.o
LOAD build/debug_STM32F1/libraries/STM32CubeF1/STM32F1xx_HAL_Driver/Src/stm32f1xx_hal_pwr.o
LOAD build/debug_STM32F1/libraries/STM32CubeF1/STM32F1xx_HAL_Driver/Src/stm32f1xx_hal_flash.o
LOAD build/debug_STM32F1/libraries/STM32CubeF1/STM32F1xx_HAL_Driver/Src/stm32f1xx_hal_flash_ex.o
LOAD build/debug_STM32F1/libraries/STM32CubeF1/STM32F1xx_HAL_Driver/Src/stm32f1xx_hal_exti.o
LOAD build/debug_STM32F1/hardware/source/STM32F1/source/startup_stm32f103xb.o
LOAD /usr/lib/gcc/arm-none-eabi/6.3.1/../../../arm-none-eabi/lib/thumb/v7-m/libm.a
LOAD /usr/lib/gcc/arm-none-eabi/6.3.1/../../../arm-none-eabi/lib/thumb/v7-m/libc_nano.a
LOAD /usr/lib/gcc/arm-none-eabi/6.3.1/../../../arm-none-eabi/lib/thumb/v7-m/libnosys.a
START GROUP
LOAD /usr/lib/gcc/arm-none-eabi/6.3.1/thumb/v7-m/libgcc.a
LOAD /usr/lib/gcc/arm-none-eabi/6.3.1/../../../arm-none-eabi/lib/thumb/v7-m/libc_nano.a
END GROUP
START GROUP
LOAD /usr/lib/gcc/arm-none-eabi/6.3.1/thumb/v7-m/libgcc.a
LOAD /usr/lib/gcc/arm-none-eabi/6.3.1/../../../arm-none-eabi/lib/thumb/v7-m/libc_nano.a
END GROUP
LOAD /usr/lib/gcc/arm-none-eabi/6.3.1/thumb/v7-m/crtend.o
LOAD /usr/lib/gcc/arm-none-eabi/6.3.1/thumb/v7-m/crtn.o
                0x0000000020005000                _estack = 0x20005000
                0x0000000000000200                _Min_Heap_Size = 0x200
                0x0000000000000400                _Min_Stack_Size = 0x400

.isr_vector     0x0000000008000000      0x10c
                0x0000000008000000                . = ALIGN (0x4)
 *(.isr_vector)
 .isr_vector    0x0000000008000000      0x10c build/debug_STM32F1/hardware/source/STM32F1/source/startup_stm32f103xb.o
                0x0000000008000000                g_pfnVectors
                0x000000000800010c                . = ALIGN (0x4)

.text           0x0000000008000110     0x3ad0
                0x0000000008000110                . = ALIGN (0x4)
 *(.text)
 .text          0x0000000008000110       0xa4 /usr/lib/gcc/arm-none-eabi/6.3.1/thumb/v7-m/crtbegin.o
 .text          0x00000000080001b4       0x90 /usr/lib/gcc/arm-none-eabi/6.3.1/../../../arm-none-eabi/lib/thumb/v7-m/libm.a(lib_a-s_sin.o)
                0x00000000080001b4                sin
 *fill*         0x0000000008000244        0x4 
 .text          0x0000000008000248      0x42c /usr/lib/gcc/arm-none-eabi/6.3.1/../../../arm-none-eabi/lib/thumb/v7-m/libm.a(lib_a-e_rem_pio2.o)
                0x0000000008000248                __ieee754_rem_pio2
 *fill*         0x0000000008000674        0x4 
 .text          0x0000000008000678      0x248 /usr/lib/gcc/arm-none-eabi/6.3.1/../../../arm-none-eabi/lib/thumb/v7-m/libm.a(lib_a-k_cos.o)
                0x0000000008000678                __kernel_cos
 .text          0x00000000080008c0      0x88c /usr/lib/gcc/arm-none-eabi/6.3.1/../../../arm-none-eabi/lib/thumb/v7-m/libm.a(lib_a-k_rem_pio2.o)
                0x00000000080008c0                __kernel_rem_pio2
 *fill*         0x000000000800114c        0x4 
 .text          0x0000000008001150      0x16c /usr/lib/gcc/arm-none-eabi/6.3.1/../../../arm-none-eabi/lib/thumb/v7-m/libm.a(lib_a-k_sin.o)
                0x0000000008001150                __kernel_sin
 .text          0x00000000080012bc        0x8 /usr/lib/gcc/arm-none-eabi/6.3.1/../../../arm-none-eabi/lib/thumb/v7-m/libm.a(lib_a-s_fabs.o)
                0x00000000080012bc                fabs
 *fill*         0x00000000080012c4        0x4 
 .text          0x00000000080012c8      0x118 /usr/lib/gcc/arm-none-eabi/6.3.1/../../../arm-none-eabi/lib/thumb/v7-m/libm.a(lib_a-s_floor.o)
                0x00000000080012c8                floor
 .text          0x00000000080013e0       0xe4 /usr/lib/gcc/arm-none-eabi/6.3.1/../../../arm-none-eabi/lib/thumb/v7-m/libm.a(lib_a-s_scalbn.o)
                0x00000000080013e0                scalbn
 .text          0x00000000080014c4       0x10 /usr/lib/gcc/arm-none-eabi/6.3.1/../../../arm-none-eabi/lib/thumb/v7-m/libm.a(lib_a-s_copysign.o)
                0x00000000080014c4                copysign
 .text          0x00000000080014d4       0x10 /usr/lib/gcc/arm-none-eabi/6.3.1/../../../arm-none-eabi/lib/thumb/v7-m/libc_nano.a(lib_a-calloc.o)
                0x00000000080014d4                calloc
 .text          0x00000000080014e4       0x50 /usr/lib/gcc/arm-none-eabi/6.3.1/../../../arm-none-eabi/lib/thumb/v7-m/libc_nano.a(lib_a-init.o)
                0x00000000080014e4                __libc_init_array
 .text          0x0000000008001534       0x9c /usr/lib/gcc/arm-none-eabi/6.3.1/../../../arm-none-eabi/lib/thumb/v7-m/libc_nano.a(lib_a-memset.o)
                0x0000000008001534                memset
 .text          0x00000000080015d0       0x1c /usr/lib/gcc/arm-none-eabi/6.3.1/../../../arm-none-eabi/lib/thumb/v7-m/libc_nano.a(lib_a-nano-callocr.o)
                0x00000000080015d0                _calloc_r
 .text          0x00000000080015ec       0xbc /usr/lib/gcc/arm-none-eabi/6.3.1/../../../arm-none-eabi/lib/thumb/v7-m/libc_nano.a(lib_a-nano-mallocr.o)
                0x00000000080015ec                _malloc_r
 .text          0x00000000080016a8      0x10c /usr/lib/gcc/arm-none-eabi/6.3.1/../../../arm-none-eabi/lib/thumb/v7-m/libc_nano.a(lib_a-rand.o)
                0x00000000080016a8                srand
                0x0000000008001710                rand
 .text          0x00000000080017b4       0x24 /usr/lib/gcc/arm-none-eabi/6.3.1/../../../arm-none-eabi/lib/thumb/v7-m/libc_nano.a(lib_a-sbrkr.o)
                0x00000000080017b4                _sbrk_r
 .text          0x00000000080017d8       0x20 /usr/lib/gcc/arm-none-eabi/6.3.1/../../../arm-none-eabi/lib/thumb/v7-m/libc_nano.a(lib_a-malloc.o)
                0x00000000080017d8                malloc
                0x00000000080017e8                free
 .text          0x00000000080017f8       0x90 /usr/lib/gcc/arm-none-eabi/6.3.1/../../../arm-none-eabi/lib/thumb/v7-m/libc_nano.a(lib_a-nano-freer.o)
                0x00000000080017f8                _free_r
 .text          0x0000000008001888       0x1c /usr/lib/gcc/arm-none-eabi/6.3.1/../../../arm-none-eabi/lib/thumb/v7-m/libnosys.a(sbrk.o)
                0x0000000008001888                _sbrk
 .text          0x00000000080018a4      0x370 /usr/lib/gcc/arm-none-eabi/6.3.1/thumb/v7-m/libgcc.a(_arm_addsubdf3.o)
                0x00000000080018a4                __aeabi_drsub
                0x00000000080018ac                __aeabi_dsub
                0x00000000080018ac                __subdf3
                0x00000000080018b0                __adddf3
                0x00000000080018b0                __aeabi_dadd
                0x0000000008001b28                __aeabi_ui2d
                0x0000000008001b28                __floatunsidf
                0x0000000008001b48                __floatsidf
                0x0000000008001b48                __aeabi_i2d
                0x0000000008001b6c                __extendsfdf2
                0x0000000008001b6c                __aeabi_f2d
                0x0000000008001ba8                __aeabi_ul2d
                0x0000000008001ba8                __floatundidf
                0x0000000008001bb8                __floatdidf
                0x0000000008001bb8                __aeabi_l2d
 .text          0x0000000008001c14      0x424 /usr/lib/gcc/arm-none-eabi/6.3.1/thumb/v7-m/libgcc.a(_arm_muldivdf3.o)
                0x0000000008001c14                __aeabi_dmul
                0x0000000008001c14                __muldf3
                0x0000000008001e68                __aeabi_ddiv
                0x0000000008001e68                __divdf3
 .text          0x0000000008002038      0x110 /usr/lib/gcc/arm-none-eabi/6.3.1/thumb/v7-m/libgcc.a(_arm_cmpdf2.o)
                0x0000000008002038                __gtdf2
                0x0000000008002038                __gedf2
                0x0000000008002040                __ltdf2
                0x0000000008002040                __ledf2
                0x0000000008002048                __cmpdf2
                0x0000000008002048                __eqdf2
                0x0000000008002048                __nedf2
                0x00000000080020c4                __aeabi_cdrcmple
                0x00000000080020d4                __aeabi_cdcmple
                0x00000000080020d4                __aeabi_cdcmpeq
                0x00000000080020e4                __aeabi_dcmpeq
                0x00000000080020f8                __aeabi_dcmplt
                0x000000000800210c                __aeabi_dcmple
                0x0000000008002120                __aeabi_dcmpge
                0x0000000008002134                __aeabi_dcmpgt
 .text          0x0000000008002148       0x50 /usr/lib/gcc/arm-none-eabi/6.3.1/thumb/v7-m/libgcc.a(_arm_fixdfsi.o)
                0x0000000008002148                __fixdfsi
                0x0000000008002148                __aeabi_d2iz
 .text          0x0000000008002198       0x40 /usr/lib/gcc/arm-none-eabi/6.3.1/thumb/v7-m/libgcc.a(_arm_fixunsdfsi.o)
                0x0000000008002198                __fixunsdfsi
                0x0000000008002198                __aeabi_d2uiz
 .text          0x00000000080021d8       0xa0 /usr/lib/gcc/arm-none-eabi/6.3.1/thumb/v7-m/libgcc.a(_arm_truncdfsf2.o)
                0x00000000080021d8                __aeabi_d2f
                0x00000000080021d8                __truncdfsf2
 .text          0x0000000008002278      0x21c /usr/lib/gcc/arm-none-eabi/6.3.1/thumb/v7-m/libgcc.a(_arm_addsubsf3.o)
                0x0000000008002278                __aeabi_frsub
                0x0000000008002280                __subsf3
                0x0000000008002280                __aeabi_fsub
                0x0000000008002284                __aeabi_fadd
                0x0000000008002284                __addsf3
                0x00000000080023e4                __aeabi_ui2f
                0x00000000080023e4                __floatunsisf
                0x00000000080023ec                __aeabi_i2f
                0x00000000080023ec                __floatsisf
                0x0000000008002408                __floatundisf
                0x0000000008002408                __aeabi_ul2f
                0x0000000008002418                __floatdisf
                0x0000000008002418                __aeabi_l2f
 .text          0x0000000008002494      0x2a0 /usr/lib/gcc/arm-none-eabi/6.3.1/thumb/v7-m/libgcc.a(_arm_muldivsf3.o)
                0x0000000008002494                __mulsf3
                0x0000000008002494                __aeabi_fmul
                0x00000000080025fc                __divsf3
                0x00000000080025fc                __aeabi_fdiv
 *(.text*)
 *fill*         0x0000000008002734        0x4 
 .text.main     0x0000000008002738      0x630 build/debug_STM32F1/source/main.o
                0x0000000008002738                main
 .text.init_sinLUT
                0x0000000008002d68       0x64 build/debug_STM32F1/source/sin_lut.o
                0x0000000008002d68                init_sinLUT
 .text.sin_LUT_double
                0x0000000008002dcc       0x44 build/debug_STM32F1/source/sin_lut.o
                0x0000000008002dcc                sin_LUT_double
 .text.sin_LUT_float
                0x0000000008002e10       0x40 build/debug_STM32F1/source/sin_lut.o
                0x0000000008002e10                sin_LUT_float
 .text.sin_LUT_fixedPoint
                0x0000000008002e50       0x10 build/debug_STM32F1/source/sin_lut.o
                0x0000000008002e50                sin_LUT_fixedPoint
 .text.MX_GPIO_Init
                0x0000000008002e60       0x78 build/debug_STM32F1/hardware/source/STM32F1/source/STM32F1.o
 .text.SystemClock_Config
                0x0000000008002ed8       0x54 build/debug_STM32F1/hardware/source/STM32F1/source/STM32F1.o
                0x0000000008002ed8                SystemClock_Config
 .text.initHardware
                0x0000000008002f2c       0x16 build/debug_STM32F1/hardware/source/STM32F1/source/STM32F1.o
                0x0000000008002f2c                initHardware
 *fill*         0x0000000008002f42        0x2 
 .text.assert_failed
                0x0000000008002f44       0x24 build/debug_STM32F1/hardware/source/STM32F1/source/STM32F1.o
                0x0000000008002f44                assert_failed
 .text.systemTime_create
                0x0000000008002f68       0x1c build/debug_STM32F1/hardware/source/STM32F1/source/STM32F1.o
                0x0000000008002f68                systemTime_create
 *fill*         0x0000000008002f84        0x4 
 .text.getSystemTime
                0x0000000008002f88       0x7c build/debug_STM32F1/hardware/source/STM32F1/source/STM32F1.o
                0x0000000008002f88                getSystemTime
 *fill*         0x0000000008003004        0x4 
 .text.elapsedSystemTime_ns
                0x0000000008003008       0x98 build/debug_STM32F1/hardware/source/STM32F1/source/STM32F1.o
                0x0000000008003008                elapsedSystemTime_ns
 .text.systemTimeDiff_ns
                0x00000000080030a0       0x38 build/debug_STM32F1/hardware/source/STM32F1/source/STM32F1.o
                0x00000000080030a0                systemTimeDiff_ns
 .text.printResults_CUT
                0x00000000080030d8       0x14 build/debug_STM32F1/hardware/source/STM32F1/source/STM32F1.o
                0x00000000080030d8                printResults_CUT
 .text.HAL_MspInit
                0x00000000080030ec       0x44 build/debug_STM32F1/hardware/source/STM32F1/source/stm32f1xx_hal_msp.o
                0x00000000080030ec                HAL_MspInit
 .text.NMI_Handler
                0x0000000008003130        0x2 build/debug_STM32F1/hardware/source/STM32F1/source/stm32f1xx_it.o
                0x0000000008003130                NMI_Handler
 .text.HardFault_Handler
                0x0000000008003132        0x2 build/debug_STM32F1/hardware/source/STM32F1/source/stm32f1xx_it.o
                0x0000000008003132                HardFault_Handler
 .text.MemManage_Handler
                0x0000000008003134        0x2 build/debug_STM32F1/hardware/source/STM32F1/source/stm32f1xx_it.o
                0x0000000008003134                MemManage_Handler
 .text.BusFault_Handler
                0x0000000008003136        0x2 build/debug_STM32F1/hardware/source/STM32F1/source/stm32f1xx_it.o
                0x0000000008003136                BusFault_Handler
 .text.UsageFault_Handler
                0x0000000008003138        0x2 build/debug_STM32F1/hardware/source/STM32F1/source/stm32f1xx_it.o
                0x0000000008003138                UsageFault_Handler
 .text.SVC_Handler
                0x000000000800313a        0x2 build/debug_STM32F1/hardware/source/STM32F1/source/stm32f1xx_it.o
                0x000000000800313a                SVC_Handler
 .text.DebugMon_Handler
                0x000000000800313c        0x2 build/debug_STM32F1/hardware/source/STM32F1/source/stm32f1xx_it.o
                0x000000000800313c                DebugMon_Handler
 .text.PendSV_Handler
                0x000000000800313e        0x2 build/debug_STM32F1/hardware/source/STM32F1/source/stm32f1xx_it.o
                0x000000000800313e                PendSV_Handler
 .text.SysTick_Handler
                0x0000000008003140        0x8 build/debug_STM32F1/hardware/source/STM32F1/source/stm32f1xx_it.o
                0x0000000008003140                SysTick_Handler
 .text.SystemInit
                0x0000000008003148       0x4c build/debug_STM32F1/hardware/source/STM32F1/source/system_stm32f1xx.o
                0x0000000008003148                SystemInit
 .text.SystemCoreClockUpdate
                0x0000000008003194       0x94 build/debug_STM32F1/hardware/source/STM32F1/source/system_stm32f1xx.o
                0x0000000008003194                SystemCoreClockUpdate
 .text.HAL_InitTick
                0x0000000008003228       0x4c build/debug_STM32F1/libraries/STM32CubeF1/STM32F1xx_HAL_Driver/Src/stm32f1xx_hal.o
                0x0000000008003228                HAL_InitTick
 .text.HAL_Init
                0x0000000008003274       0x24 build/debug_STM32F1/libraries/STM32CubeF1/STM32F1xx_HAL_Driver/Src/stm32f1xx_hal.o
                0x0000000008003274                HAL_Init
 .text.HAL_IncTick
                0x0000000008003298       0x18 build/debug_STM32F1/libraries/STM32CubeF1/STM32F1xx_HAL_Driver/Src/stm32f1xx_hal.o
                0x0000000008003298                HAL_IncTick
 .text.HAL_GetTick
                0x00000000080032b0        0xc build/debug_STM32F1/libraries/STM32CubeF1/STM32F1xx_HAL_Driver/Src/stm32f1xx_hal.o
                0x00000000080032b0                HAL_GetTick
 .text.RCC_Delay
                0x00000000080032bc       0x2c build/debug_STM32F1/libraries/STM32CubeF1/STM32F1xx_HAL_Driver/Src/stm32f1xx_hal_rcc.o
 .text.HAL_RCC_OscConfig
                0x00000000080032e8      0x410 build/debug_STM32F1/libraries/STM32CubeF1/STM32F1xx_HAL_Driver/Src/stm32f1xx_hal_rcc.o
                0x00000000080032e8                HAL_RCC_OscConfig
 .text.HAL_RCC_GetSysClockFreq
                0x00000000080036f8       0x6c build/debug_STM32F1/libraries/STM32CubeF1/STM32F1xx_HAL_Driver/Src/stm32f1xx_hal_rcc.o
                0x00000000080036f8                HAL_RCC_GetSysClockFreq
 .text.HAL_RCC_ClockConfig
                0x0000000008003764      0x168 build/debug_STM32F1/libraries/STM32CubeF1/STM32F1xx_HAL_Driver/Src/stm32f1xx_hal_rcc.o
                0x0000000008003764                HAL_RCC_ClockConfig
 .text.HAL_GPIO_Init
                0x00000000080038cc      0x1f0 build/debug_STM32F1/libraries/STM32CubeF1/STM32F1xx_HAL_Driver/Src/stm32f1xx_hal_gpio.o
                0x00000000080038cc                HAL_GPIO_Init
 .text.HAL_GPIO_WritePin
                0x0000000008003abc        0xc build/debug_STM32F1/libraries/STM32CubeF1/STM32F1xx_HAL_Driver/Src/stm32f1xx_hal_gpio.o
                0x0000000008003abc                HAL_GPIO_WritePin
 .text.HAL_NVIC_SetPriorityGrouping
                0x0000000008003ac8       0x24 build/debug_STM32F1/libraries/STM32CubeF1/STM32F1xx_HAL_Driver/Src/stm32f1xx_hal_cortex.o
                0x0000000008003ac8                HAL_NVIC_SetPriorityGrouping
 .text.HAL_NVIC_SetPriority
                0x0000000008003aec       0x64 build/debug_STM32F1/libraries/STM32CubeF1/STM32F1xx_HAL_Driver/Src/stm32f1xx_hal_cortex.o
                0x0000000008003aec                HAL_NVIC_SetPriority
 .text.HAL_SYSTICK_Config
                0x0000000008003b50       0x2c build/debug_STM32F1/libraries/STM32CubeF1/STM32F1xx_HAL_Driver/Src/stm32f1xx_hal_cortex.o
                0x0000000008003b50                HAL_SYSTICK_Config
 .text.Reset_Handler
                0x0000000008003b7c       0x48 build/debug_STM32F1/hardware/source/STM32F1/source/startup_stm32f103xb.o
                0x0000000008003b7c                Reset_Handler
 .text.Default_Handler
                0x0000000008003bc4        0x2 build/debug_STM32F1/hardware/source/STM32F1/source/startup_stm32f103xb.o
                0x0000000008003bc4                RTC_Alarm_IRQHandler
                0x0000000008003bc4                EXTI2_IRQHandler
                0x0000000008003bc4                TIM1_CC_IRQHandler
                0x0000000008003bc4                PVD_IRQHandler
                0x0000000008003bc4                EXTI3_IRQHandler
                0x0000000008003bc4                EXTI0_IRQHandler
                0x0000000008003bc4                I2C2_EV_IRQHandler
                0x0000000008003bc4                ADC1_2_IRQHandler
                0x0000000008003bc4                SPI1_IRQHandler
                0x0000000008003bc4                TAMPER_IRQHandler
                0x0000000008003bc4                DMA1_Channel4_IRQHandler
                0x0000000008003bc4                USART3_IRQHandler
                0x0000000008003bc4                RTC_IRQHandler
                0x0000000008003bc4                DMA1_Channel7_IRQHandler
                0x0000000008003bc4                CAN1_RX1_IRQHandler
                0x0000000008003bc4                TIM4_IRQHandler
                0x0000000008003bc4                I2C1_EV_IRQHandler
                0x0000000008003bc4                DMA1_Channel6_IRQHandler
                0x0000000008003bc4                TIM3_IRQHandler
                0x0000000008003bc4                RCC_IRQHandler
                0x0000000008003bc4                TIM1_TRG_COM_IRQHandler
                0x0000000008003bc4                DMA1_Channel1_IRQHandler
                0x0000000008003bc4                Default_Handler
                0x0000000008003bc4                EXTI15_10_IRQHandler
                0x0000000008003bc4                EXTI9_5_IRQHandler
                0x0000000008003bc4                SPI2_IRQHandler
                0x0000000008003bc4                DMA1_Channel5_IRQHandler
                0x0000000008003bc4                EXTI4_IRQHandler
                0x0000000008003bc4                USB_LP_CAN1_RX0_IRQHandler
                0x0000000008003bc4                USB_HP_CAN1_TX_IRQHandler
                0x0000000008003bc4                DMA1_Channel3_IRQHandler
                0x0000000008003bc4                TIM1_UP_IRQHandler
                0x0000000008003bc4                WWDG_IRQHandler
                0x0000000008003bc4                TIM2_IRQHandler
                0x0000000008003bc4                TIM1_BRK_IRQHandler
                0x0000000008003bc4                EXTI1_IRQHandler
                0x0000000008003bc4                USART2_IRQHandler
                0x0000000008003bc4                I2C2_ER_IRQHandler
                0x0000000008003bc4                DMA1_Channel2_IRQHandler
                0x0000000008003bc4                CAN1_SCE_IRQHandler
                0x0000000008003bc4                FLASH_IRQHandler
                0x0000000008003bc4                USART1_IRQHandler
                0x0000000008003bc4                I2C1_ER_IRQHandler
                0x0000000008003bc4                USBWakeUp_IRQHandler
 *(.glue_7)
 .glue_7        0x0000000008003bc6        0x0 linker stubs
 *(.glue_7t)
 .glue_7t       0x0000000008003bc6        0x0 linker stubs
 *(.eh_frame)
 *fill*         0x0000000008003bc6        0x2 
 .eh_frame      0x0000000008003bc8        0x0 /usr/lib/gcc/arm-none-eabi/6.3.1/thumb/v7-m/crtbegin.o
 *(.init)
 .init          0x0000000008003bc8        0x4 /usr/lib/gcc/arm-none-eabi/6.3.1/thumb/v7-m/crti.o
                0x0000000008003bc8                _init
 .init          0x0000000008003bcc        0x8 /usr/lib/gcc/arm-none-eabi/6.3.1/thumb/v7-m/crtn.o
 *(.fini)
 .fini          0x0000000008003bd4        0x4 /usr/lib/gcc/arm-none-eabi/6.3.1/thumb/v7-m/crti.o
                0x0000000008003bd4                _fini
 .fini          0x0000000008003bd8        0x8 /usr/lib/gcc/arm-none-eabi/6.3.1/thumb/v7-m/crtn.o
                0x0000000008003be0                . = ALIGN (0x4)
                0x0000000008003be0                _etext = .

.vfp11_veneer   0x0000000008003be0        0x0
 .vfp11_veneer  0x0000000008003be0        0x0 linker stubs

.v4_bx          0x0000000008003be0        0x0
 .v4_bx         0x0000000008003be0        0x0 linker stubs

.iplt           0x0000000008003be0        0x0
 .iplt          0x0000000008003be0        0x0 /usr/lib/gcc/arm-none-eabi/6.3.1/thumb/v7-m/crtbegin.o

.rodata         0x0000000008003be0      0x358
                0x0000000008003be0                . = ALIGN (0x4)
 *(.rodata)
 .rodata        0x0000000008003be0      0x148 build/debug_STM32F1/source/main.o
 .rodata        0x0000000008003d28       0x12 build/debug_STM32F1/libraries/STM32CubeF1/STM32F1xx_HAL_Driver/Src/stm32f1xx_hal_rcc.o
 *fill*         0x0000000008003d3a        0x2 
 .rodata        0x0000000008003d3c      0x188 /usr/lib/gcc/arm-none-eabi/6.3.1/../../../arm-none-eabi/lib/thumb/v7-m/libm.a(lib_a-e_rem_pio2.o)
 *fill*         0x0000000008003ec4        0x4 
 .rodata        0x0000000008003ec8       0x50 /usr/lib/gcc/arm-none-eabi/6.3.1/../../../arm-none-eabi/lib/thumb/v7-m/libm.a(lib_a-k_rem_pio2.o)
 *(.rodata*)
 .rodata.systemTime_create.str1.4
                0x0000000008003f18        0xa build/debug_STM32F1/hardware/source/STM32F1/source/STM32F1.o
 *fill*         0x0000000008003f22        0x2 
 .rodata.AHBPrescTable
                0x0000000008003f24       0x10 build/debug_STM32F1/hardware/source/STM32F1/source/system_stm32f1xx.o
                0x0000000008003f24                AHBPrescTable
 .rodata.str1.4
                0x0000000008003f34        0x4 /usr/lib/gcc/arm-none-eabi/6.3.1/../../../arm-none-eabi/lib/thumb/v7-m/libc_nano.a(lib_a-impure.o)
                                          0x2 (size before relaxing)
                0x0000000008003f38                . = ALIGN (0x4)

.rel.dyn        0x0000000008003f38        0x0
 .rel.iplt      0x0000000008003f38        0x0 /usr/lib/gcc/arm-none-eabi/6.3.1/thumb/v7-m/crtbegin.o

.ARM.extab
 *(.ARM.extab* .gnu.linkonce.armextab.*)

.ARM            0x0000000008003f38        0x0
                0x0000000008003f38                __exidx_start = .
 *(.ARM.exidx*)
                0x0000000008003f38                __exidx_end = .

.preinit_array  0x0000000008003f38        0x0
                0x0000000008003f38                PROVIDE (__preinit_array_start, .)
 *(.preinit_array*)
                0x0000000008003f38                PROVIDE (__preinit_array_end, .)

.init_array     0x0000000008003f38        0x4
                0x0000000008003f38                PROVIDE (__init_array_start, .)
 *(SORT(.init_array.*))
 *(.init_array*)
 .init_array    0x0000000008003f38        0x4 /usr/lib/gcc/arm-none-eabi/6.3.1/thumb/v7-m/crtbegin.o
                0x0000000008003f3c                PROVIDE (__init_array_end, .)

.fini_array     0x0000000008003f3c        0x4
                0x0000000008003f3c                PROVIDE (__fini_array_start, .)
 *(SORT(.fini_array.*))
 *(.fini_array*)
 .fini_array    0x0000000008003f3c        0x4 /usr/lib/gcc/arm-none-eabi/6.3.1/thumb/v7-m/crtbegin.o
                0x0000000008003f40                PROVIDE (__fini_array_end, .)
                0x0000000008003f40                _sidata = LOADADDR (.data)

.data           0x0000000020000000       0x74 load address 0x0000000008003f40
                0x0000000020000000                . = ALIGN (0x4)
                0x0000000020000000                _sdata = .
 *(.data)
 .data          0x0000000020000000       0x64 /usr/lib/gcc/arm-none-eabi/6.3.1/../../../arm-none-eabi/lib/thumb/v7-m/libc_nano.a(lib_a-impure.o)
                0x0000000020000000                _impure_ptr
 *(.data*)
 .data.testIterations
                0x0000000020000064        0x4 build/debug_STM32F1/source/main.o
                0x0000000020000064                testIterations
 .data.SystemCoreClock
                0x0000000020000068        0x4 build/debug_STM32F1/hardware/source/STM32F1/source/system_stm32f1xx.o
                0x0000000020000068                SystemCoreClock
 .data.uwTickFreq
                0x000000002000006c        0x1 build/debug_STM32F1/libraries/STM32CubeF1/STM32F1xx_HAL_Driver/Src/stm32f1xx_hal.o
                0x000000002000006c                uwTickFreq
 *fill*         0x000000002000006d        0x3 
 .data.uwTickPrio
                0x0000000020000070        0x4 build/debug_STM32F1/libraries/STM32CubeF1/STM32F1xx_HAL_Driver/Src/stm32f1xx_hal.o
                0x0000000020000070                uwTickPrio
                0x0000000020000074                . = ALIGN (0x4)
                0x0000000020000074                _edata = .

.jcr            0x0000000020000074        0x0 load address 0x0000000008003fb4
 .jcr           0x0000000020000074        0x0 /usr/lib/gcc/arm-none-eabi/6.3.1/thumb/v7-m/crtbegin.o

.tm_clone_table
                0x0000000020000074        0x0 load address 0x0000000008003fb4
 .tm_clone_table
                0x0000000020000074        0x0 /usr/lib/gcc/arm-none-eabi/6.3.1/thumb/v7-m/crtbegin.o
 .tm_clone_table
                0x0000000020000074        0x0 /usr/lib/gcc/arm-none-eabi/6.3.1/thumb/v7-m/crtend.o

.igot.plt       0x0000000020000074        0x0 load address 0x0000000008003fb4
 .igot.plt      0x0000000020000074        0x0 /usr/lib/gcc/arm-none-eabi/6.3.1/thumb/v7-m/crtbegin.o
                0x0000000020000074                . = ALIGN (0x4)

.bss            0x0000000020000078     0x1950 load address 0x0000000008003fb4
                0x0000000020000078                _sbss = .
                0x0000000020000078                __bss_start__ = _sbss
 *(.bss)
 .bss           0x0000000020000078       0x1c /usr/lib/gcc/arm-none-eabi/6.3.1/thumb/v7-m/crtbegin.o
 .bss           0x0000000020000094        0x8 /usr/lib/gcc/arm-none-eabi/6.3.1/../../../arm-none-eabi/lib/thumb/v7-m/libc_nano.a(lib_a-nano-mallocr.o)
                0x0000000020000094                __malloc_free_list
                0x0000000020000098                __malloc_sbrk_start
 .bss           0x000000002000009c        0x4 /usr/lib/gcc/arm-none-eabi/6.3.1/../../../arm-none-eabi/lib/thumb/v7-m/libnosys.a(sbrk.o)
 *(.bss*)
 .bss.sinTable_double
                0x00000000200000a0      0xc90 build/debug_STM32F1/source/sin_lut.o
 .bss.sinTable_fixedPoint
                0x0000000020000d30      0x648 build/debug_STM32F1/source/sin_lut.o
 .bss.sinTable_float
                0x0000000020001378      0x648 build/debug_STM32F1/source/sin_lut.o
 *(COMMON)
 COMMON         0x00000000200019c0        0x4 build/debug_STM32F1/libraries/STM32CubeF1/STM32F1xx_HAL_Driver/Src/stm32f1xx_hal.o
                0x00000000200019c0                uwTick
 COMMON         0x00000000200019c4        0x4 /usr/lib/gcc/arm-none-eabi/6.3.1/../../../arm-none-eabi/lib/thumb/v7-m/libc_nano.a(lib_a-reent.o)
                0x00000000200019c4                errno
                0x00000000200019c8                . = ALIGN (0x4)
                0x00000000200019c8                _ebss = .
                0x00000000200019c8                __bss_end__ = _ebss

._user_heap_stack
                0x00000000200019c8      0x600 load address 0x0000000008003fb4
                0x00000000200019c8                . = ALIGN (0x8)
                0x00000000200019c8                PROVIDE (end, .)
                [!provide]                        PROVIDE (_end, .)
                0x0000000020001bc8                . = (. + _Min_Heap_Size)
 *fill*         0x00000000200019c8      0x200 
                0x0000000020001fc8                . = (. + _Min_Stack_Size)
 *fill*         0x0000000020001bc8      0x400 
                0x0000000020001fc8                . = ALIGN (0x8)

/DISCARD/
 libc.a(*)
 libm.a(*)
 libgcc.a(*)

.ARM.attributes
                0x0000000000000000       0x29
 *(.ARM.attributes)
 .ARM.attributes
                0x0000000000000000       0x1d /usr/lib/gcc/arm-none-eabi/6.3.1/thumb/v7-m/crti.o
 .ARM.attributes
                0x000000000000001d       0x2d /usr/lib/gcc/arm-none-eabi/6.3.1/thumb/v7-m/crtbegin.o
 .ARM.attributes
                0x000000000000004a       0x33 build/debug_STM32F1/source/main.o
 .ARM.attributes
                0x000000000000007d       0x33 build/debug_STM32F1/source/sin_lut.o
 .ARM.attributes
                0x00000000000000b0       0x33 build/debug_STM32F1/hardware/source/STM32F1/source/STM32F1.o
 .ARM.attributes
                0x00000000000000e3       0x33 build/debug_STM32F1/hardware/source/STM32F1/source/stm32f1xx_hal_msp.o
 .ARM.attributes
                0x0000000000000116       0x33 build/debug_STM32F1/hardware/source/STM32F1/source/stm32f1xx_it.o
 .ARM.attributes
                0x0000000000000149       0x33 build/debug_STM32F1/hardware/source/STM32F1/source/system_stm32f1xx.o
 .ARM.attributes
                0x000000000000017c       0x33 build/debug_STM32F1/libraries/STM32CubeF1/STM32F1xx_HAL_Driver/Src/stm32f1xx_hal.o
 .ARM.attributes
                0x00000000000001af       0x33 build/debug_STM32F1/libraries/STM32CubeF1/STM32F1xx_HAL_Driver/Src/stm32f1xx_hal_rcc.o
 .ARM.attributes
                0x00000000000001e2       0x33 build/debug_STM32F1/libraries/STM32CubeF1/STM32F1xx_HAL_Driver/Src/stm32f1xx_hal_gpio.o
 .ARM.attributes
                0x0000000000000215       0x33 build/debug_STM32F1/libraries/STM32CubeF1/STM32F1xx_HAL_Driver/Src/stm32f1xx_hal_cortex.o
 .ARM.attributes
                0x0000000000000248       0x21 build/debug_STM32F1/hardware/source/STM32F1/source/startup_stm32f103xb.o
 .ARM.attributes
                0x0000000000000269       0x2d /usr/lib/gcc/arm-none-eabi/6.3.1/../../../arm-none-eabi/lib/thumb/v7-m/libm.a(lib_a-s_sin.o)
 .ARM.attributes
                0x0000000000000296       0x2d /usr/lib/gcc/arm-none-eabi/6.3.1/../../../arm-none-eabi/lib/thumb/v7-m/libm.a(lib_a-e_rem_pio2.o)
 .ARM.attributes
                0x00000000000002c3       0x2d /usr/lib/gcc/arm-none-eabi/6.3.1/../../../arm-none-eabi/lib/thumb/v7-m/libm.a(lib_a-k_cos.o)
 .ARM.attributes
                0x00000000000002f0       0x2d /usr/lib/gcc/arm-none-eabi/6.3.1/../../../arm-none-eabi/lib/thumb/v7-m/libm.a(lib_a-k_rem_pio2.o)
 .ARM.attributes
                0x000000000000031d       0x2d /usr/lib/gcc/arm-none-eabi/6.3.1/../../../arm-none-eabi/lib/thumb/v7-m/libm.a(lib_a-k_sin.o)
 .ARM.attributes
                0x000000000000034a       0x2d /usr/lib/gcc/arm-none-eabi/6.3.1/../../../arm-none-eabi/lib/thumb/v7-m/libm.a(lib_a-s_fabs.o)
 .ARM.attributes
                0x0000000000000377       0x2d /usr/lib/gcc/arm-none-eabi/6.3.1/../../../arm-none-eabi/lib/thumb/v7-m/libm.a(lib_a-s_floor.o)
 .ARM.attributes
                0x00000000000003a4       0x2d /usr/lib/gcc/arm-none-eabi/6.3.1/../../../arm-none-eabi/lib/thumb/v7-m/libm.a(lib_a-s_scalbn.o)
 .ARM.attributes
                0x00000000000003d1       0x2d /usr/lib/gcc/arm-none-eabi/6.3.1/../../../arm-none-eabi/lib/thumb/v7-m/libm.a(lib_a-s_copysign.o)
 .ARM.attributes
                0x00000000000003fe       0x2d /usr/lib/gcc/arm-none-eabi/6.3.1/../../../arm-none-eabi/lib/thumb/v7-m/libc_nano.a(lib_a-calloc.o)
 .ARM.attributes
                0x000000000000042b       0x2d /usr/lib/gcc/arm-none-eabi/6.3.1/../../../arm-none-eabi/lib/thumb/v7-m/libc_nano.a(lib_a-impure.o)
 .ARM.attributes
                0x0000000000000458       0x2d /usr/lib/gcc/arm-none-eabi/6.3.1/../../../arm-none-eabi/lib/thumb/v7-m/libc_nano.a(lib_a-init.o)
 .ARM.attributes
                0x0000000000000485       0x2d /usr/lib/gcc/arm-none-eabi/6.3.1/../../../arm-none-eabi/lib/thumb/v7-m/libc_nano.a(lib_a-memset.o)
 .ARM.attributes
                0x00000000000004b2       0x2d /usr/lib/gcc/arm-none-eabi/6.3.1/../../../arm-none-eabi/lib/thumb/v7-m/libc_nano.a(lib_a-nano-callocr.o)
 .ARM.attributes
                0x00000000000004df       0x2d /usr/lib/gcc/arm-none-eabi/6.3.1/../../../arm-none-eabi/lib/thumb/v7-m/libc_nano.a(lib_a-nano-mallocr.o)
 .ARM.attributes
                0x000000000000050c       0x2d /usr/lib/gcc/arm-none-eabi/6.3.1/../../../arm-none-eabi/lib/thumb/v7-m/libc_nano.a(lib_a-rand.o)
 .ARM.attributes
                0x0000000000000539       0x2d /usr/lib/gcc/arm-none-eabi/6.3.1/../../../arm-none-eabi/lib/thumb/v7-m/libc_nano.a(lib_a-sbrkr.o)
 .ARM.attributes
                0x0000000000000566       0x2d /usr/lib/gcc/arm-none-eabi/6.3.1/../../../arm-none-eabi/lib/thumb/v7-m/libc_nano.a(lib_a-malloc.o)
 .ARM.attributes
                0x0000000000000593       0x2d /usr/lib/gcc/arm-none-eabi/6.3.1/../../../arm-none-eabi/lib/thumb/v7-m/libc_nano.a(lib_a-nano-freer.o)
 .ARM.attributes
                0x00000000000005c0       0x2d /usr/lib/gcc/arm-none-eabi/6.3.1/../../../arm-none-eabi/lib/thumb/v7-m/libc_nano.a(lib_a-reent.o)
 .ARM.attributes
                0x00000000000005ed       0x2d /usr/lib/gcc/arm-none-eabi/6.3.1/../../../arm-none-eabi/lib/thumb/v7-m/libnosys.a(sbrk.o)
 .ARM.attributes
                0x000000000000061a       0x1d /usr/lib/gcc/arm-none-eabi/6.3.1/thumb/v7-m/libgcc.a(_arm_addsubdf3.o)
 .ARM.attributes
                0x0000000000000637       0x1d /usr/lib/gcc/arm-none-eabi/6.3.1/thumb/v7-m/libgcc.a(_arm_muldivdf3.o)
 .ARM.attributes
                0x0000000000000654       0x1d /usr/lib/gcc/arm-none-eabi/6.3.1/thumb/v7-m/libgcc.a(_arm_cmpdf2.o)
 .ARM.attributes
                0x0000000000000671       0x1d /usr/lib/gcc/arm-none-eabi/6.3.1/thumb/v7-m/libgcc.a(_arm_fixdfsi.o)
 .ARM.attributes
                0x000000000000068e       0x1d /usr/lib/gcc/arm-none-eabi/6.3.1/thumb/v7-m/libgcc.a(_arm_fixunsdfsi.o)
 .ARM.attributes
                0x00000000000006ab       0x1d /usr/lib/gcc/arm-none-eabi/6.3.1/thumb/v7-m/libgcc.a(_arm_truncdfsf2.o)
 .ARM.attributes
                0x00000000000006c8       0x1d /usr/lib/gcc/arm-none-eabi/6.3.1/thumb/v7-m/libgcc.a(_arm_addsubsf3.o)
 .ARM.attributes
                0x00000000000006e5       0x1d /usr/lib/gcc/arm-none-eabi/6.3.1/thumb/v7-m/libgcc.a(_arm_muldivsf3.o)
 .ARM.attributes
                0x0000000000000702       0x2d /usr/lib/gcc/arm-none-eabi/6.3.1/thumb/v7-m/crtend.o
 .ARM.attributes
                0x000000000000072f       0x1d /usr/lib/gcc/arm-none-eabi/6.3.1/thumb/v7-m/crtn.o
OUTPUT(build/debug_STM32F1/debug.elf elf32-littlearm)

.comment        0x0000000000000000       0x31
 .comment       0x0000000000000000       0x31 /usr/lib/gcc/arm-none-eabi/6.3.1/thumb/v7-m/crtbegin.o
                                         0x32 (size before relaxing)
 .comment       0x0000000000000031       0x32 build/debug_STM32F1/source/main.o
 .comment       0x0000000000000031       0x32 build/debug_STM32F1/source/sin_lut.o
 .comment       0x0000000000000031       0x32 build/debug_STM32F1/hardware/source/STM32F1/source/STM32F1.o
 .comment       0x0000000000000031       0x32 build/debug_STM32F1/hardware/source/STM32F1/source/stm32f1xx_hal_msp.o
 .comment       0x0000000000000031       0x32 build/debug_STM32F1/hardware/source/STM32F1/source/stm32f1xx_it.o
 .comment       0x0000000000000031       0x32 build/debug_STM32F1/hardware/source/STM32F1/source/system_stm32f1xx.o
 .comment       0x0000000000000031       0x32 build/debug_STM32F1/libraries/STM32CubeF1/STM32F1xx_HAL_Driver/Src/stm32f1xx_hal.o
 .comment       0x0000000000000031       0x32 build/debug_STM32F1/libraries/STM32CubeF1/STM32F1xx_HAL_Driver/Src/stm32f1xx_hal_rcc.o
 .comment       0x0000000000000031       0x32 build/debug_STM32F1/libraries/STM32CubeF1/STM32F1xx_HAL_Driver/Src/stm32f1xx_hal_gpio.o
 .comment       0x0000000000000031       0x32 build/debug_STM32F1/libraries/STM32CubeF1/STM32F1xx_HAL_Driver/Src/stm32f1xx_hal_cortex.o
 .comment       0x0000000000000031       0x32 /usr/lib/gcc/arm-none-eabi/6.3.1/../../../arm-none-eabi/lib/thumb/v7-m/libm.a(lib_a-s_sin.o)
 .comment       0x0000000000000031       0x32 /usr/lib/gcc/arm-none-eabi/6.3.1/../../../arm-none-eabi/lib/thumb/v7-m/libm.a(lib_a-e_rem_pio2.o)
 .comment       0x0000000000000031       0x32 /usr/lib/gcc/arm-none-eabi/6.3.1/../../../arm-none-eabi/lib/thumb/v7-m/libm.a(lib_a-k_cos.o)
 .comment       0x0000000000000031       0x32 /usr/lib/gcc/arm-none-eabi/6.3.1/../../../arm-none-eabi/lib/thumb/v7-m/libm.a(lib_a-k_rem_pio2.o)
 .comment       0x0000000000000031       0x32 /usr/lib/gcc/arm-none-eabi/6.3.1/../../../arm-none-eabi/lib/thumb/v7-m/libm.a(lib_a-k_sin.o)
 .comment       0x0000000000000031       0x32 /usr/lib/gcc/arm-none-eabi/6.3.1/../../../arm-none-eabi/lib/thumb/v7-m/libm.a(lib_a-s_fabs.o)
 .comment       0x0000000000000031       0x32 /usr/lib/gcc/arm-none-eabi/6.3.1/../../../arm-none-eabi/lib/thumb/v7-m/libm.a(lib_a-s_floor.o)
 .comment       0x0000000000000031       0x32 /usr/lib/gcc/arm-none-eabi/6.3.1/../../../arm-none-eabi/lib/thumb/v7-m/libm.a(lib_a-s_scalbn.o)
 .comment       0x0000000000000031       0x32 /usr/lib/gcc/arm-none-eabi/6.3.1/../../../arm-none-eabi/lib/thumb/v7-m/libm.a(lib_a-s_copysign.o)
 .comment       0x0000000000000031       0x32 /usr/lib/gcc/arm-none-eabi/6.3.1/../../../arm-none-eabi/lib/thumb/v7-m/libc_nano.a(lib_a-calloc.o)
 .comment       0x0000000000000031       0x32 /usr/lib/gcc/arm-none-eabi/6.3.1/../../../arm-none-eabi/lib/thumb/v7-m/libc_nano.a(lib_a-impure.o)
 .comment       0x0000000000000031       0x32 /usr/lib/gcc/arm-none-eabi/6.3.1/../../../arm-none-eabi/lib/thumb/v7-m/libc_nano.a(lib_a-init.o)
 .comment       0x0000000000000031       0x32 /usr/lib/gcc/arm-none-eabi/6.3.1/../../../arm-none-eabi/lib/thumb/v7-m/libc_nano.a(lib_a-memset.o)
 .comment       0x0000000000000031       0x32 /usr/lib/gcc/arm-none-eabi/6.3.1/../../../arm-none-eabi/lib/thumb/v7-m/libc_nano.a(lib_a-nano-callocr.o)
 .comment       0x0000000000000031       0x32 /usr/lib/gcc/arm-none-eabi/6.3.1/../../../arm-none-eabi/lib/thumb/v7-m/libc_nano.a(lib_a-nano-mallocr.o)
 .comment       0x0000000000000031       0x32 /usr/lib/gcc/arm-none-eabi/6.3.1/../../../arm-none-eabi/lib/thumb/v7-m/libc_nano.a(lib_a-rand.o)
 .comment       0x0000000000000031       0x32 /usr/lib/gcc/arm-none-eabi/6.3.1/../../../arm-none-eabi/lib/thumb/v7-m/libc_nano.a(lib_a-sbrkr.o)
 .comment       0x0000000000000031       0x32 /usr/lib/gcc/arm-none-eabi/6.3.1/../../../arm-none-eabi/lib/thumb/v7-m/libc_nano.a(lib_a-malloc.o)
 .comment       0x0000000000000031       0x32 /usr/lib/gcc/arm-none-eabi/6.3.1/../../../arm-none-eabi/lib/thumb/v7-m/libc_nano.a(lib_a-nano-freer.o)
 .comment       0x0000000000000031       0x32 /usr/lib/gcc/arm-none-eabi/6.3.1/../../../arm-none-eabi/lib/thumb/v7-m/libc_nano.a(lib_a-reent.o)
 .comment       0x0000000000000031       0x32 /usr/lib/gcc/arm-none-eabi/6.3.1/../../../arm-none-eabi/lib/thumb/v7-m/libnosys.a(sbrk.o)
 .comment       0x0000000000000031       0x32 /usr/lib/gcc/arm-none-eabi/6.3.1/thumb/v7-m/crtend.o

.debug_info     0x0000000000000000    0x12193
 .debug_info    0x0000000000000000      0xf16 build/debug_STM32F1/source/main.o
 .debug_info    0x0000000000000f16      0xa9e build/debug_STM32F1/source/sin_lut.o
 .debug_info    0x00000000000019b4     0x129d build/debug_STM32F1/hardware/source/STM32F1/source/STM32F1.o
 .debug_info    0x0000000000002c51      0x2d0 build/debug_STM32F1/hardware/source/STM32F1/source/stm32f1xx_hal_msp.o
 .debug_info    0x0000000000002f21      0x21a build/debug_STM32F1/hardware/source/STM32F1/source/stm32f1xx_it.o
 .debug_info    0x000000000000313b      0x43b build/debug_STM32F1/hardware/source/STM32F1/source/system_stm32f1xx.o
 .debug_info    0x0000000000003576      0x7ad build/debug_STM32F1/libraries/STM32CubeF1/STM32F1xx_HAL_Driver/Src/stm32f1xx_hal.o
 .debug_info    0x0000000000003d23      0x9e7 build/debug_STM32F1/libraries/STM32CubeF1/STM32F1xx_HAL_Driver/Src/stm32f1xx_hal_rcc.o
 .debug_info    0x000000000000470a      0x694 build/debug_STM32F1/libraries/STM32CubeF1/STM32F1xx_HAL_Driver/Src/stm32f1xx_hal_gpio.o
 .debug_info    0x0000000000004d9e      0xcaf build/debug_STM32F1/libraries/STM32CubeF1/STM32F1xx_HAL_Driver/Src/stm32f1xx_hal_cortex.o
 .debug_info    0x0000000000005a4d       0xba build/debug_STM32F1/hardware/source/STM32F1/source/startup_stm32f103xb.o
 .debug_info    0x0000000000005b07      0xa35 /usr/lib/gcc/arm-none-eabi/6.3.1/../../../arm-none-eabi/lib/thumb/v7-m/libm.a(lib_a-s_sin.o)
 .debug_info    0x000000000000653c      0xc2d /usr/lib/gcc/arm-none-eabi/6.3.1/../../../arm-none-eabi/lib/thumb/v7-m/libm.a(lib_a-e_rem_pio2.o)
 .debug_info    0x0000000000007169      0xa68 /usr/lib/gcc/arm-none-eabi/6.3.1/../../../arm-none-eabi/lib/thumb/v7-m/libm.a(lib_a-k_cos.o)
 .debug_info    0x0000000000007bd1      0xb95 /usr/lib/gcc/arm-none-eabi/6.3.1/../../../arm-none-eabi/lib/thumb/v7-m/libm.a(lib_a-k_rem_pio2.o)
 .debug_info    0x0000000000008766      0xa3d /usr/lib/gcc/arm-none-eabi/6.3.1/../../../arm-none-eabi/lib/thumb/v7-m/libm.a(lib_a-k_sin.o)
 .debug_info    0x00000000000091a3      0x986 /usr/lib/gcc/arm-none-eabi/6.3.1/../../../arm-none-eabi/lib/thumb/v7-m/libm.a(lib_a-s_fabs.o)
 .debug_info    0x0000000000009b29      0x9e0 /usr/lib/gcc/arm-none-eabi/6.3.1/../../../arm-none-eabi/lib/thumb/v7-m/libm.a(lib_a-s_floor.o)
 .debug_info    0x000000000000a509      0xa99 /usr/lib/gcc/arm-none-eabi/6.3.1/../../../arm-none-eabi/lib/thumb/v7-m/libm.a(lib_a-s_scalbn.o)
 .debug_info    0x000000000000afa2      0x9ae /usr/lib/gcc/arm-none-eabi/6.3.1/../../../arm-none-eabi/lib/thumb/v7-m/libm.a(lib_a-s_copysign.o)
 .debug_info    0x000000000000b950      0x8f1 /usr/lib/gcc/arm-none-eabi/6.3.1/../../../arm-none-eabi/lib/thumb/v7-m/libc_nano.a(lib_a-calloc.o)
 .debug_info    0x000000000000c241      0x8a0 /usr/lib/gcc/arm-none-eabi/6.3.1/../../../arm-none-eabi/lib/thumb/v7-m/libc_nano.a(lib_a-impure.o)
 .debug_info    0x000000000000cae1      0x110 /usr/lib/gcc/arm-none-eabi/6.3.1/../../../arm-none-eabi/lib/thumb/v7-m/libc_nano.a(lib_a-init.o)
 .debug_info    0x000000000000cbf1      0x916 /usr/lib/gcc/arm-none-eabi/6.3.1/../../../arm-none-eabi/lib/thumb/v7-m/libc_nano.a(lib_a-memset.o)
 .debug_info    0x000000000000d507      0xa49 /usr/lib/gcc/arm-none-eabi/6.3.1/../../../arm-none-eabi/lib/thumb/v7-m/libc_nano.a(lib_a-nano-callocr.o)
 .debug_info    0x000000000000df50      0xb1f /usr/lib/gcc/arm-none-eabi/6.3.1/../../../arm-none-eabi/lib/thumb/v7-m/libc_nano.a(lib_a-nano-mallocr.o)
 .debug_info    0x000000000000ea6f      0x96a /usr/lib/gcc/arm-none-eabi/6.3.1/../../../arm-none-eabi/lib/thumb/v7-m/libc_nano.a(lib_a-rand.o)
 .debug_info    0x000000000000f3d9      0x955 /usr/lib/gcc/arm-none-eabi/6.3.1/../../../arm-none-eabi/lib/thumb/v7-m/libc_nano.a(lib_a-sbrkr.o)
 .debug_info    0x000000000000fd2e      0x91d /usr/lib/gcc/arm-none-eabi/6.3.1/../../../arm-none-eabi/lib/thumb/v7-m/libc_nano.a(lib_a-malloc.o)
 .debug_info    0x000000000001064b      0xa51 /usr/lib/gcc/arm-none-eabi/6.3.1/../../../arm-none-eabi/lib/thumb/v7-m/libc_nano.a(lib_a-nano-freer.o)
 .debug_info    0x000000000001109c      0xa67 /usr/lib/gcc/arm-none-eabi/6.3.1/../../../arm-none-eabi/lib/thumb/v7-m/libc_nano.a(lib_a-reent.o)
 .debug_info    0x0000000000011b03       0x90 /usr/lib/gcc/arm-none-eabi/6.3.1/../../../arm-none-eabi/lib/thumb/v7-m/libnosys.a(sbrk.o)
 .debug_info    0x0000000000011b93       0xc0 /usr/lib/gcc/arm-none-eabi/6.3.1/thumb/v7-m/libgcc.a(_arm_addsubdf3.o)
 .debug_info    0x0000000000011c53       0xc0 /usr/lib/gcc/arm-none-eabi/6.3.1/thumb/v7-m/libgcc.a(_arm_muldivdf3.o)
 .debug_info    0x0000000000011d13       0xc0 /usr/lib/gcc/arm-none-eabi/6.3.1/thumb/v7-m/libgcc.a(_arm_cmpdf2.o)
 .debug_info    0x0000000000011dd3       0xc0 /usr/lib/gcc/arm-none-eabi/6.3.1/thumb/v7-m/libgcc.a(_arm_fixdfsi.o)
 .debug_info    0x0000000000011e93       0xc0 /usr/lib/gcc/arm-none-eabi/6.3.1/thumb/v7-m/libgcc.a(_arm_fixunsdfsi.o)
 .debug_info    0x0000000000011f53       0xc0 /usr/lib/gcc/arm-none-eabi/6.3.1/thumb/v7-m/libgcc.a(_arm_truncdfsf2.o)
 .debug_info    0x0000000000012013       0xc0 /usr/lib/gcc/arm-none-eabi/6.3.1/thumb/v7-m/libgcc.a(_arm_addsubsf3.o)
 .debug_info    0x00000000000120d3       0xc0 /usr/lib/gcc/arm-none-eabi/6.3.1/thumb/v7-m/libgcc.a(_arm_muldivsf3.o)

.debug_abbrev   0x0000000000000000     0x3d0b
 .debug_abbrev  0x0000000000000000      0x291 build/debug_STM32F1/source/main.o
 .debug_abbrev  0x0000000000000291      0x234 build/debug_STM32F1/source/sin_lut.o
 .debug_abbrev  0x00000000000004c5      0x36a build/debug_STM32F1/hardware/source/STM32F1/source/STM32F1.o
 .debug_abbrev  0x000000000000082f      0x107 build/debug_STM32F1/hardware/source/STM32F1/source/stm32f1xx_hal_msp.o
 .debug_abbrev  0x0000000000000936       0xe2 build/debug_STM32F1/hardware/source/STM32F1/source/stm32f1xx_it.o
 .debug_abbrev  0x0000000000000a18      0x132 build/debug_STM32F1/hardware/source/STM32F1/source/system_stm32f1xx.o
 .debug_abbrev  0x0000000000000b4a      0x1fc build/debug_STM32F1/libraries/STM32CubeF1/STM32F1xx_HAL_Driver/Src/stm32f1xx_hal.o
 .debug_abbrev  0x0000000000000d46      0x255 build/debug_STM32F1/libraries/STM32CubeF1/STM32F1xx_HAL_Driver/Src/stm32f1xx_hal_rcc.o
 .debug_abbrev  0x0000000000000f9b      0x1dc build/debug_STM32F1/libraries/STM32CubeF1/STM32F1xx_HAL_Driver/Src/stm32f1xx_hal_gpio.o
 .debug_abbrev  0x0000000000001177      0x301 build/debug_STM32F1/libraries/STM32CubeF1/STM32F1xx_HAL_Driver/Src/stm32f1xx_hal_cortex.o
 .debug_abbrev  0x0000000000001478       0x12 build/debug_STM32F1/hardware/source/STM32F1/source/startup_stm32f103xb.o
 .debug_abbrev  0x000000000000148a      0x253 /usr/lib/gcc/arm-none-eabi/6.3.1/../../../arm-none-eabi/lib/thumb/v7-m/libm.a(lib_a-s_sin.o)
 .debug_abbrev  0x00000000000016dd      0x27f /usr/lib/gcc/arm-none-eabi/6.3.1/../../../arm-none-eabi/lib/thumb/v7-m/libm.a(lib_a-e_rem_pio2.o)
 .debug_abbrev  0x000000000000195c      0x21a /usr/lib/gcc/arm-none-eabi/6.3.1/../../../arm-none-eabi/lib/thumb/v7-m/libm.a(lib_a-k_cos.o)
 .debug_abbrev  0x0000000000001b76      0x288 /usr/lib/gcc/arm-none-eabi/6.3.1/../../../arm-none-eabi/lib/thumb/v7-m/libm.a(lib_a-k_rem_pio2.o)
 .debug_abbrev  0x0000000000001dfe      0x20f /usr/lib/gcc/arm-none-eabi/6.3.1/../../../arm-none-eabi/lib/thumb/v7-m/libm.a(lib_a-k_sin.o)
 .debug_abbrev  0x000000000000200d      0x1fc /usr/lib/gcc/arm-none-eabi/6.3.1/../../../arm-none-eabi/lib/thumb/v7-m/libm.a(lib_a-s_fabs.o)
 .debug_abbrev  0x0000000000002209      0x21c /usr/lib/gcc/arm-none-eabi/6.3.1/../../../arm-none-eabi/lib/thumb/v7-m/libm.a(lib_a-s_floor.o)
 .debug_abbrev  0x0000000000002425      0x255 /usr/lib/gcc/arm-none-eabi/6.3.1/../../../arm-none-eabi/lib/thumb/v7-m/libm.a(lib_a-s_scalbn.o)
 .debug_abbrev  0x000000000000267a      0x227 /usr/lib/gcc/arm-none-eabi/6.3.1/../../../arm-none-eabi/lib/thumb/v7-m/libm.a(lib_a-s_copysign.o)
 .debug_abbrev  0x00000000000028a1      0x1b5 /usr/lib/gcc/arm-none-eabi/6.3.1/../../../arm-none-eabi/lib/thumb/v7-m/libc_nano.a(lib_a-calloc.o)
 .debug_abbrev  0x0000000000002a56      0x153 /usr/lib/gcc/arm-none-eabi/6.3.1/../../../arm-none-eabi/lib/thumb/v7-m/libc_nano.a(lib_a-impure.o)
 .debug_abbrev  0x0000000000002ba9       0xba /usr/lib/gcc/arm-none-eabi/6.3.1/../../../arm-none-eabi/lib/thumb/v7-m/libc_nano.a(lib_a-init.o)
 .debug_abbrev  0x0000000000002c63      0x197 /usr/lib/gcc/arm-none-eabi/6.3.1/../../../arm-none-eabi/lib/thumb/v7-m/libc_nano.a(lib_a-memset.o)
 .debug_abbrev  0x0000000000002dfa      0x1d3 /usr/lib/gcc/arm-none-eabi/6.3.1/../../../arm-none-eabi/lib/thumb/v7-m/libc_nano.a(lib_a-nano-callocr.o)
 .debug_abbrev  0x0000000000002fcd      0x274 /usr/lib/gcc/arm-none-eabi/6.3.1/../../../arm-none-eabi/lib/thumb/v7-m/libc_nano.a(lib_a-nano-mallocr.o)
 .debug_abbrev  0x0000000000003241      0x1eb /usr/lib/gcc/arm-none-eabi/6.3.1/../../../arm-none-eabi/lib/thumb/v7-m/libc_nano.a(lib_a-rand.o)
 .debug_abbrev  0x000000000000342c      0x1d6 /usr/lib/gcc/arm-none-eabi/6.3.1/../../../arm-none-eabi/lib/thumb/v7-m/libc_nano.a(lib_a-sbrkr.o)
 .debug_abbrev  0x0000000000003602      0x1c0 /usr/lib/gcc/arm-none-eabi/6.3.1/../../../arm-none-eabi/lib/thumb/v7-m/libc_nano.a(lib_a-malloc.o)
 .debug_abbrev  0x00000000000037c2      0x1ef /usr/lib/gcc/arm-none-eabi/6.3.1/../../../arm-none-eabi/lib/thumb/v7-m/libc_nano.a(lib_a-nano-freer.o)
 .debug_abbrev  0x00000000000039b1      0x228 /usr/lib/gcc/arm-none-eabi/6.3.1/../../../arm-none-eabi/lib/thumb/v7-m/libc_nano.a(lib_a-reent.o)
 .debug_abbrev  0x0000000000003bd9       0x92 /usr/lib/gcc/arm-none-eabi/6.3.1/../../../arm-none-eabi/lib/thumb/v7-m/libnosys.a(sbrk.o)
 .debug_abbrev  0x0000000000003c6b       0x14 /usr/lib/gcc/arm-none-eabi/6.3.1/thumb/v7-m/libgcc.a(_arm_addsubdf3.o)
 .debug_abbrev  0x0000000000003c7f       0x14 /usr/lib/gcc/arm-none-eabi/6.3.1/thumb/v7-m/libgcc.a(_arm_muldivdf3.o)
 .debug_abbrev  0x0000000000003c93       0x14 /usr/lib/gcc/arm-none-eabi/6.3.1/thumb/v7-m/libgcc.a(_arm_cmpdf2.o)
 .debug_abbrev  0x0000000000003ca7       0x14 /usr/lib/gcc/arm-none-eabi/6.3.1/thumb/v7-m/libgcc.a(_arm_fixdfsi.o)
 .debug_abbrev  0x0000000000003cbb       0x14 /usr/lib/gcc/arm-none-eabi/6.3.1/thumb/v7-m/libgcc.a(_arm_fixunsdfsi.o)
 .debug_abbrev  0x0000000000003ccf       0x14 /usr/lib/gcc/arm-none-eabi/6.3.1/thumb/v7-m/libgcc.a(_arm_truncdfsf2.o)
 .debug_abbrev  0x0000000000003ce3       0x14 /usr/lib/gcc/arm-none-eabi/6.3.1/thumb/v7-m/libgcc.a(_arm_addsubsf3.o)
 .debug_abbrev  0x0000000000003cf7       0x14 /usr/lib/gcc/arm-none-eabi/6.3.1/thumb/v7-m/libgcc.a(_arm_muldivsf3.o)

.debug_loc      0x0000000000000000     0x3ecf
 .debug_loc     0x0000000000000000      0x534 build/debug_STM32F1/source/main.o
 .debug_loc     0x0000000000000534      0x159 build/debug_STM32F1/source/sin_lut.o
 .debug_loc     0x000000000000068d      0x1dd build/debug_STM32F1/hardware/source/STM32F1/source/STM32F1.o
 .debug_loc     0x000000000000086a       0xdf build/debug_STM32F1/hardware/source/STM32F1/source/system_stm32f1xx.o
 .debug_loc     0x0000000000000949      0x104 build/debug_STM32F1/libraries/STM32CubeF1/STM32F1xx_HAL_Driver/Src/stm32f1xx_hal.o
 .debug_loc     0x0000000000000a4d      0x47d build/debug_STM32F1/libraries/STM32CubeF1/STM32F1xx_HAL_Driver/Src/stm32f1xx_hal_rcc.o
 .debug_loc     0x0000000000000eca      0x37c build/debug_STM32F1/libraries/STM32CubeF1/STM32F1xx_HAL_Driver/Src/stm32f1xx_hal_gpio.o
 .debug_loc     0x0000000000001246      0x5f5 build/debug_STM32F1/libraries/STM32CubeF1/STM32F1xx_HAL_Driver/Src/stm32f1xx_hal_cortex.o
 .debug_loc     0x000000000000183b       0xd5 /usr/lib/gcc/arm-none-eabi/6.3.1/../../../arm-none-eabi/lib/thumb/v7-m/libm.a(lib_a-s_sin.o)
 .debug_loc     0x0000000000001910      0x6d2 /usr/lib/gcc/arm-none-eabi/6.3.1/../../../arm-none-eabi/lib/thumb/v7-m/libm.a(lib_a-e_rem_pio2.o)
 .debug_loc     0x0000000000001fe2      0x235 /usr/lib/gcc/arm-none-eabi/6.3.1/../../../arm-none-eabi/lib/thumb/v7-m/libm.a(lib_a-k_cos.o)
 .debug_loc     0x0000000000002217      0xb51 /usr/lib/gcc/arm-none-eabi/6.3.1/../../../arm-none-eabi/lib/thumb/v7-m/libm.a(lib_a-k_rem_pio2.o)
 .debug_loc     0x0000000000002d68      0x158 /usr/lib/gcc/arm-none-eabi/6.3.1/../../../arm-none-eabi/lib/thumb/v7-m/libm.a(lib_a-k_sin.o)
 .debug_loc     0x0000000000002ec0       0x2b /usr/lib/gcc/arm-none-eabi/6.3.1/../../../arm-none-eabi/lib/thumb/v7-m/libm.a(lib_a-s_fabs.o)
 .debug_loc     0x0000000000002eeb      0x355 /usr/lib/gcc/arm-none-eabi/6.3.1/../../../arm-none-eabi/lib/thumb/v7-m/libm.a(lib_a-s_floor.o)
 .debug_loc     0x0000000000003240      0x1f6 /usr/lib/gcc/arm-none-eabi/6.3.1/../../../arm-none-eabi/lib/thumb/v7-m/libm.a(lib_a-s_scalbn.o)
 .debug_loc     0x0000000000003436       0x53 /usr/lib/gcc/arm-none-eabi/6.3.1/../../../arm-none-eabi/lib/thumb/v7-m/libm.a(lib_a-s_copysign.o)
 .debug_loc     0x0000000000003489       0x58 /usr/lib/gcc/arm-none-eabi/6.3.1/../../../arm-none-eabi/lib/thumb/v7-m/libc_nano.a(lib_a-calloc.o)
 .debug_loc     0x00000000000034e1       0xae /usr/lib/gcc/arm-none-eabi/6.3.1/../../../arm-none-eabi/lib/thumb/v7-m/libc_nano.a(lib_a-init.o)
 .debug_loc     0x000000000000358f      0x1bd /usr/lib/gcc/arm-none-eabi/6.3.1/../../../arm-none-eabi/lib/thumb/v7-m/libc_nano.a(lib_a-memset.o)
 .debug_loc     0x000000000000374c       0x81 /usr/lib/gcc/arm-none-eabi/6.3.1/../../../arm-none-eabi/lib/thumb/v7-m/libc_nano.a(lib_a-nano-callocr.o)
 .debug_loc     0x00000000000037cd      0x378 /usr/lib/gcc/arm-none-eabi/6.3.1/../../../arm-none-eabi/lib/thumb/v7-m/libc_nano.a(lib_a-nano-mallocr.o)
 .debug_loc     0x0000000000003b45       0x81 /usr/lib/gcc/arm-none-eabi/6.3.1/../../../arm-none-eabi/lib/thumb/v7-m/libc_nano.a(lib_a-rand.o)
 .debug_loc     0x0000000000003bc6       0x4d /usr/lib/gcc/arm-none-eabi/6.3.1/../../../arm-none-eabi/lib/thumb/v7-m/libc_nano.a(lib_a-sbrkr.o)
 .debug_loc     0x0000000000003c13       0x58 /usr/lib/gcc/arm-none-eabi/6.3.1/../../../arm-none-eabi/lib/thumb/v7-m/libc_nano.a(lib_a-malloc.o)
 .debug_loc     0x0000000000003c6b      0x140 /usr/lib/gcc/arm-none-eabi/6.3.1/../../../arm-none-eabi/lib/thumb/v7-m/libc_nano.a(lib_a-nano-freer.o)
 .debug_loc     0x0000000000003dab       0xec /usr/lib/gcc/arm-none-eabi/6.3.1/../../../arm-none-eabi/lib/thumb/v7-m/libc_nano.a(lib_a-reent.o)
 .debug_loc     0x0000000000003e97       0x38 /usr/lib/gcc/arm-none-eabi/6.3.1/../../../arm-none-eabi/lib/thumb/v7-m/libnosys.a(sbrk.o)

.debug_aranges  0x0000000000000000      0x798
 .debug_aranges
                0x0000000000000000       0x20 build/debug_STM32F1/source/main.o
 .debug_aranges
                0x0000000000000020       0x50 build/debug_STM32F1/source/sin_lut.o
 .debug_aranges
                0x0000000000000070       0x68 build/debug_STM32F1/hardware/source/STM32F1/source/STM32F1.o
 .debug_aranges
                0x00000000000000d8       0x20 build/debug_STM32F1/hardware/source/STM32F1/source/stm32f1xx_hal_msp.o
 .debug_aranges
                0x00000000000000f8       0x60 build/debug_STM32F1/hardware/source/STM32F1/source/stm32f1xx_it.o
 .debug_aranges
                0x0000000000000158       0x28 build/debug_STM32F1/hardware/source/STM32F1/source/system_stm32f1xx.o
 .debug_aranges
                0x0000000000000180       0xe0 build/debug_STM32F1/libraries/STM32CubeF1/STM32F1xx_HAL_Driver/Src/stm32f1xx_hal.o
 .debug_aranges
                0x0000000000000260       0x90 build/debug_STM32F1/libraries/STM32CubeF1/STM32F1xx_HAL_Driver/Src/stm32f1xx_hal_rcc.o
 .debug_aranges
                0x00000000000002f0       0x58 build/debug_STM32F1/libraries/STM32CubeF1/STM32F1xx_HAL_Driver/Src/stm32f1xx_hal_gpio.o
 .debug_aranges
                0x0000000000000348       0x90 build/debug_STM32F1/libraries/STM32CubeF1/STM32F1xx_HAL_Driver/Src/stm32f1xx_hal_cortex.o
 .debug_aranges
                0x00000000000003d8       0x28 build/debug_STM32F1/hardware/source/STM32F1/source/startup_stm32f103xb.o
 .debug_aranges
                0x0000000000000400       0x20 /usr/lib/gcc/arm-none-eabi/6.3.1/../../../arm-none-eabi/lib/thumb/v7-m/libm.a(lib_a-s_sin.o)
 .debug_aranges
                0x0000000000000420       0x20 /usr/lib/gcc/arm-none-eabi/6.3.1/../../../arm-none-eabi/lib/thumb/v7-m/libm.a(lib_a-e_rem_pio2.o)
 .debug_aranges
                0x0000000000000440       0x20 /usr/lib/gcc/arm-none-eabi/6.3.1/../../../arm-none-eabi/lib/thumb/v7-m/libm.a(lib_a-k_cos.o)
 .debug_aranges
                0x0000000000000460       0x20 /usr/lib/gcc/arm-none-eabi/6.3.1/../../../arm-none-eabi/lib/thumb/v7-m/libm.a(lib_a-k_rem_pio2.o)
 .debug_aranges
                0x0000000000000480       0x20 /usr/lib/gcc/arm-none-eabi/6.3.1/../../../arm-none-eabi/lib/thumb/v7-m/libm.a(lib_a-k_sin.o)
 .debug_aranges
                0x00000000000004a0       0x20 /usr/lib/gcc/arm-none-eabi/6.3.1/../../../arm-none-eabi/lib/thumb/v7-m/libm.a(lib_a-s_fabs.o)
 .debug_aranges
                0x00000000000004c0       0x20 /usr/lib/gcc/arm-none-eabi/6.3.1/../../../arm-none-eabi/lib/thumb/v7-m/libm.a(lib_a-s_floor.o)
 .debug_aranges
                0x00000000000004e0       0x20 /usr/lib/gcc/arm-none-eabi/6.3.1/../../../arm-none-eabi/lib/thumb/v7-m/libm.a(lib_a-s_scalbn.o)
 .debug_aranges
                0x0000000000000500       0x20 /usr/lib/gcc/arm-none-eabi/6.3.1/../../../arm-none-eabi/lib/thumb/v7-m/libm.a(lib_a-s_copysign.o)
 .debug_aranges
                0x0000000000000520       0x20 /usr/lib/gcc/arm-none-eabi/6.3.1/../../../arm-none-eabi/lib/thumb/v7-m/libc_nano.a(lib_a-calloc.o)
 .debug_aranges
                0x0000000000000540       0x18 /usr/lib/gcc/arm-none-eabi/6.3.1/../../../arm-none-eabi/lib/thumb/v7-m/libc_nano.a(lib_a-impure.o)
 .debug_aranges
                0x0000000000000558       0x20 /usr/lib/gcc/arm-none-eabi/6.3.1/../../../arm-none-eabi/lib/thumb/v7-m/libc_nano.a(lib_a-init.o)
 .debug_aranges
                0x0000000000000578       0x20 /usr/lib/gcc/arm-none-eabi/6.3.1/../../../arm-none-eabi/lib/thumb/v7-m/libc_nano.a(lib_a-memset.o)
 .debug_aranges
                0x0000000000000598       0x20 /usr/lib/gcc/arm-none-eabi/6.3.1/../../../arm-none-eabi/lib/thumb/v7-m/libc_nano.a(lib_a-nano-callocr.o)
 .debug_aranges
                0x00000000000005b8       0x20 /usr/lib/gcc/arm-none-eabi/6.3.1/../../../arm-none-eabi/lib/thumb/v7-m/libc_nano.a(lib_a-nano-mallocr.o)
 .debug_aranges
                0x00000000000005d8       0x20 /usr/lib/gcc/arm-none-eabi/6.3.1/../../../arm-none-eabi/lib/thumb/v7-m/libc_nano.a(lib_a-rand.o)
 .debug_aranges
                0x00000000000005f8       0x20 /usr/lib/gcc/arm-none-eabi/6.3.1/../../../arm-none-eabi/lib/thumb/v7-m/libc_nano.a(lib_a-sbrkr.o)
 .debug_aranges
                0x0000000000000618       0x20 /usr/lib/gcc/arm-none-eabi/6.3.1/../../../arm-none-eabi/lib/thumb/v7-m/libc_nano.a(lib_a-malloc.o)
 .debug_aranges
                0x0000000000000638       0x20 /usr/lib/gcc/arm-none-eabi/6.3.1/../../../arm-none-eabi/lib/thumb/v7-m/libc_nano.a(lib_a-nano-freer.o)
 .debug_aranges
                0x0000000000000658       0x20 /usr/lib/gcc/arm-none-eabi/6.3.1/../../../arm-none-eabi/lib/thumb/v7-m/libc_nano.a(lib_a-reent.o)
 .debug_aranges
                0x0000000000000678       0x20 /usr/lib/gcc/arm-none-eabi/6.3.1/../../../arm-none-eabi/lib/thumb/v7-m/libnosys.a(sbrk.o)
 .debug_aranges
                0x0000000000000698       0x20 /usr/lib/gcc/arm-none-eabi/6.3.1/thumb/v7-m/libgcc.a(_arm_addsubdf3.o)
 .debug_aranges
                0x00000000000006b8       0x20 /usr/lib/gcc/arm-none-eabi/6.3.1/thumb/v7-m/libgcc.a(_arm_muldivdf3.o)
 .debug_aranges
                0x00000000000006d8       0x20 /usr/lib/gcc/arm-none-eabi/6.3.1/thumb/v7-m/libgcc.a(_arm_cmpdf2.o)
 .debug_aranges
                0x00000000000006f8       0x20 /usr/lib/gcc/arm-none-eabi/6.3.1/thumb/v7-m/libgcc.a(_arm_fixdfsi.o)
 .debug_aranges
                0x0000000000000718       0x20 /usr/lib/gcc/arm-none-eabi/6.3.1/thumb/v7-m/libgcc.a(_arm_fixunsdfsi.o)
 .debug_aranges
                0x0000000000000738       0x20 /usr/lib/gcc/arm-none-eabi/6.3.1/thumb/v7-m/libgcc.a(_arm_truncdfsf2.o)
 .debug_aranges
                0x0000000000000758       0x20 /usr/lib/gcc/arm-none-eabi/6.3.1/thumb/v7-m/libgcc.a(_arm_addsubsf3.o)
 .debug_aranges
                0x0000000000000778       0x20 /usr/lib/gcc/arm-none-eabi/6.3.1/thumb/v7-m/libgcc.a(_arm_muldivsf3.o)

.debug_ranges   0x0000000000000000      0x4e0
 .debug_ranges  0x0000000000000000       0x10 build/debug_STM32F1/source/main.o
 .debug_ranges  0x0000000000000010       0x40 build/debug_STM32F1/source/sin_lut.o
 .debug_ranges  0x0000000000000050       0x58 build/debug_STM32F1/hardware/source/STM32F1/source/STM32F1.o
 .debug_ranges  0x00000000000000a8       0x10 build/debug_STM32F1/hardware/source/STM32F1/source/stm32f1xx_hal_msp.o
 .debug_ranges  0x00000000000000b8       0x50 build/debug_STM32F1/hardware/source/STM32F1/source/stm32f1xx_it.o
 .debug_ranges  0x0000000000000108       0x18 build/debug_STM32F1/hardware/source/STM32F1/source/system_stm32f1xx.o
 .debug_ranges  0x0000000000000120       0xd0 build/debug_STM32F1/libraries/STM32CubeF1/STM32F1xx_HAL_Driver/Src/stm32f1xx_hal.o
 .debug_ranges  0x00000000000001f0       0xa0 build/debug_STM32F1/libraries/STM32CubeF1/STM32F1xx_HAL_Driver/Src/stm32f1xx_hal_rcc.o
 .debug_ranges  0x0000000000000290       0x48 build/debug_STM32F1/libraries/STM32CubeF1/STM32F1xx_HAL_Driver/Src/stm32f1xx_hal_gpio.o
 .debug_ranges  0x00000000000002d8       0xe0 build/debug_STM32F1/libraries/STM32CubeF1/STM32F1xx_HAL_Driver/Src/stm32f1xx_hal_cortex.o
 .debug_ranges  0x00000000000003b8       0x20 build/debug_STM32F1/hardware/source/STM32F1/source/startup_stm32f103xb.o
 .debug_ranges  0x00000000000003d8       0x20 /usr/lib/gcc/arm-none-eabi/6.3.1/../../../arm-none-eabi/lib/thumb/v7-m/libm.a(lib_a-e_rem_pio2.o)
 .debug_ranges  0x00000000000003f8       0x18 /usr/lib/gcc/arm-none-eabi/6.3.1/../../../arm-none-eabi/lib/thumb/v7-m/libm.a(lib_a-s_floor.o)
 .debug_ranges  0x0000000000000410       0x18 /usr/lib/gcc/arm-none-eabi/6.3.1/../../../arm-none-eabi/lib/thumb/v7-m/libm.a(lib_a-s_scalbn.o)
 .debug_ranges  0x0000000000000428       0x40 /usr/lib/gcc/arm-none-eabi/6.3.1/../../../arm-none-eabi/lib/thumb/v7-m/libc_nano.a(lib_a-nano-mallocr.o)
 .debug_ranges  0x0000000000000468       0x78 /usr/lib/gcc/arm-none-eabi/6.3.1/../../../arm-none-eabi/lib/thumb/v7-m/libc_nano.a(lib_a-rand.o)

.debug_macro    0x0000000000000000    0x18347
 .debug_macro   0x0000000000000000      0x167 build/debug_STM32F1/source/main.o
 .debug_macro   0x0000000000000167      0x8bc build/debug_STM32F1/source/main.o
 .debug_macro   0x0000000000000a23       0x22 build/debug_STM32F1/source/main.o
 .debug_macro   0x0000000000000a45       0x4c build/debug_STM32F1/source/main.o
 .debug_macro   0x0000000000000a91       0x55 build/debug_STM32F1/source/main.o
 .debug_macro   0x0000000000000ae6       0x35 build/debug_STM32F1/source/main.o
 .debug_macro   0x0000000000000b1b       0x9c build/debug_STM32F1/source/main.o
 .debug_macro   0x0000000000000bb7      0x174 build/debug_STM32F1/source/main.o
 .debug_macro   0x0000000000000d2b       0x4a build/debug_STM32F1/source/main.o
 .debug_macro   0x0000000000000d75       0x52 build/debug_STM32F1/source/main.o
 .debug_macro   0x0000000000000dc7       0x1f build/debug_STM32F1/source/main.o
 .debug_macro   0x0000000000000de6       0x43 build/debug_STM32F1/source/main.o
 .debug_macro   0x0000000000000e29       0x20 build/debug_STM32F1/source/main.o
 .debug_macro   0x0000000000000e49      0x187 build/debug_STM32F1/source/main.o
 .debug_macro   0x0000000000000fd0      0x30d build/debug_STM32F1/source/main.o
 .debug_macro   0x00000000000012dd       0xde build/debug_STM32F1/source/main.o
 .debug_macro   0x00000000000013bb       0x16 build/debug_STM32F1/source/main.o
 .debug_macro   0x00000000000013d1       0x35 build/debug_STM32F1/source/main.o
 .debug_macro   0x0000000000001406       0x22 build/debug_STM32F1/source/main.o
 .debug_macro   0x0000000000001428       0xfd build/debug_STM32F1/source/main.o
 .debug_macro   0x0000000000001525       0x5e build/debug_STM32F1/source/main.o
 .debug_macro   0x0000000000001583      0x1df build/debug_STM32F1/source/main.o
 .debug_macro   0x0000000000001762       0x5e build/debug_STM32F1/source/main.o
 .debug_macro   0x00000000000017c0       0x10 build/debug_STM32F1/source/main.o
 .debug_macro   0x00000000000017d0       0x10 build/debug_STM32F1/source/main.o
 .debug_macro   0x00000000000017e0      0x178 build/debug_STM32F1/source/sin_lut.o
 .debug_macro   0x0000000000001958      0x8bc build/debug_STM32F1/source/sin_lut.o
 .debug_macro   0x0000000000002214       0x1c build/debug_STM32F1/source/sin_lut.o
 .debug_macro   0x0000000000002230       0x10 build/debug_STM32F1/source/sin_lut.o
 .debug_macro   0x0000000000002240       0x10 build/debug_STM32F1/source/sin_lut.o
 .debug_macro   0x0000000000002250       0xb6 build/debug_STM32F1/source/sin_lut.o
 .debug_macro   0x0000000000002306       0x16 build/debug_STM32F1/source/sin_lut.o
 .debug_macro   0x000000000000231c      0x143 build/debug_STM32F1/source/sin_lut.o
 .debug_macro   0x000000000000245f      0x273 build/debug_STM32F1/hardware/source/STM32F1/source/STM32F1.o
 .debug_macro   0x00000000000026d2      0x8bc build/debug_STM32F1/hardware/source/STM32F1/source/STM32F1.o
 .debug_macro   0x0000000000002f8e       0x4f build/debug_STM32F1/hardware/source/STM32F1/source/STM32F1.o
 .debug_macro   0x0000000000002fdd       0x44 build/debug_STM32F1/hardware/source/STM32F1/source/STM32F1.o
 .debug_macro   0x0000000000003021       0x64 build/debug_STM32F1/hardware/source/STM32F1/source/STM32F1.o
 .debug_macro   0x0000000000003085      0x20f build/debug_STM32F1/hardware/source/STM32F1/source/STM32F1.o
 .debug_macro   0x0000000000003294       0x2e build/debug_STM32F1/hardware/source/STM32F1/source/STM32F1.o
 .debug_macro   0x00000000000032c2       0x22 build/debug_STM32F1/hardware/source/STM32F1/source/STM32F1.o
 .debug_macro   0x00000000000032e4       0x1c build/debug_STM32F1/hardware/source/STM32F1/source/STM32F1.o
 .debug_macro   0x0000000000003300       0x22 build/debug_STM32F1/hardware/source/STM32F1/source/STM32F1.o
 .debug_macro   0x0000000000003322       0xc3 build/debug_STM32F1/hardware/source/STM32F1/source/STM32F1.o
 .debug_macro   0x00000000000033e5      0xd23 build/debug_STM32F1/hardware/source/STM32F1/source/STM32F1.o
 .debug_macro   0x0000000000004108     0xe09e build/debug_STM32F1/hardware/source/STM32F1/source/STM32F1.o
 .debug_macro   0x00000000000121a6       0x43 build/debug_STM32F1/hardware/source/STM32F1/source/STM32F1.o
 .debug_macro   0x00000000000121e9       0x5a build/debug_STM32F1/hardware/source/STM32F1/source/STM32F1.o
 .debug_macro   0x0000000000012243      0x5be build/debug_STM32F1/hardware/source/STM32F1/source/STM32F1.o
 .debug_macro   0x0000000000012801      0x289 build/debug_STM32F1/hardware/source/STM32F1/source/STM32F1.o
 .debug_macro   0x0000000000012a8a      0x1cb build/debug_STM32F1/hardware/source/STM32F1/source/STM32F1.o
 .debug_macro   0x0000000000012c55      0x114 build/debug_STM32F1/hardware/source/STM32F1/source/STM32F1.o
 .debug_macro   0x0000000000012d69      0x1b2 build/debug_STM32F1/hardware/source/STM32F1/source/STM32F1.o
 .debug_macro   0x0000000000012f1b       0x27 build/debug_STM32F1/hardware/source/STM32F1/source/STM32F1.o
 .debug_macro   0x0000000000012f42      0x136 build/debug_STM32F1/hardware/source/STM32F1/source/STM32F1.o
 .debug_macro   0x0000000000013078      0x1bc build/debug_STM32F1/hardware/source/STM32F1/source/STM32F1.o
 .debug_macro   0x0000000000013234       0x34 build/debug_STM32F1/hardware/source/STM32F1/source/STM32F1.o
 .debug_macro   0x0000000000013268       0x3c build/debug_STM32F1/hardware/source/STM32F1/source/STM32F1.o
 .debug_macro   0x00000000000132a4       0x57 build/debug_STM32F1/hardware/source/STM32F1/source/STM32F1.o
 .debug_macro   0x00000000000132fb       0x88 build/debug_STM32F1/hardware/source/STM32F1/source/STM32F1.o
 .debug_macro   0x0000000000013383      0x241 build/debug_STM32F1/hardware/source/STM32F1/source/STM32F1.o
 .debug_macro   0x00000000000135c4      0x141 build/debug_STM32F1/hardware/source/STM32F1/source/STM32F1.o
 .debug_macro   0x0000000000013705       0x83 build/debug_STM32F1/hardware/source/STM32F1/source/STM32F1.o
 .debug_macro   0x0000000000013788       0x16 build/debug_STM32F1/hardware/source/STM32F1/source/STM32F1.o
 .debug_macro   0x000000000001379e       0x52 build/debug_STM32F1/hardware/source/STM32F1/source/STM32F1.o
 .debug_macro   0x00000000000137f0      0x307 build/debug_STM32F1/hardware/source/STM32F1/source/STM32F1.o
 .debug_macro   0x0000000000013af7      0x18a build/debug_STM32F1/hardware/source/STM32F1/source/stm32f1xx_hal_msp.o
 .debug_macro   0x0000000000013c81      0x8bc build/debug_STM32F1/hardware/source/STM32F1/source/stm32f1xx_hal_msp.o
 .debug_macro   0x000000000001453d      0x194 build/debug_STM32F1/hardware/source/STM32F1/source/stm32f1xx_it.o
 .debug_macro   0x00000000000146d1      0x8bc build/debug_STM32F1/hardware/source/STM32F1/source/stm32f1xx_it.o
 .debug_macro   0x0000000000014f8d      0x181 build/debug_STM32F1/hardware/source/STM32F1/source/system_stm32f1xx.o
 .debug_macro   0x000000000001510e      0x8bc build/debug_STM32F1/hardware/source/STM32F1/source/system_stm32f1xx.o
 .debug_macro   0x00000000000159ca      0x19f build/debug_STM32F1/libraries/STM32CubeF1/STM32F1xx_HAL_Driver/Src/stm32f1xx_hal.o
 .debug_macro   0x0000000000015b69      0x8bc build/debug_STM32F1/libraries/STM32CubeF1/STM32F1xx_HAL_Driver/Src/stm32f1xx_hal.o
 .debug_macro   0x0000000000016425      0x18d build/debug_STM32F1/libraries/STM32CubeF1/STM32F1xx_HAL_Driver/Src/stm32f1xx_hal_rcc.o
 .debug_macro   0x00000000000165b2      0x8bc build/debug_STM32F1/libraries/STM32CubeF1/STM32F1xx_HAL_Driver/Src/stm32f1xx_hal_rcc.o
 .debug_macro   0x0000000000016e6e      0x1e6 build/debug_STM32F1/libraries/STM32CubeF1/STM32F1xx_HAL_Driver/Src/stm32f1xx_hal_gpio.o
 .debug_macro   0x0000000000017054      0x8bc build/debug_STM32F1/libraries/STM32CubeF1/STM32F1xx_HAL_Driver/Src/stm32f1xx_hal_gpio.o
 .debug_macro   0x0000000000017910      0x17b build/debug_STM32F1/libraries/STM32CubeF1/STM32F1xx_HAL_Driver/Src/stm32f1xx_hal_cortex.o
 .debug_macro   0x0000000000017a8b      0x8bc build/debug_STM32F1/libraries/STM32CubeF1/STM32F1xx_HAL_Driver/Src/stm32f1xx_hal_cortex.o

.debug_line     0x0000000000000000     0x598b
 .debug_line    0x0000000000000000      0x2b5 build/debug_STM32F1/source/main.o
 .debug_line    0x00000000000002b5      0x2b7 build/debug_STM32F1/source/sin_lut.o
 .debug_line    0x000000000000056c      0x5a8 build/debug_STM32F1/hardware/source/STM32F1/source/STM32F1.o
 .debug_line    0x0000000000000b14      0x3d4 build/debug_STM32F1/hardware/source/STM32F1/source/stm32f1xx_hal_msp.o
 .debug_line    0x0000000000000ee8      0x45f build/debug_STM32F1/hardware/source/STM32F1/source/stm32f1xx_it.o
 .debug_line    0x0000000000001347      0x401 build/debug_STM32F1/hardware/source/STM32F1/source/system_stm32f1xx.o
 .debug_line    0x0000000000001748      0x593 build/debug_STM32F1/libraries/STM32CubeF1/STM32F1xx_HAL_Driver/Src/stm32f1xx_hal.o
 .debug_line    0x0000000000001cdb      0x68d build/debug_STM32F1/libraries/STM32CubeF1/STM32F1xx_HAL_Driver/Src/stm32f1xx_hal_rcc.o
 .debug_line    0x0000000000002368      0x560 build/debug_STM32F1/libraries/STM32CubeF1/STM32F1xx_HAL_Driver/Src/stm32f1xx_hal_gpio.o
 .debug_line    0x00000000000028c8      0x589 build/debug_STM32F1/libraries/STM32CubeF1/STM32F1xx_HAL_Driver/Src/stm32f1xx_hal_cortex.o
 .debug_line    0x0000000000002e51       0x91 build/debug_STM32F1/hardware/source/STM32F1/source/startup_stm32f103xb.o
 .debug_line    0x0000000000002ee2      0x205 /usr/lib/gcc/arm-none-eabi/6.3.1/../../../arm-none-eabi/lib/thumb/v7-m/libm.a(lib_a-s_sin.o)
 .debug_line    0x00000000000030e7      0x291 /usr/lib/gcc/arm-none-eabi/6.3.1/../../../arm-none-eabi/lib/thumb/v7-m/libm.a(lib_a-e_rem_pio2.o)
 .debug_line    0x0000000000003378      0x205 /usr/lib/gcc/arm-none-eabi/6.3.1/../../../arm-none-eabi/lib/thumb/v7-m/libm.a(lib_a-k_cos.o)
 .debug_line    0x000000000000357d      0x3f7 /usr/lib/gcc/arm-none-eabi/6.3.1/../../../arm-none-eabi/lib/thumb/v7-m/libm.a(lib_a-k_rem_pio2.o)
 .debug_line    0x0000000000003974      0x1fa /usr/lib/gcc/arm-none-eabi/6.3.1/../../../arm-none-eabi/lib/thumb/v7-m/libm.a(lib_a-k_sin.o)
 .debug_line    0x0000000000003b6e      0x1da /usr/lib/gcc/arm-none-eabi/6.3.1/../../../arm-none-eabi/lib/thumb/v7-m/libm.a(lib_a-s_fabs.o)
 .debug_line    0x0000000000003d48      0x24f /usr/lib/gcc/arm-none-eabi/6.3.1/../../../arm-none-eabi/lib/thumb/v7-m/libm.a(lib_a-s_floor.o)
 .debug_line    0x0000000000003f97      0x1d4 /usr/lib/gcc/arm-none-eabi/6.3.1/../../../arm-none-eabi/lib/thumb/v7-m/libm.a(lib_a-s_scalbn.o)
 .debug_line    0x000000000000416b      0x1b0 /usr/lib/gcc/arm-none-eabi/6.3.1/../../../arm-none-eabi/lib/thumb/v7-m/libm.a(lib_a-s_copysign.o)
 .debug_line    0x000000000000431b      0x145 /usr/lib/gcc/arm-none-eabi/6.3.1/../../../arm-none-eabi/lib/thumb/v7-m/libc_nano.a(lib_a-calloc.o)
 .debug_line    0x0000000000004460       0xe9 /usr/lib/gcc/arm-none-eabi/6.3.1/../../../arm-none-eabi/lib/thumb/v7-m/libc_nano.a(lib_a-impure.o)
 .debug_line    0x0000000000004549       0xb9 /usr/lib/gcc/arm-none-eabi/6.3.1/../../../arm-none-eabi/lib/thumb/v7-m/libc_nano.a(lib_a-init.o)
 .debug_line    0x0000000000004602      0x176 /usr/lib/gcc/arm-none-eabi/6.3.1/../../../arm-none-eabi/lib/thumb/v7-m/libc_nano.a(lib_a-memset.o)
 .debug_line    0x0000000000004778      0x160 /usr/lib/gcc/arm-none-eabi/6.3.1/../../../arm-none-eabi/lib/thumb/v7-m/libc_nano.a(lib_a-nano-callocr.o)
 .debug_line    0x00000000000048d8      0x1a4 /usr/lib/gcc/arm-none-eabi/6.3.1/../../../arm-none-eabi/lib/thumb/v7-m/libc_nano.a(lib_a-nano-mallocr.o)
 .debug_line    0x0000000000004a7c      0x175 /usr/lib/gcc/arm-none-eabi/6.3.1/../../../arm-none-eabi/lib/thumb/v7-m/libc_nano.a(lib_a-rand.o)
 .debug_line    0x0000000000004bf1      0x15a /usr/lib/gcc/arm-none-eabi/6.3.1/../../../arm-none-eabi/lib/thumb/v7-m/libc_nano.a(lib_a-sbrkr.o)
 .debug_line    0x0000000000004d4b      0x154 /usr/lib/gcc/arm-none-eabi/6.3.1/../../../arm-none-eabi/lib/thumb/v7-m/libc_nano.a(lib_a-malloc.o)
 .debug_line    0x0000000000004e9f      0x160 /usr/lib/gcc/arm-none-eabi/6.3.1/../../../arm-none-eabi/lib/thumb/v7-m/libc_nano.a(lib_a-nano-freer.o)
 .debug_line    0x0000000000004fff      0x17c /usr/lib/gcc/arm-none-eabi/6.3.1/../../../arm-none-eabi/lib/thumb/v7-m/libc_nano.a(lib_a-reent.o)
 .debug_line    0x000000000000517b       0x5b /usr/lib/gcc/arm-none-eabi/6.3.1/../../../arm-none-eabi/lib/thumb/v7-m/libnosys.a(sbrk.o)
 .debug_line    0x00000000000051d6      0x183 /usr/lib/gcc/arm-none-eabi/6.3.1/thumb/v7-m/libgcc.a(_arm_addsubdf3.o)
 .debug_line    0x0000000000005359      0x19f /usr/lib/gcc/arm-none-eabi/6.3.1/thumb/v7-m/libgcc.a(_arm_muldivdf3.o)
 .debug_line    0x00000000000054f8       0xbe /usr/lib/gcc/arm-none-eabi/6.3.1/thumb/v7-m/libgcc.a(_arm_cmpdf2.o)
 .debug_line    0x00000000000055b6       0x7a /usr/lib/gcc/arm-none-eabi/6.3.1/thumb/v7-m/libgcc.a(_arm_fixdfsi.o)
 .debug_line    0x0000000000005630       0x76 /usr/lib/gcc/arm-none-eabi/6.3.1/thumb/v7-m/libgcc.a(_arm_fixunsdfsi.o)
 .debug_line    0x00000000000056a6       0x8e /usr/lib/gcc/arm-none-eabi/6.3.1/thumb/v7-m/libgcc.a(_arm_truncdfsf2.o)
 .debug_line    0x0000000000005734      0x11a /usr/lib/gcc/arm-none-eabi/6.3.1/thumb/v7-m/libgcc.a(_arm_addsubsf3.o)
 .debug_line    0x000000000000584e      0x13d /usr/lib/gcc/arm-none-eabi/6.3.1/thumb/v7-m/libgcc.a(_arm_muldivsf3.o)

.debug_str      0x0000000000000000    0x67f2d
 .debug_str     0x0000000000000000     0x6a6e build/debug_STM32F1/source/main.o
                                       0x6d09 (size before relaxing)
 .debug_str     0x0000000000006a6e      0x7e6 build/debug_STM32F1/source/sin_lut.o
                                       0x709f (size before relaxing)
 .debug_str     0x0000000000007254    0x5f04c build/debug_STM32F1/hardware/source/STM32F1/source/STM32F1.o
                                      0x6580e (size before relaxing)
 .debug_str     0x00000000000662a0       0x90 build/debug_STM32F1/hardware/source/STM32F1/source/stm32f1xx_hal_msp.o
                                      0x6251b (size before relaxing)
 .debug_str     0x0000000000066330       0xfa build/debug_STM32F1/hardware/source/STM32F1/source/stm32f1xx_it.o
                                      0x6253f (size before relaxing)
 .debug_str     0x000000000006642a       0xe1 build/debug_STM32F1/hardware/source/STM32F1/source/system_stm32f1xx.o
                                      0x624d8 (size before relaxing)
 .debug_str     0x000000000006650b      0x65a build/debug_STM32F1/libraries/STM32CubeF1/STM32F1xx_HAL_Driver/Src/stm32f1xx_hal.o
                                      0x62b23 (size before relaxing)
 .debug_str     0x0000000000066b65      0x26b build/debug_STM32F1/libraries/STM32CubeF1/STM32F1xx_HAL_Driver/Src/stm32f1xx_hal_rcc.o
                                      0x6287b (size before relaxing)
 .debug_str     0x0000000000066dd0      0x333 build/debug_STM32F1/libraries/STM32CubeF1/STM32F1xx_HAL_Driver/Src/stm32f1xx_hal_gpio.o
                                      0x6281c (size before relaxing)
 .debug_str     0x0000000000067103      0x2b4 build/debug_STM32F1/libraries/STM32CubeF1/STM32F1xx_HAL_Driver/Src/stm32f1xx_hal_cortex.o
                                      0x62af3 (size before relaxing)
 .debug_str     0x00000000000673b7      0x18c /usr/lib/gcc/arm-none-eabi/6.3.1/../../../arm-none-eabi/lib/thumb/v7-m/libm.a(lib_a-s_sin.o)
                                        0x627 (size before relaxing)
 .debug_str     0x0000000000067543       0xb8 /usr/lib/gcc/arm-none-eabi/6.3.1/../../../arm-none-eabi/lib/thumb/v7-m/libm.a(lib_a-e_rem_pio2.o)
                                        0x697 (size before relaxing)
 .debug_str     0x00000000000675fb       0x33 /usr/lib/gcc/arm-none-eabi/6.3.1/../../../arm-none-eabi/lib/thumb/v7-m/libm.a(lib_a-k_cos.o)
                                        0x60c (size before relaxing)
 .debug_str     0x000000000006762e       0x6a /usr/lib/gcc/arm-none-eabi/6.3.1/../../../arm-none-eabi/lib/thumb/v7-m/libm.a(lib_a-k_rem_pio2.o)
                                        0x625 (size before relaxing)
 .debug_str     0x0000000000067698       0x2e /usr/lib/gcc/arm-none-eabi/6.3.1/../../../arm-none-eabi/lib/thumb/v7-m/libm.a(lib_a-k_sin.o)
                                        0x60c (size before relaxing)
 .debug_str     0x00000000000676c6       0x2f /usr/lib/gcc/arm-none-eabi/6.3.1/../../../arm-none-eabi/lib/thumb/v7-m/libm.a(lib_a-s_fabs.o)
                                        0x600 (size before relaxing)
 .debug_str     0x00000000000676f5       0xa6 /usr/lib/gcc/arm-none-eabi/6.3.1/../../../arm-none-eabi/lib/thumb/v7-m/libm.a(lib_a-s_floor.o)
                                        0x61d (size before relaxing)
 .debug_str     0x000000000006779b       0xab /usr/lib/gcc/arm-none-eabi/6.3.1/../../../arm-none-eabi/lib/thumb/v7-m/libm.a(lib_a-s_scalbn.o)
                                        0x632 (size before relaxing)
 .debug_str     0x0000000000067846       0x35 /usr/lib/gcc/arm-none-eabi/6.3.1/../../../arm-none-eabi/lib/thumb/v7-m/libm.a(lib_a-s_copysign.o)
                                        0x607 (size before relaxing)
 .debug_str     0x000000000006787b      0x120 /usr/lib/gcc/arm-none-eabi/6.3.1/../../../arm-none-eabi/lib/thumb/v7-m/libc_nano.a(lib_a-calloc.o)
                                        0x5c3 (size before relaxing)
 .debug_str     0x000000000006799b       0x9d /usr/lib/gcc/arm-none-eabi/6.3.1/../../../arm-none-eabi/lib/thumb/v7-m/libc_nano.a(lib_a-impure.o)
                                        0x5a6 (size before relaxing)
 .debug_str     0x0000000000067a38       0xf3 /usr/lib/gcc/arm-none-eabi/6.3.1/../../../arm-none-eabi/lib/thumb/v7-m/libc_nano.a(lib_a-init.o)
                                        0x1f7 (size before relaxing)
 .debug_str     0x0000000000067b2b       0xa7 /usr/lib/gcc/arm-none-eabi/6.3.1/../../../arm-none-eabi/lib/thumb/v7-m/libc_nano.a(lib_a-memset.o)
                                        0x5be (size before relaxing)
 .debug_str     0x0000000000067bd2      0x101 /usr/lib/gcc/arm-none-eabi/6.3.1/../../../arm-none-eabi/lib/thumb/v7-m/libc_nano.a(lib_a-nano-callocr.o)
                                        0x6ac (size before relaxing)
 .debug_str     0x0000000000067cd3       0x32 /usr/lib/gcc/arm-none-eabi/6.3.1/../../../arm-none-eabi/lib/thumb/v7-m/libc_nano.a(lib_a-nano-mallocr.o)
                                        0x6cf (size before relaxing)
 .debug_str     0x0000000000067d05       0x2f /usr/lib/gcc/arm-none-eabi/6.3.1/../../../arm-none-eabi/lib/thumb/v7-m/libc_nano.a(lib_a-rand.o)
                                        0x5c1 (size before relaxing)
 .debug_str     0x0000000000067d34       0x60 /usr/lib/gcc/arm-none-eabi/6.3.1/../../../arm-none-eabi/lib/thumb/v7-m/libc_nano.a(lib_a-sbrkr.o)
                                        0x5e9 (size before relaxing)
 .debug_str     0x0000000000067d94       0x45 /usr/lib/gcc/arm-none-eabi/6.3.1/../../../arm-none-eabi/lib/thumb/v7-m/libc_nano.a(lib_a-malloc.o)
                                        0x5d7 (size before relaxing)
 .debug_str     0x0000000000067dd9       0x24 /usr/lib/gcc/arm-none-eabi/6.3.1/../../../arm-none-eabi/lib/thumb/v7-m/libc_nano.a(lib_a-nano-freer.o)
                                        0x6b8 (size before relaxing)
 .debug_str     0x0000000000067dfd       0x5b /usr/lib/gcc/arm-none-eabi/6.3.1/../../../arm-none-eabi/lib/thumb/v7-m/libc_nano.a(lib_a-reent.o)
                                        0x5e2 (size before relaxing)
 .debug_str     0x0000000000067e58       0xd5 /usr/lib/gcc/arm-none-eabi/6.3.1/../../../arm-none-eabi/lib/thumb/v7-m/libnosys.a(sbrk.o)
                                         0xee (size before relaxing)

.debug_frame    0x0000000000000000      0xf68
 .debug_frame   0x0000000000000000       0x3c build/debug_STM32F1/source/main.o
 .debug_frame   0x000000000000003c       0x9c build/debug_STM32F1/source/sin_lut.o
 .debug_frame   0x00000000000000d8      0x110 build/debug_STM32F1/hardware/source/STM32F1/source/STM32F1.o
 .debug_frame   0x00000000000001e8       0x28 build/debug_STM32F1/hardware/source/STM32F1/source/stm32f1xx_hal_msp.o
 .debug_frame   0x0000000000000210       0xa8 build/debug_STM32F1/hardware/source/STM32F1/source/stm32f1xx_it.o
 .debug_frame   0x00000000000002b8       0x30 build/debug_STM32F1/hardware/source/STM32F1/source/system_stm32f1xx.o
 .debug_frame   0x00000000000002e8      0x1d0 build/debug_STM32F1/libraries/STM32CubeF1/STM32F1xx_HAL_Driver/Src/stm32f1xx_hal.o
 .debug_frame   0x00000000000004b8      0x194 build/debug_STM32F1/libraries/STM32CubeF1/STM32F1xx_HAL_Driver/Src/stm32f1xx_hal_rcc.o
 .debug_frame   0x000000000000064c       0xe4 build/debug_STM32F1/libraries/STM32CubeF1/STM32F1xx_HAL_Driver/Src/stm32f1xx_hal_gpio.o
 .debug_frame   0x0000000000000730      0x12c build/debug_STM32F1/libraries/STM32CubeF1/STM32F1xx_HAL_Driver/Src/stm32f1xx_hal_cortex.o
 .debug_frame   0x000000000000085c       0x38 /usr/lib/gcc/arm-none-eabi/6.3.1/../../../arm-none-eabi/lib/thumb/v7-m/libm.a(lib_a-s_sin.o)
 .debug_frame   0x0000000000000894       0x48 /usr/lib/gcc/arm-none-eabi/6.3.1/../../../arm-none-eabi/lib/thumb/v7-m/libm.a(lib_a-e_rem_pio2.o)
 .debug_frame   0x00000000000008dc       0x4c /usr/lib/gcc/arm-none-eabi/6.3.1/../../../arm-none-eabi/lib/thumb/v7-m/libm.a(lib_a-k_cos.o)
 .debug_frame   0x0000000000000928       0x50 /usr/lib/gcc/arm-none-eabi/6.3.1/../../../arm-none-eabi/lib/thumb/v7-m/libm.a(lib_a-k_rem_pio2.o)
 .debug_frame   0x0000000000000978       0x48 /usr/lib/gcc/arm-none-eabi/6.3.1/../../../arm-none-eabi/lib/thumb/v7-m/libm.a(lib_a-k_sin.o)
 .debug_frame   0x00000000000009c0       0x20 /usr/lib/gcc/arm-none-eabi/6.3.1/../../../arm-none-eabi/lib/thumb/v7-m/libm.a(lib_a-s_fabs.o)
 .debug_frame   0x00000000000009e0       0x34 /usr/lib/gcc/arm-none-eabi/6.3.1/../../../arm-none-eabi/lib/thumb/v7-m/libm.a(lib_a-s_floor.o)
 .debug_frame   0x0000000000000a14       0x30 /usr/lib/gcc/arm-none-eabi/6.3.1/../../../arm-none-eabi/lib/thumb/v7-m/libm.a(lib_a-s_scalbn.o)
 .debug_frame   0x0000000000000a44       0x20 /usr/lib/gcc/arm-none-eabi/6.3.1/../../../arm-none-eabi/lib/thumb/v7-m/libm.a(lib_a-s_copysign.o)
 .debug_frame   0x0000000000000a64       0x20 /usr/lib/gcc/arm-none-eabi/6.3.1/../../../arm-none-eabi/lib/thumb/v7-m/libc_nano.a(lib_a-calloc.o)
 .debug_frame   0x0000000000000a84       0x2c /usr/lib/gcc/arm-none-eabi/6.3.1/../../../arm-none-eabi/lib/thumb/v7-m/libc_nano.a(lib_a-init.o)
 .debug_frame   0x0000000000000ab0       0x34 /usr/lib/gcc/arm-none-eabi/6.3.1/../../../arm-none-eabi/lib/thumb/v7-m/libc_nano.a(lib_a-memset.o)
 .debug_frame   0x0000000000000ae4       0x2c /usr/lib/gcc/arm-none-eabi/6.3.1/../../../arm-none-eabi/lib/thumb/v7-m/libc_nano.a(lib_a-nano-callocr.o)
 .debug_frame   0x0000000000000b10       0x2c /usr/lib/gcc/arm-none-eabi/6.3.1/../../../arm-none-eabi/lib/thumb/v7-m/libc_nano.a(lib_a-nano-mallocr.o)
 .debug_frame   0x0000000000000b3c       0x5c /usr/lib/gcc/arm-none-eabi/6.3.1/../../../arm-none-eabi/lib/thumb/v7-m/libc_nano.a(lib_a-rand.o)
 .debug_frame   0x0000000000000b98       0x2c /usr/lib/gcc/arm-none-eabi/6.3.1/../../../arm-none-eabi/lib/thumb/v7-m/libc_nano.a(lib_a-sbrkr.o)
 .debug_frame   0x0000000000000bc4       0x30 /usr/lib/gcc/arm-none-eabi/6.3.1/../../../arm-none-eabi/lib/thumb/v7-m/libc_nano.a(lib_a-malloc.o)
 .debug_frame   0x0000000000000bf4       0x40 /usr/lib/gcc/arm-none-eabi/6.3.1/../../../arm-none-eabi/lib/thumb/v7-m/libc_nano.a(lib_a-nano-freer.o)
 .debug_frame   0x0000000000000c34       0x64 /usr/lib/gcc/arm-none-eabi/6.3.1/../../../arm-none-eabi/lib/thumb/v7-m/libc_nano.a(lib_a-reent.o)
 .debug_frame   0x0000000000000c98       0x20 /usr/lib/gcc/arm-none-eabi/6.3.1/../../../arm-none-eabi/lib/thumb/v7-m/libnosys.a(sbrk.o)
 .debug_frame   0x0000000000000cb8       0xac /usr/lib/gcc/arm-none-eabi/6.3.1/thumb/v7-m/libgcc.a(_arm_addsubdf3.o)
 .debug_frame   0x0000000000000d64       0x50 /usr/lib/gcc/arm-none-eabi/6.3.1/thumb/v7-m/libgcc.a(_arm_muldivdf3.o)
 .debug_frame   0x0000000000000db4       0xc4 /usr/lib/gcc/arm-none-eabi/6.3.1/thumb/v7-m/libgcc.a(_arm_cmpdf2.o)
 .debug_frame   0x0000000000000e78       0x24 /usr/lib/gcc/arm-none-eabi/6.3.1/thumb/v7-m/libgcc.a(_arm_fixdfsi.o)
 .debug_frame   0x0000000000000e9c       0x24 /usr/lib/gcc/arm-none-eabi/6.3.1/thumb/v7-m/libgcc.a(_arm_fixunsdfsi.o)
 .debug_frame   0x0000000000000ec0       0x24 /usr/lib/gcc/arm-none-eabi/6.3.1/thumb/v7-m/libgcc.a(_arm_truncdfsf2.o)
 .debug_frame   0x0000000000000ee4       0x4c /usr/lib/gcc/arm-none-eabi/6.3.1/thumb/v7-m/libgcc.a(_arm_addsubsf3.o)
 .debug_frame   0x0000000000000f30       0x38 /usr/lib/gcc/arm-none-eabi/6.3.1/thumb/v7-m/libgcc.a(_arm_muldivsf3.o)

Cross Reference Table

Symbol                                            File
ADC1_2_IRQHandler                                 build/debug_STM32F1/hardware/source/STM32F1/source/startup_stm32f103xb.o
AHBPrescTable                                     build/debug_STM32F1/hardware/source/STM32F1/source/system_stm32f1xx.o
                                                  build/debug_STM32F1/libraries/STM32CubeF1/STM32F1xx_HAL_Driver/Src/stm32f1xx_hal_rcc.o
APBPrescTable                                     build/debug_STM32F1/hardware/source/STM32F1/source/system_stm32f1xx.o
                                                  build/debug_STM32F1/libraries/STM32CubeF1/STM32F1xx_HAL_Driver/Src/stm32f1xx_hal_rcc.o
BusFault_Handler                                  build/debug_STM32F1/hardware/source/STM32F1/source/stm32f1xx_it.o
CAN1_RX1_IRQHandler                               build/debug_STM32F1/hardware/source/STM32F1/source/startup_stm32f103xb.o
CAN1_SCE_IRQHandler                               build/debug_STM32F1/hardware/source/STM32F1/source/startup_stm32f103xb.o
DMA1_Channel1_IRQHandler                          build/debug_STM32F1/hardware/source/STM32F1/source/startup_stm32f103xb.o
DMA1_Channel2_IRQHandler                          build/debug_STM32F1/hardware/source/STM32F1/source/startup_stm32f103xb.o
DMA1_Channel3_IRQHandler                          build/debug_STM32F1/hardware/source/STM32F1/source/startup_stm32f103xb.o
DMA1_Channel4_IRQHandler                          build/debug_STM32F1/hardware/source/STM32F1/source/startup_stm32f103xb.o
DMA1_Channel5_IRQHandler                          build/debug_STM32F1/hardware/source/STM32F1/source/startup_stm32f103xb.o
DMA1_Channel6_IRQHandler                          build/debug_STM32F1/hardware/source/STM32F1/source/startup_stm32f103xb.o
DMA1_Channel7_IRQHandler                          build/debug_STM32F1/hardware/source/STM32F1/source/startup_stm32f103xb.o
DebugMon_Handler                                  build/debug_STM32F1/hardware/source/STM32F1/source/stm32f1xx_it.o
Default_Handler                                   build/debug_STM32F1/hardware/source/STM32F1/source/startup_stm32f103xb.o
EXTI0_IRQHandler                                  build/debug_STM32F1/hardware/source/STM32F1/source/startup_stm32f103xb.o
EXTI15_10_IRQHandler                              build/debug_STM32F1/hardware/source/STM32F1/source/startup_stm32f103xb.o
EXTI1_IRQHandler                                  build/debug_STM32F1/hardware/source/STM32F1/source/startup_stm32f103xb.o
EXTI2_IRQHandler                                  build/debug_STM32F1/hardware/source/STM32F1/source/startup_stm32f103xb.o
EXTI3_IRQHandler                                  build/debug_STM32F1/hardware/source/STM32F1/source/startup_stm32f103xb.o
EXTI4_IRQHandler                                  build/debug_STM32F1/hardware/source/STM32F1/source/startup_stm32f103xb.o
EXTI9_5_IRQHandler                                build/debug_STM32F1/hardware/source/STM32F1/source/startup_stm32f103xb.o
Error_Handler                                     build/debug_STM32F1/hardware/source/STM32F1/source/STM32F1.o
FLASH_IRQHandler                                  build/debug_STM32F1/hardware/source/STM32F1/source/startup_stm32f103xb.o
FLASH_PageErase                                   build/debug_STM32F1/libraries/STM32CubeF1/STM32F1xx_HAL_Driver/Src/stm32f1xx_hal_flash_ex.o
                                                  build/debug_STM32F1/libraries/STM32CubeF1/STM32F1xx_HAL_Driver/Src/stm32f1xx_hal_flash.o
FLASH_WaitForLastOperation                        build/debug_STM32F1/libraries/STM32CubeF1/STM32F1xx_HAL_Driver/Src/stm32f1xx_hal_flash.o
                                                  build/debug_STM32F1/libraries/STM32CubeF1/STM32F1xx_HAL_Driver/Src/stm32f1xx_hal_flash_ex.o
HAL_DBGMCU_DisableDBGSleepMode                    build/debug_STM32F1/libraries/STM32CubeF1/STM32F1xx_HAL_Driver/Src/stm32f1xx_hal.o
HAL_DBGMCU_DisableDBGStandbyMode                  build/debug_STM32F1/libraries/STM32CubeF1/STM32F1xx_HAL_Driver/Src/stm32f1xx_hal.o
HAL_DBGMCU_DisableDBGStopMode                     build/debug_STM32F1/libraries/STM32CubeF1/STM32F1xx_HAL_Driver/Src/stm32f1xx_hal.o
HAL_DBGMCU_EnableDBGSleepMode                     build/debug_STM32F1/libraries/STM32CubeF1/STM32F1xx_HAL_Driver/Src/stm32f1xx_hal.o
HAL_DBGMCU_EnableDBGStandbyMode                   build/debug_STM32F1/libraries/STM32CubeF1/STM32F1xx_HAL_Driver/Src/stm32f1xx_hal.o
HAL_DBGMCU_EnableDBGStopMode                      build/debug_STM32F1/libraries/STM32CubeF1/STM32F1xx_HAL_Driver/Src/stm32f1xx_hal.o
HAL_DMA_Abort                                     build/debug_STM32F1/libraries/STM32CubeF1/STM32F1xx_HAL_Driver/Src/stm32f1xx_hal_dma.o