sin_lut.c:13:6:init_sinLUT	16	static
sin_lut.c:25:8:sin_LUT_double	8	static
sin_lut.c:43:7:sin_LUT_float	8	static
sin_lut.c:61:10:sin_LUT_fixedPoint	8	static
sin_lut.c:78:8:sin_LUT_double_interpolate	8	static
sin_lut.c:122:8:sin_LUT_double_nonUniform	8	static
sin_lut.c:127:7:sin_LUT_float_interpolate	8	static
sin_lut.c:171:7:sin_LUT_float_nonUniform	8	static
sin_lut.c:176:10:sin_LUT_fixedPoint_interpolate	8	static
sin_lut.c:220:10:sin_LUT_fixedPoint_nonUniform	8	static
sin_lut.c:225:8:sin_LUT_double_rangeReduction	8	static
sin_lut.c:230:8:sin_LUT_float_rangeReduction	8	static
sin_lut.c:235:8:sin_LUT_fixedPoint_rangeReduction	8	static
