sincos.c:58:7:cos_32s	8	static
sincos.c:76:7:cos_32	16	static
sincos.c:93:7:sin_32	16	static
sincos.c:115:7:cos_52s	8	static
sincos.c:134:7:cos_52	16	static
sincos.c:151:7:sin_52	16	static
sincos.c:174:8:cos_73s	8	static
sincos.c:195:8:cos_73	16	static
sincos.c:212:8:sin_73	16	static
sincos.c:237:8:cos_121s	8	static
sincos.c:259:8:cos_121	16	static
sincos.c:276:8:sin_121	16	static
sincos.c:297:7:tan_32s	8	static
sincos.c:319:7:tan_32	16	static
sincos.c:353:7:tan_56s	8	static
sincos.c:376:7:tan_56	16	static
sincos.c:411:8:tan_82s	8	static
sincos.c:435:8:tan_82	16	static
sincos.c:469:8:tan_14s	8	static
sincos.c:495:8:tan_14	16	static
sincos.c:527:8:atan_66s	8	static
sincos.c:546:8:atan_66	32	static
sincos.c:587:8:atan_137s	8	static
sincos.c:608:8:atan_137	32	static
