sin_lut.c:13:6:init_sinLUT	16	static
sin_lut.c:25:8:sin_LUT_double	8	static
sin_lut.c:43:7:sin_LUT_float	8	static
sin_lut.c:61:10:sin_LUT_fixedPoint	0	static
sin_lut.c:84:8:sin_LUT_double_interpolate	32	static
sin_lut.c:128:8:sin_LUT_double_nonUniform	0	static
sin_lut.c:133:7:sin_LUT_float_interpolate	24	static
sin_lut.c:177:7:sin_LUT_float_nonUniform	0	static
sin_lut.c:182:10:sin_LUT_fixedPoint_interpolate	4	static
sin_lut.c:229:10:sin_LUT_fixedPoint_nonUniform	0	static
sin_lut.c:234:8:sin_LUT_double_rangeReduction	0	static
sin_lut.c:239:8:sin_LUT_float_rangeReduction	0	static
sin_lut.c:244:8:sin_LUT_fixedPoint_rangeReduction	0	static
