Archive member included to satisfy reference by file (symbol)

/usr/lib/gcc/arm-none-eabi/6.3.1/../../../arm-none-eabi/lib/thumb/v7-m/libm.a(lib_a-s_sin.o)
                              build/debug_STM32F1/source/main.o (sin)
/usr/lib/gcc/arm-none-eabi/6.3.1/../../../arm-none-eabi/lib/thumb/v7-m/libm.a(lib_a-e_rem_pio2.o)
                              /usr/lib/gcc/arm-none-eabi/6.3.1/../../../arm-none-eabi/lib/thumb/v7-m/libm.a(lib_a-s_sin.o) (__ieee754_rem_pio2)
/usr/lib/gcc/arm-none-eabi/6.3.1/../../../arm-none-eabi/lib/thumb/v7-m/libm.a(lib_a-k_cos.o)
                              /usr/lib/gcc/arm-none-eabi/6.3.1/../../../arm-none-eabi/lib/thumb/v7-m/libm.a(lib_a-s_sin.o) (__kernel_cos)
/usr/lib/gcc/arm-none-eabi/6.3.1/../../../arm-none-eabi/lib/thumb/v7-m/libm.a(lib_a-k_rem_pio2.o)
                              /usr/lib/gcc/arm-none-eabi/6.3.1/../../../arm-none-eabi/lib/thumb/v7-m/libm.a(lib_a-e_rem_pio2.o) (__kernel_rem_pio2)
/usr/lib/gcc/arm-none-eabi/6.3.1/../../../arm-none-eabi/lib/thumb/v7-m/libm.a(lib_a-k_sin.o)
                              /usr/lib/gcc/arm-none-eabi/6.3.1/../../../arm-none-eabi/lib/thumb/v7-m/libm.a(lib_a-s_sin.o) (__kernel_sin)
/usr/lib/gcc/arm-none-eabi/6.3.1/../../../arm-none-eabi/lib/thumb/v7-m/libm.a(lib_a-s_fabs.o)
                              /usr/lib/gcc/arm-none-eabi/6.3.1/../../../arm-none-eabi/lib/thumb/v7-m/libm.a(lib_a-e_rem_pio2.o) (fabs)
/usr/lib/gcc/arm-none-eabi/6.3.1/../../../arm-none-eabi/lib/thumb/v7-m/libm.a(lib_a-s_floor.o)
                              /usr/lib/gcc/arm-none-eabi/6.3.1/../../../arm-none-eabi/lib/thumb/v7-m/libm.a(lib_a-k_rem_pio2.o) (floor)
/usr/lib/gcc/arm-none-eabi/6.3.1/../../../arm-none-eabi/lib/thumb/v7-m/libm.a(lib_a-s_scalbn.o)
                              /usr/lib/gcc/arm-none-eabi/6.3.1/../../../arm-none-eabi/lib/thumb/v7-m/libm.a(lib_a-k_rem_pio2.o) (scalbn)
/usr/lib/gcc/arm-none-eabi/6.3.1/../../../arm-none-eabi/lib/thumb/v7-m/libm.a(lib_a-s_copysign.o)
                              /usr/lib/gcc/arm-none-eabi/6.3.1/../../../arm-none-eabi/lib/thumb/v7-m/libm.a(lib_a-s_scalbn.o) (copysign)
/usr/lib/gcc/arm-none-eabi/6.3.1/../../../arm-none-eabi/lib/thumb/v7-m/libc_nano.a(lib_a-atexit.o)
                              /usr/lib/gcc/arm-none-eabi/6.3.1/../../../arm-none-eabi/lib/thumb/v7-m/crt0.o (atexit)
/usr/lib/gcc/arm-none-eabi/6.3.1/../../../arm-none-eabi/lib/thumb/v7-m/libc_nano.a(lib_a-calloc.o)
                              build/debug_STM32F1/hardware/source/STM32F1/source/STM32F1.o (calloc)
/usr/lib/gcc/arm-none-eabi/6.3.1/../../../arm-none-eabi/lib/thumb/v7-m/libc_nano.a(lib_a-exit.o)
                              /usr/lib/gcc/arm-none-eabi/6.3.1/../../../arm-none-eabi/lib/thumb/v7-m/crt0.o (exit)
/usr/lib/gcc/arm-none-eabi/6.3.1/../../../arm-none-eabi/lib/thumb/v7-m/libc_nano.a(lib_a-fini.o)
                              /usr/lib/gcc/arm-none-eabi/6.3.1/../../../arm-none-eabi/lib/thumb/v7-m/crt0.o (__libc_fini_array)
/usr/lib/gcc/arm-none-eabi/6.3.1/../../../arm-none-eabi/lib/thumb/v7-m/libc_nano.a(lib_a-impure.o)
                              /usr/lib/gcc/arm-none-eabi/6.3.1/../../../arm-none-eabi/lib/thumb/v7-m/libc_nano.a(lib_a-exit.o) (_global_impure_ptr)
/usr/lib/gcc/arm-none-eabi/6.3.1/../../../arm-none-eabi/lib/thumb/v7-m/libc_nano.a(lib_a-init.o)
                              /usr/lib/gcc/arm-none-eabi/6.3.1/../../../arm-none-eabi/lib/thumb/v7-m/crt0.o (__libc_init_array)
/usr/lib/gcc/arm-none-eabi/6.3.1/../../../arm-none-eabi/lib/thumb/v7-m/libc_nano.a(lib_a-memset.o)
                              /usr/lib/gcc/arm-none-eabi/6.3.1/../../../arm-none-eabi/lib/thumb/v7-m/crt0.o (memset)
/usr/lib/gcc/arm-none-eabi/6.3.1/../../../arm-none-eabi/lib/thumb/v7-m/libc_nano.a(lib_a-nano-callocr.o)
                              /usr/lib/gcc/arm-none-eabi/6.3.1/../../../arm-none-eabi/lib/thumb/v7-m/libc_nano.a(lib_a-calloc.o) (_calloc_r)
/usr/lib/gcc/arm-none-eabi/6.3.1/../../../arm-none-eabi/lib/thumb/v7-m/libc_nano.a(lib_a-nano-mallocr.o)
                              /usr/lib/gcc/arm-none-eabi/6.3.1/../../../arm-none-eabi/lib/thumb/v7-m/libc_nano.a(lib_a-nano-callocr.o) (_malloc_r)
/usr/lib/gcc/arm-none-eabi/6.3.1/../../../arm-none-eabi/lib/thumb/v7-m/libc_nano.a(lib_a-rand.o)
                              build/debug_STM32F1/source/main.o (srand)
/usr/lib/gcc/arm-none-eabi/6.3.1/../../../arm-none-eabi/lib/thumb/v7-m/libc_nano.a(lib_a-sbrkr.o)
                              /usr/lib/gcc/arm-none-eabi/6.3.1/../../../arm-none-eabi/lib/thumb/v7-m/libc_nano.a(lib_a-nano-mallocr.o) (_sbrk_r)
/usr/lib/gcc/arm-none-eabi/6.3.1/../../../arm-none-eabi/lib/thumb/v7-m/libc_nano.a(lib_a-__atexit.o)
                              /usr/lib/gcc/arm-none-eabi/6.3.1/../../../arm-none-eabi/lib/thumb/v7-m/libc_nano.a(lib_a-atexit.o) (__register_exitproc)
/usr/lib/gcc/arm-none-eabi/6.3.1/../../../arm-none-eabi/lib/thumb/v7-m/libc_nano.a(lib_a-__call_atexit.o)
[...]
Memory Configuration

Name             Origin             Length             Attributes
RAM              0x0000000020000000 0x0000000000005000 xrw
FLASH            0x0000000008000000 0x0000000000010000 xr
*default*        0x0000000000000000 0xffffffffffffffff

Linker script and memory map

LOAD /usr/lib/gcc/arm-none-eabi/6.3.1/thumb/v7-m/crti.o
LOAD /usr/lib/gcc/arm-none-eabi/6.3.1/thumb/v7-m/crtbegin.o
LOAD /usr/lib/gcc/arm-none-eabi/6.3.1/../../../arm-none-eabi/lib/thumb/v7-m/crt0.o
LOAD build/debug_STM32F1/source/main.o
LOAD build/debug_STM32F1/source/sin_lut.o
LOAD build/debug_STM32F1/hardware/source/STM32F1/source/STM32F1.o
LOAD build/debug_STM32F1/hardware/source/STM32F1/source/stm32f1xx_hal_msp.o
LOAD build/debug_STM32F1/hardware/source/STM32F1/source/stm32f1xx_it.o
LOAD build/debug_STM32F1/hardware/source/STM32F1/source/system_stm32f1xx.o
LOAD build/debug_STM32F1/libraries/STM32CubeF1/STM32F1xx_HAL_Driver/Src/stm32f1xx_hal_gpio_ex.o
LOAD build/debug_STM32F1/libraries/STM32CubeF1/STM32F1xx_HAL_Driver/Src/stm32f1xx_hal_tim.o
LOAD build/debug_STM32F1/libraries/STM32CubeF1/STM32F1xx_HAL_Driver/Src/stm32f1xx_hal_tim_ex.o
LOAD build/debug_STM32F1/libraries/STM32CubeF1/STM32F1xx_HAL_Driver/Src/stm32f1xx_hal.o
LOAD build/debug_STM32F1/libraries/STM32CubeF1/STM32F1xx_HAL_Driver/Src/stm32f1xx_hal_rcc.o
LOAD build/debug_STM32F1/libraries/STM32CubeF1/STM32F1xx_HAL_Driver/Src/stm32f1xx_hal_rcc_ex.o
LOAD build/debug_STM32F1/libraries/STM32CubeF1/STM32F1xx_HAL_Driver/Src/stm32f1xx_hal_gpio.o
LOAD build/debug_STM32F1/libraries/STM32CubeF1/STM32F1xx_HAL_Driver/Src/stm32f1xx_hal_dma.o
LOAD build/debug_STM32F1/libraries/STM32CubeF1/STM32F1xx_HAL_Driver/Src/stm32f1xx_hal_cortex.o
LOAD build/debug_STM32F1/libraries/STM32CubeF1/STM32F1xx_HAL_Driver/Src/stm32f1xx_hal_pwr.o
LOAD build/debug_STM32F1/libraries/STM32CubeF1/STM32F1xx_HAL_Driver/Src/stm32f1xx_hal_flash.o
LOAD build/debug_STM32F1/libraries/STM32CubeF1/STM32F1xx_HAL_Driver/Src/stm32f1xx_hal_flash_ex.o
LOAD build/debug_STM32F1/libraries/STM32CubeF1/STM32F1xx_HAL_Driver/Src/stm32f1xx_hal_exti.o
LOAD build/debug_STM32F1/hardware/source/STM32F1/source/startup_stm32f103xb.o
LOAD /usr/lib/gcc/arm-none-eabi/6.3.1/../../../arm-none-eabi/lib/thumb/v7-m/libm.a
LOAD /usr/lib/gcc/arm-none-eabi/6.3.1/../../../arm-none-eabi/lib/thumb/v7-m/libc_nano.a
LOAD /usr/lib/gcc/arm-none-eabi/6.3.1/../../../arm-none-eabi/lib/thumb/v7-m/libnosys.a
START GROUP
LOAD /usr/lib/gcc/arm-none-eabi/6.3.1/thumb/v7-m/libgcc.a
LOAD /usr/lib/gcc/arm-none-eabi/6.3.1/../../../arm-none-eabi/lib/thumb/v7-m/libc_nano.a
END GROUP
START GROUP
LOAD /usr/lib/gcc/arm-none-eabi/6.3.1/thumb/v7-m/libgcc.a
LOAD /usr/lib/gcc/arm-none-eabi/6.3.1/../../../arm-none-eabi/lib/thumb/v7-m/libc_nano.a
END GROUP
LOAD /usr/lib/gcc/arm-none-eabi/6.3.1/thumb/v7-m/crtend.o
LOAD /usr/lib/gcc/arm-none-eabi/6.3.1/thumb/v7-m/crtn.o
                0x0000000020005000                _estack = 0x20005000
                0x0000000000000200                _Min_Heap_Size = 0x200
                0x0000000000000800                _Min_Stack_Size = 0x800

.isr_vector     0x0000000008000000      0x10c
                0x0000000008000000                . = ALIGN (0x4)
 *(.isr_vector)
 .isr_vector    0x0000000008000000      0x10c build/debug_STM32F1/hardware/source/STM32F1/source/startup_stm32f103xb.o
                0x0000000008000000                g_pfnVectors
                0x000000000800010c                . = ALIGN (0x4)

.text           0x0000000008000110     0x3ed8
                0x0000000008000110                . = ALIGN (0x4)
 *(.text)
 .text          0x0000000008000110       0xa4 /usr/lib/gcc/arm-none-eabi/6.3.1/thumb/v7-m/crtbegin.o
 .text          0x00000000080001b4       0x90 /usr/lib/gcc/arm-none-eabi/6.3.1/../../../arm-none-eabi/lib/thumb/v7-m/libm.a(lib_a-s_sin.o)
                0x00000000080001b4                sin
 *fill*         0x0000000008000244        0x4 
 .text          0x0000000008000248      0x42c /usr/lib/gcc/arm-none-eabi/6.3.1/../../../arm-none-eabi/lib/thumb/v7-m/libm.a(lib_a-e_rem_pio2.o)
                0x0000000008000248                __ieee754_rem_pio2
 *fill*         0x0000000008000674        0x4 
 .text          0x0000000008000678      0x248 /usr/lib/gcc/arm-none-eabi/6.3.1/../../../arm-none-eabi/lib/thumb/v7-m/libm.a(lib_a-k_cos.o)
                0x0000000008000678                __kernel_cos
 .text          0x00000000080008c0      0x88c /usr/lib/gcc/arm-none-eabi/6.3.1/../../../arm-none-eabi/lib/thumb/v7-m/libm.a(lib_a-k_rem_pio2.o)
                0x00000000080008c0                __kernel_rem_pio2
 *fill*         0x000000000800114c        0x4 
 .text          0x0000000008001150      0x16c /usr/lib/gcc/arm-none-eabi/6.3.1/../../../arm-none-eabi/lib/thumb/v7-m/libm.a(lib_a-k_sin.o)
                0x0000000008001150                __kernel_sin
 .text          0x00000000080012bc        0x8 /usr/lib/gcc/arm-none-eabi/6.3.1/../../../arm-none-eabi/lib/thumb/v7-m/libm.a(lib_a-s_fabs.o)
                0x00000000080012bc                fabs
 *fill*         0x00000000080012c4        0x4 
 .text          0x00000000080012c8      0x118 /usr/lib/gcc/arm-none-eabi/6.3.1/../../../arm-none-eabi/lib/thumb/v7-m/libm.a(lib_a-s_floor.o)
                0x00000000080012c8                floor
 .text          0x00000000080013e0       0xe4 /usr/lib/gcc/arm-none-eabi/6.3.1/../../../arm-none-eabi/lib/thumb/v7-m/libm.a(lib_a-s_scalbn.o)
                0x00000000080013e0                scalbn
 .text          0x00000000080014c4       0x10 /usr/lib/gcc/arm-none-eabi/6.3.1/../../../arm-none-eabi/lib/thumb/v7-m/libm.a(lib_a-s_copysign.o)
                0x00000000080014c4                copysign
 .text          0x00000000080014d4       0x10 /usr/lib/gcc/arm-none-eabi/6.3.1/../../../arm-none-eabi/lib/thumb/v7-m/libc_nano.a(lib_a-calloc.o)
                0x00000000080014d4                calloc
 .text          0x00000000080014e4       0x50 /usr/lib/gcc/arm-none-eabi/6.3.1/../../../arm-none-eabi/lib/thumb/v7-m/libc_nano.a(lib_a-init.o)
                0x00000000080014e4                __libc_init_array
 .text          0x0000000008001534       0x9c /usr/lib/gcc/arm-none-eabi/6.3.1/../../../arm-none-eabi/lib/thumb/v7-m/libc_nano.a(lib_a-memset.o)
                0x0000000008001534                memset
 .text          0x00000000080015d0       0x1c /usr/lib/gcc/arm-none-eabi/6.3.1/../../../arm-none-eabi/lib/thumb/v7-m/libc_nano.a(lib_a-nano-callocr.o)
                0x00000000080015d0                _calloc_r
 .text          0x00000000080015ec       0xbc /usr/lib/gcc/arm-none-eabi/6.3.1/../../../arm-none-eabi/lib/thumb/v7-m/libc_nano.a(lib_a-nano-mallocr.o)
                0x00000000080015ec                _malloc_r
 .text          0x00000000080016a8      0x10c /usr/lib/gcc/arm-none-eabi/6.3.1/../../../arm-none-eabi/lib/thumb/v7-m/libc_nano.a(lib_a-rand.o)
                0x00000000080016a8                srand
                0x0000000008001710                rand
 .text          0x00000000080017b4       0x24 /usr/lib/gcc/arm-none-eabi/6.3.1/../../../arm-none-eabi/lib/thumb/v7-m/libc_nano.a(lib_a-sbrkr.o)
                0x00000000080017b4                _sbrk_r
 .text          0x00000000080017d8       0x20 /usr/lib/gcc/arm-none-eabi/6.3.1/../../../arm-none-eabi/lib/thumb/v7-m/libc_nano.a(lib_a-malloc.o)
                0x00000000080017d8                malloc
                0x00000000080017e8                free
 .text          0x00000000080017f8       0x90 /usr/lib/gcc/arm-none-eabi/6.3.1/../../../arm-none-eabi/lib/thumb/v7-m/libc_nano.a(lib_a-nano-freer.o)
                0x00000000080017f8                _free_r
 .text          0x0000000008001888       0x1c /usr/lib/gcc/arm-none-eabi/6.3.1/../../../arm-none-eabi/lib/thumb/v7-m/libnosys.a(sbrk.o)
                0x0000000008001888                _sbrk
 .text          0x00000000080018a4      0x370 /usr/lib/gcc/arm-none-eabi/6.3.1/thumb/v7-m/libgcc.a(_arm_addsubdf3.o)
                0x00000000080018a4                __aeabi_drsub
                0x00000000080018ac                __aeabi_dsub
                0x00000000080018ac                __subdf3
                0x00000000080018b0                __adddf3
                0x00000000080018b0                __aeabi_dadd
                0x0000000008001b28                __aeabi_ui2d
                0x0000000008001b28                __floatunsidf
                0x0000000008001b48                __floatsidf
                0x0000000008001b48                __aeabi_i2d
                0x0000000008001b6c                __extendsfdf2
                0x0000000008001b6c                __aeabi_f2d
                0x0000000008001ba8                __aeabi_ul2d
                0x0000000008001ba8                __floatundidf
                0x0000000008001bb8                __floatdidf
                0x0000000008001bb8                __aeabi_l2d
 .text          0x0000000008001c14      0x424 /usr/lib/gcc/arm-none-eabi/6.3.1/thumb/v7-m/libgcc.a(_arm_muldivdf3.o)
                0x0000000008001c14                __aeabi_dmul
                0x0000000008001c14                __muldf3
                0x0000000008001e68                __aeabi_ddiv
                0x0000000008001e68                __divdf3
 .text          0x0000000008002038      0x110 /usr/lib/gcc/arm-none-eabi/6.3.1/thumb/v7-m/libgcc.a(_arm_cmpdf2.o)
                0x0000000008002038                __gtdf2
                0x0000000008002038                __gedf2
                0x0000000008002040                __ltdf2
                0x0000000008002040                __ledf2
                0x0000000008002048                __cmpdf2
                0x0000000008002048                __eqdf2
                0x0000000008002048                __nedf2
                0x00000000080020c4                __aeabi_cdrcmple
                0x00000000080020d4                __aeabi_cdcmple
                0x00000000080020d4                __aeabi_cdcmpeq
                0x00000000080020e4                __aeabi_dcmpeq
                0x00000000080020f8                __aeabi_dcmplt
                0x000000000800210c                __aeabi_dcmple
                0x0000000008002120                __aeabi_dcmpge
                0x0000000008002134                __aeabi_dcmpgt
 .text          0x0000000008002148       0x50 /usr/lib/gcc/arm-none-eabi/6.3.1/thumb/v7-m/libgcc.a(_arm_fixdfsi.o)
                0x0000000008002148                __fixdfsi
                0x0000000008002148                __aeabi_d2iz
 .text          0x0000000008002198       0x40 /usr/lib/gcc/arm-none-eabi/6.3.1/thumb/v7-m/libgcc.a(_arm_fixunsdfsi.o)
                0x0000000008002198                __fixunsdfsi
                0x0000000008002198                __aeabi_d2uiz
 .text          0x00000000080021d8       0xa0 /usr/lib/gcc/arm-none-eabi/6.3.1/thumb/v7-m/libgcc.a(_arm_truncdfsf2.o)
                0x00000000080021d8                __aeabi_d2f
                0x00000000080021d8                __truncdfsf2
 .text          0x0000000008002278      0x21c /usr/lib/gcc/arm-none-eabi/6.3.1/thumb/v7-m/libgcc.a(_arm_addsubsf3.o)
                0x0000000008002278                __aeabi_frsub
                0x0000000008002280                __subsf3
                0x0000000008002280                __aeabi_fsub
                0x0000000008002284                __aeabi_fadd
                0x0000000008002284                __addsf3
                0x00000000080023e4                __aeabi_ui2f
                0x00000000080023e4                __floatunsisf
                0x00000000080023ec                __aeabi_i2f
                0x00000000080023ec                __floatsisf
                0x0000000008002408                __floatundisf
                0x0000000008002408                __aeabi_ul2f
                0x0000000008002418                __floatdisf
                0x0000000008002418                __aeabi_l2f
 .text          0x0000000008002494      0x2a0 /usr/lib/gcc/arm-none-eabi/6.3.1/thumb/v7-m/libgcc.a(_arm_muldivsf3.o)
                0x0000000008002494                __mulsf3
                0x0000000008002494                __aeabi_fmul
                0x00000000080025fc                __divsf3
                0x00000000080025fc                __aeabi_fdiv
 .text          0x0000000008002734       0xec /usr/lib/gcc/arm-none-eabi/6.3.1/thumb/v7-m/libgcc.a(_arm_cmpsf2.o)
                0x0000000008002734                __gtsf2
                0x0000000008002734                __gesf2
                0x000000000800273c                __lesf2
                0x000000000800273c                __ltsf2
                0x0000000008002744                __nesf2
                0x0000000008002744                __eqsf2
                0x0000000008002744                __cmpsf2
                0x00000000080027a4                __aeabi_cfrcmple
                0x00000000080027ac                __aeabi_cfcmple
                0x00000000080027ac                __aeabi_cfcmpeq
                0x00000000080027bc                __aeabi_fcmpeq
                0x00000000080027d0                __aeabi_fcmplt
                0x00000000080027e4                __aeabi_fcmple
                0x00000000080027f8                __aeabi_fcmpge
                0x000000000800280c                __aeabi_fcmpgt
 .text          0x0000000008002820       0x4c /usr/lib/gcc/arm-none-eabi/6.3.1/thumb/v7-m/libgcc.a(_arm_fixsfsi.o)
                0x0000000008002820                __fixsfsi
                0x0000000008002820                __aeabi_f2iz
 *(.text*)
 *fill*         0x000000000800286c        0x4 
 .text.main     0x0000000008002870      0x754 build/debug_STM32F1/source/main.o
                0x0000000008002870                main
 .text.init_sinLUT
                0x0000000008002fc4       0x64 build/debug_STM32F1/source/sin_lut.o
                0x0000000008002fc4                init_sinLUT
 .text.sin_LUT_double
                0x0000000008003028       0x44 build/debug_STM32F1/source/sin_lut.o
                0x0000000008003028                sin_LUT_double
 .text.sin_LUT_float
                0x000000000800306c       0x40 build/debug_STM32F1/source/sin_lut.o
                0x000000000800306c                sin_LUT_float
 .text.sin_LUT_fixedPoint
                0x00000000080030ac       0x24 build/debug_STM32F1/source/sin_lut.o
                0x00000000080030ac                sin_LUT_fixedPoint
 .text.sin_LUT_double_interpolate
                0x00000000080030d0       0xe8 build/debug_STM32F1/source/sin_lut.o
                0x00000000080030d0                sin_LUT_double_interpolate
 .text.sin_LUT_float_interpolate
                0x00000000080031b8       0xb4 build/debug_STM32F1/source/sin_lut.o
                0x00000000080031b8                sin_LUT_float_interpolate
 .text.MX_GPIO_Init
                0x000000000800326c       0x78 build/debug_STM32F1/hardware/source/STM32F1/source/STM32F1.o
 .text.SystemClock_Config
                0x00000000080032e4       0x54 build/debug_STM32F1/hardware/source/STM32F1/source/STM32F1.o
                0x00000000080032e4                SystemClock_Config
 .text.initHardware
                0x0000000008003338       0x16 build/debug_STM32F1/hardware/source/STM32F1/source/STM32F1.o
                0x0000000008003338                initHardware
 *fill*         0x000000000800334e        0x2 
 .text.assert_failed
                0x0000000008003350       0x24 build/debug_STM32F1/hardware/source/STM32F1/source/STM32F1.o
                0x0000000008003350                assert_failed
 .text.systemTime_create
                0x0000000008003374       0x1c build/debug_STM32F1/hardware/source/STM32F1/source/STM32F1.o
                0x0000000008003374                systemTime_create
 .text.getSystemTime
                0x0000000008003390       0x7c build/debug_STM32F1/hardware/source/STM32F1/source/STM32F1.o
                0x0000000008003390                getSystemTime
 *fill*         0x000000000800340c        0x4 
 .text.elapsedSystemTime_ns
                0x0000000008003410       0x98 build/debug_STM32F1/hardware/source/STM32F1/source/STM32F1.o
                0x0000000008003410                elapsedSystemTime_ns
 .text.systemTimeDiff_ns
                0x00000000080034a8       0x38 build/debug_STM32F1/hardware/source/STM32F1/source/STM32F1.o
                0x00000000080034a8                systemTimeDiff_ns
 .text.printResults_CUT
                0x00000000080034e0       0x14 build/debug_STM32F1/hardware/source/STM32F1/source/STM32F1.o
                0x00000000080034e0                printResults_CUT
 .text.HAL_MspInit
                0x00000000080034f4       0x44 build/debug_STM32F1/hardware/source/STM32F1/source/stm32f1xx_hal_msp.o
                0x00000000080034f4                HAL_MspInit
 .text.NMI_Handler
                0x0000000008003538        0x2 build/debug_STM32F1/hardware/source/STM32F1/source/stm32f1xx_it.o
                0x0000000008003538                NMI_Handler
 .text.HardFault_Handler
                0x000000000800353a        0x2 build/debug_STM32F1/hardware/source/STM32F1/source/stm32f1xx_it.o
                0x000000000800353a                HardFault_Handler
 .text.MemManage_Handler
                0x000000000800353c        0x2 build/debug_STM32F1/hardware/source/STM32F1/source/stm32f1xx_it.o
                0x000000000800353c                MemManage_Handler
 .text.BusFault_Handler
                0x000000000800353e        0x2 build/debug_STM32F1/hardware/source/STM32F1/source/stm32f1xx_it.o
                0x000000000800353e                BusFault_Handler
 .text.UsageFault_Handler
                0x0000000008003540        0x2 build/debug_STM32F1/hardware/source/STM32F1/source/stm32f1xx_it.o
                0x0000000008003540                UsageFault_Handler
 .text.SVC_Handler
                0x0000000008003542        0x2 build/debug_STM32F1/hardware/source/STM32F1/source/stm32f1xx_it.o
                0x0000000008003542                SVC_Handler
 .text.DebugMon_Handler
                0x0000000008003544        0x2 build/debug_STM32F1/hardware/source/STM32F1/source/stm32f1xx_it.o
                0x0000000008003544                DebugMon_Handler
 .text.PendSV_Handler
                0x0000000008003546        0x2 build/debug_STM32F1/hardware/source/STM32F1/source/stm32f1xx_it.o
                0x0000000008003546                PendSV_Handler
 .text.SysTick_Handler
                0x0000000008003548        0x8 build/debug_STM32F1/hardware/source/STM32F1/source/stm32f1xx_it.o
                0x0000000008003548                SysTick_Handler
 .text.SystemInit
                0x0000000008003550       0x4c build/debug_STM32F1/hardware/source/STM32F1/source/system_stm32f1xx.o
                0x0000000008003550                SystemInit
 .text.SystemCoreClockUpdate
                0x000000000800359c       0x94 build/debug_STM32F1/hardware/source/STM32F1/source/system_stm32f1xx.o
                0x000000000800359c                SystemCoreClockUpdate
 .text.HAL_InitTick
                0x0000000008003630       0x4c build/debug_STM32F1/libraries/STM32CubeF1/STM32F1xx_HAL_Driver/Src/stm32f1xx_hal.o
                0x0000000008003630                HAL_InitTick
 .text.HAL_Init
                0x000000000800367c       0x24 build/debug_STM32F1/libraries/STM32CubeF1/STM32F1xx_HAL_Driver/Src/stm32f1xx_hal.o
                0x000000000800367c                HAL_Init
 .text.HAL_IncTick
                0x00000000080036a0       0x18 build/debug_STM32F1/libraries/STM32CubeF1/STM32F1xx_HAL_Driver/Src/stm32f1xx_hal.o
                0x00000000080036a0                HAL_IncTick
 .text.HAL_GetTick
                0x00000000080036b8        0xc build/debug_STM32F1/libraries/STM32CubeF1/STM32F1xx_HAL_Driver/Src/stm32f1xx_hal.o
                0x00000000080036b8                HAL_GetTick
 .text.RCC_Delay
                0x00000000080036c4       0x2c build/debug_STM32F1/libraries/STM32CubeF1/STM32F1xx_HAL_Driver/Src/stm32f1xx_hal_rcc.o
 .text.HAL_RCC_OscConfig
                0x00000000080036f0      0x410 build/debug_STM32F1/libraries/STM32CubeF1/STM32F1xx_HAL_Driver/Src/stm32f1xx_hal_rcc.o
                0x00000000080036f0                HAL_RCC_OscConfig
 .text.HAL_RCC_GetSysClockFreq
                0x0000000008003b00       0x6c build/debug_STM32F1/libraries/STM32CubeF1/STM32F1xx_HAL_Driver/Src/stm32f1xx_hal_rcc.o
                0x0000000008003b00                HAL_RCC_GetSysClockFreq
 .text.HAL_RCC_ClockConfig
                0x0000000008003b6c      0x168 build/debug_STM32F1/libraries/STM32CubeF1/STM32F1xx_HAL_Driver/Src/stm32f1xx_hal_rcc.o
                0x0000000008003b6c                HAL_RCC_ClockConfig
 .text.HAL_GPIO_Init
                0x0000000008003cd4      0x1f0 build/debug_STM32F1/libraries/STM32CubeF1/STM32F1xx_HAL_Driver/Src/stm32f1xx_hal_gpio.o
                0x0000000008003cd4                HAL_GPIO_Init
 .text.HAL_GPIO_WritePin
                0x0000000008003ec4        0xc build/debug_STM32F1/libraries/STM32CubeF1/STM32F1xx_HAL_Driver/Src/stm32f1xx_hal_gpio.o
                0x0000000008003ec4                HAL_GPIO_WritePin
 .text.HAL_NVIC_SetPriorityGrouping
                0x0000000008003ed0       0x24 build/debug_STM32F1/libraries/STM32CubeF1/STM32F1xx_HAL_Driver/Src/stm32f1xx_hal_cortex.o
                0x0000000008003ed0                HAL_NVIC_SetPriorityGrouping
 .text.HAL_NVIC_SetPriority
                0x0000000008003ef4       0x64 build/debug_STM32F1/libraries/STM32CubeF1/STM32F1xx_HAL_Driver/Src/stm32f1xx_hal_cortex.o
                0x0000000008003ef4                HAL_NVIC_SetPriority
 .text.HAL_SYSTICK_Config
                0x0000000008003f58       0x2c build/debug_STM32F1/libraries/STM32CubeF1/STM32F1xx_HAL_Driver/Src/stm32f1xx_hal_cortex.o
                0x0000000008003f58                HAL_SYSTICK_Config
 .text.Reset_Handler
                0x0000000008003f84       0x48 build/debug_STM32F1/hardware/source/STM32F1/source/startup_stm32f103xb.o
                0x0000000008003f84                Reset_Handler
 .text.Default_Handler
                0x0000000008003fcc        0x2 build/debug_STM32F1/hardware/source/STM32F1/source/startup_stm32f103xb.o
                0x0000000008003fcc                RTC_Alarm_IRQHandler
                0x0000000008003fcc                EXTI2_IRQHandler
                0x0000000008003fcc                TIM1_CC_IRQHandler
                0x0000000008003fcc                PVD_IRQHandler
                0x0000000008003fcc                EXTI3_IRQHandler
                0x0000000008003fcc                EXTI0_IRQHandler
                0x0000000008003fcc                I2C2_EV_IRQHandler
                0x0000000008003fcc                ADC1_2_IRQHandler
                0x0000000008003fcc                SPI1_IRQHandler
                0x0000000008003fcc                TAMPER_IRQHandler
                0x0000000008003fcc                DMA1_Channel4_IRQHandler
                0x0000000008003fcc                USART3_IRQHandler
                0x0000000008003fcc                RTC_IRQHandler
                0x0000000008003fcc                DMA1_Channel7_IRQHandler
                0x0000000008003fcc                CAN1_RX1_IRQHandler
                0x0000000008003fcc                TIM4_IRQHandler
                0x0000000008003fcc                I2C1_EV_IRQHandler
                0x0000000008003fcc                DMA1_Channel6_IRQHandler
                0x0000000008003fcc                TIM3_IRQHandler
                0x0000000008003fcc                RCC_IRQHandler
                0x0000000008003fcc                TIM1_TRG_COM_IRQHandler
                0x0000000008003fcc                DMA1_Channel1_IRQHandler
                0x0000000008003fcc                Default_Handler
                0x0000000008003fcc                EXTI15_10_IRQHandler
                0x0000000008003fcc                EXTI9_5_IRQHandler
                0x0000000008003fcc                SPI2_IRQHandler
                0x0000000008003fcc                DMA1_Channel5_IRQHandler
                0x0000000008003fcc                EXTI4_IRQHandler
                0x0000000008003fcc                USB_LP_CAN1_RX0_IRQHandler
                0x0000000008003fcc                USB_HP_CAN1_TX_IRQHandler
                0x0000000008003fcc                DMA1_Channel3_IRQHandler
                0x0000000008003fcc                TIM1_UP_IRQHandler
                0x0000000008003fcc                WWDG_IRQHandler
                0x0000000008003fcc                TIM2_IRQHandler
                0x0000000008003fcc                TIM1_BRK_IRQHandler
                0x0000000008003fcc                EXTI1_IRQHandler
                0x0000000008003fcc                USART2_IRQHandler
                0x0000000008003fcc                I2C2_ER_IRQHandler
                0x0000000008003fcc                DMA1_Channel2_IRQHandler
                0x0000000008003fcc                CAN1_SCE_IRQHandler
                0x0000000008003fcc                FLASH_IRQHandler
                0x0000000008003fcc                USART1_IRQHandler
                0x0000000008003fcc                I2C1_ER_IRQHandler
                0x0000000008003fcc                USBWakeUp_IRQHandler
 *(.glue_7)
 .glue_7        0x0000000008003fce        0x0 linker stubs
 *(.glue_7t)
 .glue_7t       0x0000000008003fce        0x0 linker stubs
 *(.eh_frame)
 *fill*         0x0000000008003fce        0x2 
 .eh_frame      0x0000000008003fd0        0x0 /usr/lib/gcc/arm-none-eabi/6.3.1/thumb/v7-m/crtbegin.o
 *(.init)
 .init          0x0000000008003fd0        0x4 /usr/lib/gcc/arm-none-eabi/6.3.1/thumb/v7-m/crti.o
                0x0000000008003fd0                _init
 .init          0x0000000008003fd4        0x8 /usr/lib/gcc/arm-none-eabi/6.3.1/thumb/v7-m/crtn.o
 *(.fini)
 .fini          0x0000000008003fdc        0x4 /usr/lib/gcc/arm-none-eabi/6.3.1/thumb/v7-m/crti.o
                0x0000000008003fdc                _fini
 .fini          0x0000000008003fe0        0x8 /usr/lib/gcc/arm-none-eabi/6.3.1/thumb/v7-m/crtn.o
                0x0000000008003fe8                . = ALIGN (0x4)
                0x0000000008003fe8                _etext = .

.vfp11_veneer   0x0000000008003fe8        0x0
 .vfp11_veneer  0x0000000008003fe8        0x0 linker stubs

.v4_bx          0x0000000008003fe8        0x0
 .v4_bx         0x0000000008003fe8        0x0 linker stubs

.iplt           0x0000000008003fe8        0x0
 .iplt          0x0000000008003fe8        0x0 /usr/lib/gcc/arm-none-eabi/6.3.1/thumb/v7-m/crtbegin.o

.rodata         0x0000000008003fe8      0x448
                0x0000000008003fe8                . = ALIGN (0x4)
 *(.rodata)
 .rodata        0x0000000008003fe8      0x238 build/debug_STM32F1/source/main.o
 .rodata        0x0000000008004220       0x12 build/debug_STM32F1/libraries/STM32CubeF1/STM32F1xx_HAL_Driver/Src/stm32f1xx_hal_rcc.o
 *fill*         0x0000000008004232        0x2 
 .rodata        0x0000000008004234      0x188 /usr/lib/gcc/arm-none-eabi/6.3.1/../../../arm-none-eabi/lib/thumb/v7-m/libm.a(lib_a-e_rem_pio2.o)
 *fill*         0x00000000080043bc        0x4 
 .rodata        0x00000000080043c0       0x50 /usr/lib/gcc/arm-none-eabi/6.3.1/../../../arm-none-eabi/lib/thumb/v7-m/libm.a(lib_a-k_rem_pio2.o)
 *(.rodata*)
 .rodata.systemTime_create.str1.4
                0x0000000008004410        0xa build/debug_STM32F1/hardware/source/STM32F1/source/STM32F1.o
 *fill*         0x000000000800441a        0x2 
 .rodata.AHBPrescTable
                0x000000000800441c       0x10 build/debug_STM32F1/hardware/source/STM32F1/source/system_stm32f1xx.o
                0x000000000800441c                AHBPrescTable
 .rodata.str1.4
                0x000000000800442c        0x4 /usr/lib/gcc/arm-none-eabi/6.3.1/../../../arm-none-eabi/lib/thumb/v7-m/libc_nano.a(lib_a-impure.o)
                                          0x2 (size before relaxing)
                0x0000000008004430                . = ALIGN (0x4)

.rel.dyn        0x0000000008004430        0x0
 .rel.iplt      0x0000000008004430        0x0 /usr/lib/gcc/arm-none-eabi/6.3.1/thumb/v7-m/crtbegin.o

.ARM.extab
 *(.ARM.extab* .gnu.linkonce.armextab.*)

.ARM            0x0000000008004430        0x0
                0x0000000008004430                __exidx_start = .
 *(.ARM.exidx*)
                0x0000000008004430                __exidx_end = .

.preinit_array  0x0000000008004430        0x0
                0x0000000008004430                PROVIDE (__preinit_array_start, .)
 *(.preinit_array*)
                0x0000000008004430                PROVIDE (__preinit_array_end, .)

.init_array     0x0000000008004430        0x4
                0x0000000008004430                PROVIDE (__init_array_start, .)
 *(SORT(.init_array.*))
 *(.init_array*)
 .init_array    0x0000000008004430        0x4 /usr/lib/gcc/arm-none-eabi/6.3.1/thumb/v7-m/crtbegin.o
                0x0000000008004434                PROVIDE (__init_array_end, .)

.fini_array     0x0000000008004434        0x4
                0x0000000008004434                PROVIDE (__fini_array_start, .)
 *(SORT(.fini_array.*))
 *(.fini_array*)
 .fini_array    0x0000000008004434        0x4 /usr/lib/gcc/arm-none-eabi/6.3.1/thumb/v7-m/crtbegin.o
                0x0000000008004438                PROVIDE (__fini_array_end, .)
                0x0000000008004438                _sidata = LOADADDR (.data)

.data           0x0000000020000000       0x74 load address 0x0000000008004438
                0x0000000020000000                . = ALIGN (0x4)
                0x0000000020000000                _sdata = .
 *(.data)
 .data          0x0000000020000000       0x64 /usr/lib/gcc/arm-none-eabi/6.3.1/../../../arm-none-eabi/lib/thumb/v7-m/libc_nano.a(lib_a-impure.o)
                0x0000000020000000                _impure_ptr
 *(.data*)
 .data.testIterations
                0x0000000020000064        0x4 build/debug_STM32F1/source/main.o
                0x0000000020000064                testIterations
 .data.SystemCoreClock
                0x0000000020000068        0x4 build/debug_STM32F1/hardware/source/STM32F1/source/system_stm32f1xx.o
                0x0000000020000068                SystemCoreClock
 .data.uwTickFreq
                0x000000002000006c        0x1 build/debug_STM32F1/libraries/STM32CubeF1/STM32F1xx_HAL_Driver/Src/stm32f1xx_hal.o
                0x000000002000006c                uwTickFreq
 *fill*         0x000000002000006d        0x3 
 .data.uwTickPrio
                0x0000000020000070        0x4 build/debug_STM32F1/libraries/STM32CubeF1/STM32F1xx_HAL_Driver/Src/stm32f1xx_hal.o
                0x0000000020000070                uwTickPrio
                0x0000000020000074                . = ALIGN (0x4)
                0x0000000020000074                _edata = .

.jcr            0x0000000020000074        0x0 load address 0x00000000080044ac
 .jcr           0x0000000020000074        0x0 /usr/lib/gcc/arm-none-eabi/6.3.1/thumb/v7-m/crtbegin.o

.tm_clone_table
                0x0000000020000074        0x0 load address 0x00000000080044ac
 .tm_clone_table
                0x0000000020000074        0x0 /usr/lib/gcc/arm-none-eabi/6.3.1/thumb/v7-m/crtbegin.o
 .tm_clone_table
                0x0000000020000074        0x0 /usr/lib/gcc/arm-none-eabi/6.3.1/thumb/v7-m/crtend.o

.igot.plt       0x0000000020000074        0x0 load address 0x00000000080044ac
 .igot.plt      0x0000000020000074        0x0 /usr/lib/gcc/arm-none-eabi/6.3.1/thumb/v7-m/crtbegin.o
                0x0000000020000074                . = ALIGN (0x4)

.bss            0x0000000020000078     0x1950 load address 0x00000000080044ac
                0x0000000020000078                _sbss = .
                0x0000000020000078                __bss_start__ = _sbss
 *(.bss)
 .bss           0x0000000020000078       0x1c /usr/lib/gcc/arm-none-eabi/6.3.1/thumb/v7-m/crtbegin.o
 .bss           0x0000000020000094        0x8 /usr/lib/gcc/arm-none-eabi/6.3.1/../../../arm-none-eabi/lib/thumb/v7-m/libc_nano.a(lib_a-nano-mallocr.o)
                0x0000000020000094                __malloc_free_list
                0x0000000020000098                __malloc_sbrk_start
 .bss           0x000000002000009c        0x4 /usr/lib/gcc/arm-none-eabi/6.3.1/../../../arm-none-eabi/lib/thumb/v7-m/libnosys.a(sbrk.o)
 *(.bss*)
 .bss.sinTable_double
                0x00000000200000a0      0xc90 build/debug_STM32F1/source/sin_lut.o
 .bss.sinTable_fixedPoint
                0x0000000020000d30      0x648 build/debug_STM32F1/source/sin_lut.o
 .bss.sinTable_float
                0x0000000020001378      0x648 build/debug_STM32F1/source/sin_lut.o
 *(COMMON)
 COMMON         0x00000000200019c0        0x4 build/debug_STM32F1/libraries/STM32CubeF1/STM32F1xx_HAL_Driver/Src/stm32f1xx_hal.o
                0x00000000200019c0                uwTick
 COMMON         0x00000000200019c4        0x4 /usr/lib/gcc/arm-none-eabi/6.3.1/../../../arm-none-eabi/lib/thumb/v7-m/libc_nano.a(lib_a-reent.o)
                0x00000000200019c4                errno
                0x00000000200019c8                . = ALIGN (0x4)
                0x00000000200019c8                _ebss = .
                0x00000000200019c8                __bss_end__ = _ebss

._user_heap_stack
                0x00000000200019c8      0xa00 load address 0x00000000080044ac
                0x00000000200019c8                . = ALIGN (0x8)
                0x00000000200019c8                PROVIDE (end, .)
                [!provide]                        PROVIDE (_end, .)
                0x0000000020001bc8                . = (. + _Min_Heap_Size)
 *fill*         0x00000000200019c8      0x200 
                0x00000000200023c8                . = (. + _Min_Stack_Size)
 *fill*         0x0000000020001bc8      0x800 
                0x00000000200023c8                . = ALIGN (0x8)

/DISCARD/
 libc.a(*)
 libm.a(*)
 libgcc.a(*)

.ARM.attributes
                0x0000000000000000       0x29
 *(.ARM.attributes)
 .ARM.attributes
                0x0000000000000000       0x1d /usr/lib/gcc/arm-none-eabi/6.3.1/thumb/v7-m/crti.o
 .ARM.attributes
                0x000000000000001d       0x2d /usr/lib/gcc/arm-none-eabi/6.3.1/thumb/v7-m/crtbegin.o
 .ARM.attributes
                0x000000000000004a       0x33 build/debug_STM32F1/source/main.o
 .ARM.attributes
                0x000000000000007d       0x33 build/debug_STM32F1/source/sin_lut.o
 .ARM.attributes
                0x00000000000000b0       0x33 build/debug_STM32F1/hardware/source/STM32F1/source/STM32F1.o
 .ARM.attributes
                0x00000000000000e3       0x33 build/debug_STM32F1/hardware/source/STM32F1/source/stm32f1xx_hal_msp.o
 .ARM.attributes
                0x0000000000000116       0x33 build/debug_STM32F1/hardware/source/STM32F1/source/stm32f1xx_it.o
 .ARM.attributes
                0x0000000000000149       0x33 build/debug_STM32F1/hardware/source/STM32F1/source/system_stm32f1xx.o
 .ARM.attributes
                0x000000000000017c       0x33 build/debug_STM32F1/libraries/STM32CubeF1/STM32F1xx_HAL_Driver/Src/stm32f1xx_hal.o
 .ARM.attributes
                0x00000000000001af       0x33 build/debug_STM32F1/libraries/STM32CubeF1/STM32F1xx_HAL_Driver/Src/stm32f1xx_hal_rcc.o
 .ARM.attributes
                0x00000000000001e2       0x33 build/debug_STM32F1/libraries/STM32CubeF1/STM32F1xx_HAL_Driver/Src/stm32f1xx_hal_gpio.o
 .ARM.attributes
                0x0000000000000215       0x33 build/debug_STM32F1/libraries/STM32CubeF1/STM32F1xx_HAL_Driver/Src/stm32f1xx_hal_cortex.o
 .ARM.attributes
                0x0000000000000248       0x21 build/debug_STM32F1/hardware/source/STM32F1/source/startup_stm32f103xb.o
 .ARM.attributes
                0x0000000000000269       0x2d /usr/lib/gcc/arm-none-eabi/6.3.1/../../../arm-none-eabi/lib/thumb/v7-m/libm.a(lib_a-s_sin.o)
 .ARM.attributes
                0x0000000000000296       0x2d /usr/lib/gcc/arm-none-eabi/6.3.1/../../../arm-none-eabi/lib/thumb/v7-m/libm.a(lib_a-e_rem_pio2.o)
 .ARM.attributes
                0x00000000000002c3       0x2d /usr/lib/gcc/arm-none-eabi/6.3.1/../../../arm-none-eabi/lib/thumb/v7-m/libm.a(lib_a-k_cos.o)
 .ARM.attributes
                0x00000000000002f0       0x2d /usr/lib/gcc/arm-none-eabi/6.3.1/../../../arm-none-eabi/lib/thumb/v7-m/libm.a(lib_a-k_rem_pio2.o)
 .ARM.attributes
                0x000000000000031d       0x2d /usr/lib/gcc/arm-none-eabi/6.3.1/../../../arm-none-eabi/lib/thumb/v7-m/libm.a(lib_a-k_sin.o)
 .ARM.attributes
                0x000000000000034a       0x2d /usr/lib/gcc/arm-none-eabi/6.3.1/../../../arm-none-eabi/lib/thumb/v7-m/libm.a(lib_a-s_fabs.o)
 .ARM.attributes
                0x0000000000000377       0x2d /usr/lib/gcc/arm-none-eabi/6.3.1/../../../arm-none-eabi/lib/thumb/v7-m/libm.a(lib_a-s_floor.o)
 .ARM.attributes
                0x00000000000003a4       0x2d /usr/lib/gcc/arm-none-eabi/6.3.1/../../../arm-none-eabi/lib/thumb/v7-m/libm.a(lib_a-s_scalbn.o)
 .ARM.attributes
                0x00000000000003d1       0x2d /usr/lib/gcc/arm-none-eabi/6.3.1/../../../arm-none-eabi/lib/thumb/v7-m/libm.a(lib_a-s_copysign.o)
 .ARM.attributes
                0x00000000000003fe       0x2d /usr/lib/gcc/arm-none-eabi/6.3.1/../../../arm-none-eabi/lib/thumb/v7-m/libc_nano.a(lib_a-calloc.o)
 .ARM.attributes
                0x000000000000042b       0x2d /usr/lib/gcc/arm-none-eabi/6.3.1/../../../arm-none-eabi/lib/thumb/v7-m/libc_nano.a(lib_a-impure.o)
 .ARM.attributes
                0x0000000000000458       0x2d /usr/lib/gcc/arm-none-eabi/6.3.1/../../../arm-none-eabi/lib/thumb/v7-m/libc_nano.a(lib_a-init.o)
 .ARM.attributes
                0x0000000000000485       0x2d /usr/lib/gcc/arm-none-eabi/6.3.1/../../../arm-none-eabi/lib/thumb/v7-m/libc_nano.a(lib_a-memset.o)
 .ARM.attributes
                0x00000000000004b2       0x2d /usr/lib/gcc/arm-none-eabi/6.3.1/../../../arm-none-eabi/lib/thumb/v7-m/libc_nano.a(lib_a-nano-callocr.o)
 .ARM.attributes
                0x00000000000004df       0x2d /usr/lib/gcc/arm-none-eabi/6.3.1/../../../arm-none-eabi/lib/thumb/v7-m/libc_nano.a(lib_a-nano-mallocr.o)
 .ARM.attributes
                0x000000000000050c       0x2d /usr/lib/gcc/arm-none-eabi/6.3.1/../../../arm-none-eabi/lib/thumb/v7-m/libc_nano.a(lib_a-rand.o)
 .ARM.attributes
                0x0000000000000539       0x2d /usr/lib/gcc/arm-none-eabi/6.3.1/../../../arm-none-eabi/lib/thumb/v7-m/libc_nano.a(lib_a-sbrkr.o)
 .ARM.attributes
                0x0000000000000566       0x2d /usr/lib/gcc/arm-none-eabi/6.3.1/../../../arm-none-eabi/lib/thumb/v7-m/libc_nano.a(lib_a-malloc.o)
 .ARM.attributes
                0x0000000000000593       0x2d /usr/lib/gcc/arm-none-eabi/6.3.1/../../../arm-none-eabi/lib/thumb/v7-m/libc_nano.a(lib_a-nano-freer.o)
 .ARM.attributes
                0x00000000000005c0       0x2d /usr/lib/gcc/arm-none-eabi/6.3.1/../../../arm-none-eabi/lib/thumb/v7-m/libc_nano.a(lib_a-reent.o)
 .ARM.attributes
                0x00000000000005ed       0x2d /usr/lib/gcc/arm-none-eabi/6.3.1/../../../arm-none-eabi/lib/thumb/v7-m/libnosys.a(sbrk.o)
 .ARM.attributes
                0x000000000000061a       0x1d /usr/lib/gcc/arm-none-eabi/6.3.1/thumb/v7-m/libgcc.a(_arm_addsubdf3.o)
 .ARM.attributes
                0x0000000000000637       0x1d /usr/lib/gcc/arm-none-eabi/6.3.1/thumb/v7-m/libgcc.a(_arm_muldivdf3.o)
 .ARM.attributes
                0x0000000000000654       0x1d /usr/lib/gcc/arm-none-eabi/6.3.1/thumb/v7-m/libgcc.a(_arm_cmpdf2.o)
 .ARM.attributes
                0x0000000000000671       0x1d /usr/lib/gcc/arm-none-eabi/6.3.1/thumb/v7-m/libgcc.a(_arm_fixdfsi.o)
 .ARM.attributes
                0x000000000000068e       0x1d /usr/lib/gcc/arm-none-eabi/6.3.1/thumb/v7-m/libgcc.a(_arm_fixunsdfsi.o)
 .ARM.attributes
                0x00000000000006ab       0x1d /usr/lib/gcc/arm-none-eabi/6.3.1/thumb/v7-m/libgcc.a(_arm_truncdfsf2.o)
 .ARM.attributes
                0x00000000000006c8       0x1d /usr/lib/gcc/arm-none-eabi/6.3.1/thumb/v7-m/libgcc.a(_arm_addsubsf3.o)
 .ARM.attributes
                0x00000000000006e5       0x1d /usr/lib/gcc/arm-none-eabi/6.3.1/thumb/v7-m/libgcc.a(_arm_muldivsf3.o)
 .ARM.attributes
                0x0000000000000702       0x1d /usr/lib/gcc/arm-none-eabi/6.3.1/thumb/v7-m/libgcc.a(_arm_cmpsf2.o)
 .ARM.attributes
                0x000000000000071f       0x1d /usr/lib/gcc/arm-none-eabi/6.3.1/thumb/v7-m/libgcc.a(_arm_fixsfsi.o)
 .ARM.attributes
                0x000000000000073c       0x2d /usr/lib/gcc/arm-none-eabi/6.3.1/thumb/v7-m/crtend.o
 .ARM.attributes
                0x0000000000000769       0x1d /usr/lib/gcc/arm-none-eabi/6.3.1/thumb/v7-m/crtn.o
OUTPUT(build/debug_STM32F1/debug.elf elf32-littlearm)

.comment        0x0000000000000000       0x31
 .comment       0x0000000000000000       0x31 /usr/lib/gcc/arm-none-eabi/6.3.1/thumb/v7-m/crtbegin.o
                                         0x32 (size before relaxing)
 .comment       0x0000000000000031       0x32 build/debug_STM32F1/source/main.o
 .comment       0x0000000000000031       0x32 build/debug_STM32F1/source/sin_lut.o
 .comment       0x0000000000000031       0x32 build/debug_STM32F1/hardware/source/STM32F1/source/STM32F1.o
 .comment       0x0000000000000031       0x32 build/debug_STM32F1/hardware/source/STM32F1/source/stm32f1xx_hal_msp.o
 .comment       0x0000000000000031       0x32 build/debug_STM32F1/hardware/source/STM32F1/source/stm32f1xx_it.o
 .comment       0x0000000000000031       0x32 build/debug_STM32F1/hardware/source/STM32F1/source/system_stm32f1xx.o
 .comment       0x0000000000000031       0x32 build/debug_STM32F1/libraries/STM32CubeF1/STM32F1xx_HAL_Driver/Src/stm32f1xx_hal.o
 .comment       0x0000000000000031       0x32 build/debug_STM32F1/libraries/STM32CubeF1/STM32F1xx_HAL_Driver/Src/stm32f1xx_hal_rcc.o
 .comment       0x0000000000000031       0x32 build/debug_STM32F1/libraries/STM32CubeF1/STM32F1xx_HAL_Driver/Src/stm32f1xx_hal_gpio.o
 .comment       0x0000000000000031       0x32 build/debug_STM32F1/libraries/STM32CubeF1/STM32F1xx_HAL_Driver/Src/stm32f1xx_hal_cortex.o
 .comment       0x0000000000000031       0x32 /usr/lib/gcc/arm-none-eabi/6.3.1/../../../arm-none-eabi/lib/thumb/v7-m/libm.a(lib_a-s_sin.o)
 .comment       0x0000000000000031       0x32 /usr/lib/gcc/arm-none-eabi/6.3.1/../../../arm-none-eabi/lib/thumb/v7-m/libm.a(lib_a-e_rem_pio2.o)
 .comment       0x0000000000000031       0x32 /usr/lib/gcc/arm-none-eabi/6.3.1/../../../arm-none-eabi/lib/thumb/v7-m/libm.a(lib_a-k_cos.o)
 .comment       0x0000000000000031       0x32 /usr/lib/gcc/arm-none-eabi/6.3.1/../../../arm-none-eabi/lib/thumb/v7-m/libm.a(lib_a-k_rem_pio2.o)
 .comment       0x0000000000000031       0x32 /usr/lib/gcc/arm-none-eabi/6.3.1/../../../arm-none-eabi/lib/thumb/v7-m/libm.a(lib_a-k_sin.o)
 .comment       0x0000000000000031       0x32 /usr/lib/gcc/arm-none-eabi/6.3.1/../../../arm-none-eabi/lib/thumb/v7-m/libm.a(lib_a-s_fabs.o)
 .comment       0x0000000000000031       0x32 /usr/lib/gcc/arm-none-eabi/6.3.1/../../../arm-none-eabi/lib/thumb/v7-m/libm.a(lib_a-s_floor.o)
 .comment       0x0000000000000031       0x32 /usr/lib/gcc/arm-none-eabi/6.3.1/../../../arm-none-eabi/lib/thumb/v7-m/libm.a(lib_a-s_scalbn.o)
 .comment       0x0000000000000031       0x32 /usr/lib/gcc/arm-none-eabi/6.3.1/../../../arm-none-eabi/lib/thumb/v7-m/libm.a(lib_a-s_copysign.o)
 .comment       0x0000000000000031       0x32 /usr/lib/gcc/arm-none-eabi/6.3.1/../../../arm-none-eabi/lib/thumb/v7-m/libc_nano.a(lib_a-calloc.o)
 .comment       0x0000000000000031       0x32 /usr/lib/gcc/arm-none-eabi/6.3.1/../../../arm-none-eabi/lib/thumb/v7-m/libc_nano.a(lib_a-impure.o)
 .comment       0x0000000000000031       0x32 /usr/lib/gcc/arm-none-eabi/6.3.1/../../../arm-none-eabi/lib/thumb/v7-m/libc_nano.a(lib_a-init.o)
 .comment       0x0000000000000031       0x32 /usr/lib/gcc/arm-none-eabi/6.3.1/../../../arm-none-eabi/lib/thumb/v7-m/libc_nano.a(lib_a-memset.o)
 .comment       0x0000000000000031       0x32 /usr/lib/gcc/arm-none-eabi/6.3.1/../../../arm-none-eabi/lib/thumb/v7-m/libc_nano.a(lib_a-nano-callocr.o)
 .comment       0x0000000000000031       0x32 /usr/lib/gcc/arm-none-eabi/6.3.1/../../../arm-none-eabi/lib/thumb/v7-m/libc_nano.a(lib_a-nano-mallocr.o)
 .comment       0x0000000000000031       0x32 /usr/lib/gcc/arm-none-eabi/6.3.1/../../../arm-none-eabi/lib/thumb/v7-m/libc_nano.a(lib_a-rand.o)
 .comment       0x0000000000000031       0x32 /usr/lib/gcc/arm-none-eabi/6.3.1/../../../arm-none-eabi/lib/thumb/v7-m/libc_nano.a(lib_a-sbrkr.o)
 .comment       0x0000000000000031       0x32 /usr/lib/gcc/arm-none-eabi/6.3.1/../../../arm-none-eabi/lib/thumb/v7-m/libc_nano.a(lib_a-malloc.o)
 .comment       0x0000000000000031       0x32 /usr/lib/gcc/arm-none-eabi/6.3.1/../../../arm-none-eabi/lib/thumb/v7-m/libc_nano.a(lib_a-nano-freer.o)
 .comment       0x0000000000000031       0x32 /usr/lib/gcc/arm-none-eabi/6.3.1/../../../arm-none-eabi/lib/thumb/v7-m/libc_nano.a(lib_a-reent.o)
 .comment       0x0000000000000031       0x32 /usr/lib/gcc/arm-none-eabi/6.3.1/../../../arm-none-eabi/lib/thumb/v7-m/libnosys.a(sbrk.o)
 .comment       0x0000000000000031       0x32 /usr/lib/gcc/arm-none-eabi/6.3.1/thumb/v7-m/crtend.o

.debug_info     0x0000000000000000    0x125a0
 .debug_info    0x0000000000000000      0xfb5 build/debug_STM32F1/source/main.o
 .debug_info    0x0000000000000fb5      0xc78 build/debug_STM32F1/source/sin_lut.o
 .debug_info    0x0000000000001c2d     0x12a9 build/debug_STM32F1/hardware/source/STM32F1/source/STM32F1.o
 .debug_info    0x0000000000002ed6      0x2d0 build/debug_STM32F1/hardware/source/STM32F1/source/stm32f1xx_hal_msp.o
 .debug_info    0x00000000000031a6      0x21a build/debug_STM32F1/hardware/source/STM32F1/source/stm32f1xx_it.o
 .debug_info    0x00000000000033c0      0x43b build/debug_STM32F1/hardware/source/STM32F1/source/system_stm32f1xx.o
 .debug_info    0x00000000000037fb      0x7ad build/debug_STM32F1/libraries/STM32CubeF1/STM32F1xx_HAL_Driver/Src/stm32f1xx_hal.o
 .debug_info    0x0000000000003fa8      0x9e7 build/debug_STM32F1/libraries/STM32CubeF1/STM32F1xx_HAL_Driver/Src/stm32f1xx_hal_rcc.o
 .debug_info    0x000000000000498f      0x694 build/debug_STM32F1/libraries/STM32CubeF1/STM32F1xx_HAL_Driver/Src/stm32f1xx_hal_gpio.o
 .debug_info    0x0000000000005023      0xcaf build/debug_STM32F1/libraries/STM32CubeF1/STM32F1xx_HAL_Driver/Src/stm32f1xx_hal_cortex.o
 .debug_info    0x0000000000005cd2       0xc2 build/debug_STM32F1/hardware/source/STM32F1/source/startup_stm32f103xb.o
 .debug_info    0x0000000000005d94      0xa35 /usr/lib/gcc/arm-none-eabi/6.3.1/../../../arm-none-eabi/lib/thumb/v7-m/libm.a(lib_a-s_sin.o)
 .debug_info    0x00000000000067c9      0xc2d /usr/lib/gcc/arm-none-eabi/6.3.1/../../../arm-none-eabi/lib/thumb/v7-m/libm.a(lib_a-e_rem_pio2.o)
 .debug_info    0x00000000000073f6      0xa68 /usr/lib/gcc/arm-none-eabi/6.3.1/../../../arm-none-eabi/lib/thumb/v7-m/libm.a(lib_a-k_cos.o)
 .debug_info    0x0000000000007e5e      0xb95 /usr/lib/gcc/arm-none-eabi/6.3.1/../../../arm-none-eabi/lib/thumb/v7-m/libm.a(lib_a-k_rem_pio2.o)
 .debug_info    0x00000000000089f3      0xa3d /usr/lib/gcc/arm-none-eabi/6.3.1/../../../arm-none-eabi/lib/thumb/v7-m/libm.a(lib_a-k_sin.o)
 .debug_info    0x0000000000009430      0x986 /usr/lib/gcc/arm-none-eabi/6.3.1/../../../arm-none-eabi/lib/thumb/v7-m/libm.a(lib_a-s_fabs.o)
 .debug_info    0x0000000000009db6      0x9e0 /usr/lib/gcc/arm-none-eabi/6.3.1/../../../arm-none-eabi/lib/thumb/v7-m/libm.a(lib_a-s_floor.o)
 .debug_info    0x000000000000a796      0xa99 /usr/lib/gcc/arm-none-eabi/6.3.1/../../../arm-none-eabi/lib/thumb/v7-m/libm.a(lib_a-s_scalbn.o)
 .debug_info    0x000000000000b22f      0x9ae /usr/lib/gcc/arm-none-eabi/6.3.1/../../../arm-none-eabi/lib/thumb/v7-m/libm.a(lib_a-s_copysign.o)
 .debug_info    0x000000000000bbdd      0x8f1 /usr/lib/gcc/arm-none-eabi/6.3.1/../../../arm-none-eabi/lib/thumb/v7-m/libc_nano.a(lib_a-calloc.o)
 .debug_info    0x000000000000c4ce      0x8a0 /usr/lib/gcc/arm-none-eabi/6.3.1/../../../arm-none-eabi/lib/thumb/v7-m/libc_nano.a(lib_a-impure.o)
 .debug_info    0x000000000000cd6e      0x110 /usr/lib/gcc/arm-none-eabi/6.3.1/../../../arm-none-eabi/lib/thumb/v7-m/libc_nano.a(lib_a-init.o)
 .debug_info    0x000000000000ce7e      0x916 /usr/lib/gcc/arm-none-eabi/6.3.1/../../../arm-none-eabi/lib/thumb/v7-m/libc_nano.a(lib_a-memset.o)
 .debug_info    0x000000000000d794      0xa49 /usr/lib/gcc/arm-none-eabi/6.3.1/../../../arm-none-eabi/lib/thumb/v7-m/libc_nano.a(lib_a-nano-callocr.o)
 .debug_info    0x000000000000e1dd      0xb1f /usr/lib/gcc/arm-none-eabi/6.3.1/../../../arm-none-eabi/lib/thumb/v7-m/libc_nano.a(lib_a-nano-mallocr.o)
 .debug_info    0x000000000000ecfc      0x96a /usr/lib/gcc/arm-none-eabi/6.3.1/../../../arm-none-eabi/lib/thumb/v7-m/libc_nano.a(lib_a-rand.o)
 .debug_info    0x000000000000f666      0x955 /usr/lib/gcc/arm-none-eabi/6.3.1/../../../arm-none-eabi/lib/thumb/v7-m/libc_nano.a(lib_a-sbrkr.o)
 .debug_info    0x000000000000ffbb      0x91d /usr/lib/gcc/arm-none-eabi/6.3.1/../../../arm-none-eabi/lib/thumb/v7-m/libc_nano.a(lib_a-malloc.o)
 .debug_info    0x00000000000108d8      0xa51 /usr/lib/gcc/arm-none-eabi/6.3.1/../../../arm-none-eabi/lib/thumb/v7-m/libc_nano.a(lib_a-nano-freer.o)
 .debug_info    0x0000000000011329      0xa67 /usr/lib/gcc/arm-none-eabi/6.3.1/../../../arm-none-eabi/lib/thumb/v7-m/libc_nano.a(lib_a-reent.o)
 .debug_info    0x0000000000011d90       0x90 /usr/lib/gcc/arm-none-eabi/6.3.1/../../../arm-none-eabi/lib/thumb/v7-m/libnosys.a(sbrk.o)
 .debug_info    0x0000000000011e20       0xc0 /usr/lib/gcc/arm-none-eabi/6.3.1/thumb/v7-m/libgcc.a(_arm_addsubdf3.o)
 .debug_info    0x0000000000011ee0       0xc0 /usr/lib/gcc/arm-none-eabi/6.3.1/thumb/v7-m/libgcc.a(_arm_muldivdf3.o)
 .debug_info    0x0000000000011fa0       0xc0 /usr/lib/gcc/arm-none-eabi/6.3.1/thumb/v7-m/libgcc.a(_arm_cmpdf2.o)
 .debug_info    0x0000000000012060       0xc0 /usr/lib/gcc/arm-none-eabi/6.3.1/thumb/v7-m/libgcc.a(_arm_fixdfsi.o)
 .debug_info    0x0000000000012120       0xc0 /usr/lib/gcc/arm-none-eabi/6.3.1/thumb/v7-m/libgcc.a(_arm_fixunsdfsi.o)
 .debug_info    0x00000000000121e0       0xc0 /usr/lib/gcc/arm-none-eabi/6.3.1/thumb/v7-m/libgcc.a(_arm_truncdfsf2.o)
 .debug_info    0x00000000000122a0       0xc0 /usr/lib/gcc/arm-none-eabi/6.3.1/thumb/v7-m/libgcc.a(_arm_addsubsf3.o)
 .debug_info    0x0000000000012360       0xc0 /usr/lib/gcc/arm-none-eabi/6.3.1/thumb/v7-m/libgcc.a(_arm_muldivsf3.o)
 .debug_info    0x0000000000012420       0xc0 /usr/lib/gcc/arm-none-eabi/6.3.1/thumb/v7-m/libgcc.a(_arm_cmpsf2.o)
 .debug_info    0x00000000000124e0       0xc0 /usr/lib/gcc/arm-none-eabi/6.3.1/thumb/v7-m/libgcc.a(_arm_fixsfsi.o)

.debug_abbrev   0x0000000000000000     0x3d33
 .debug_abbrev  0x0000000000000000      0x291 build/debug_STM32F1/source/main.o
 .debug_abbrev  0x0000000000000291      0x234 build/debug_STM32F1/source/sin_lut.o
 .debug_abbrev  0x00000000000004c5      0x36a build/debug_STM32F1/hardware/source/STM32F1/source/STM32F1.o
 .debug_abbrev  0x000000000000082f      0x107 build/debug_STM32F1/hardware/source/STM32F1/source/stm32f1xx_hal_msp.o
 .debug_abbrev  0x0000000000000936       0xe2 build/debug_STM32F1/hardware/source/STM32F1/source/stm32f1xx_it.o
 .debug_abbrev  0x0000000000000a18      0x132 build/debug_STM32F1/hardware/source/STM32F1/source/system_stm32f1xx.o
 .debug_abbrev  0x0000000000000b4a      0x1fc build/debug_STM32F1/libraries/STM32CubeF1/STM32F1xx_HAL_Driver/Src/stm32f1xx_hal.o
 .debug_abbrev  0x0000000000000d46      0x255 build/debug_STM32F1/libraries/STM32CubeF1/STM32F1xx_HAL_Driver/Src/stm32f1xx_hal_rcc.o
 .debug_abbrev  0x0000000000000f9b      0x1dc build/debug_STM32F1/libraries/STM32CubeF1/STM32F1xx_HAL_Driver/Src/stm32f1xx_hal_gpio.o
 .debug_abbrev  0x0000000000001177      0x301 build/debug_STM32F1/libraries/STM32CubeF1/STM32F1xx_HAL_Driver/Src/stm32f1xx_hal_cortex.o
 .debug_abbrev  0x0000000000001478       0x12 build/debug_STM32F1/hardware/source/STM32F1/source/startup_stm32f103xb.o
 .debug_abbrev  0x000000000000148a      0x253 /usr/lib/gcc/arm-none-eabi/6.3.1/../../../arm-none-eabi/lib/thumb/v7-m/libm.a(lib_a-s_sin.o)
 .debug_abbrev  0x00000000000016dd      0x27f /usr/lib/gcc/arm-none-eabi/6.3.1/../../../arm-none-eabi/lib/thumb/v7-m/libm.a(lib_a-e_rem_pio2.o)
 .debug_abbrev  0x000000000000195c      0x21a /usr/lib/gcc/arm-none-eabi/6.3.1/../../../arm-none-eabi/lib/thumb/v7-m/libm.a(lib_a-k_cos.o)
 .debug_abbrev  0x0000000000001b76      0x288 /usr/lib/gcc/arm-none-eabi/6.3.1/../../../arm-none-eabi/lib/thumb/v7-m/libm.a(lib_a-k_rem_pio2.o)
 .debug_abbrev  0x0000000000001dfe      0x20f /usr/lib/gcc/arm-none-eabi/6.3.1/../../../arm-none-eabi/lib/thumb/v7-m/libm.a(lib_a-k_sin.o)
 .debug_abbrev  0x000000000000200d      0x1fc /usr/lib/gcc/arm-none-eabi/6.3.1/../../../arm-none-eabi/lib/thumb/v7-m/libm.a(lib_a-s_fabs.o)
 .debug_abbrev  0x0000000000002209      0x21c /usr/lib/gcc/arm-none-eabi/6.3.1/../../../arm-none-eabi/lib/thumb/v7-m/libm.a(lib_a-s_floor.o)
 .debug_abbrev  0x0000000000002425      0x255 /usr/lib/gcc/arm-none-eabi/6.3.1/../../../arm-none-eabi/lib/thumb/v7-m/libm.a(lib_a-s_scalbn.o)
 .debug_abbrev  0x000000000000267a      0x227 /usr/lib/gcc/arm-none-eabi/6.3.1/../../../arm-none-eabi/lib/thumb/v7-m/libm.a(lib_a-s_copysign.o)
 .debug_abbrev  0x00000000000028a1      0x1b5 /usr/lib/gcc/arm-none-eabi/6.3.1/../../../arm-none-eabi/lib/thumb/v7-m/libc_nano.a(lib_a-calloc.o)
 .debug_abbrev  0x0000000000002a56      0x153 /usr/lib/gcc/arm-none-eabi/6.3.1/../../../arm-none-eabi/lib/thumb/v7-m/libc_nano.a(lib_a-impure.o)
 .debug_abbrev  0x0000000000002ba9       0xba /usr/lib/gcc/arm-none-eabi/6.3.1/../../../arm-none-eabi/lib/thumb/v7-m/libc_nano.a(lib_a-init.o)
 .debug_abbrev  0x0000000000002c63      0x197 /usr/lib/gcc/arm-none-eabi/6.3.1/../../../arm-none-eabi/lib/thumb/v7-m/libc_nano.a(lib_a-memset.o)
 .debug_abbrev  0x0000000000002dfa      0x1d3 /usr/lib/gcc/arm-none-eabi/6.3.1/../../../arm-none-eabi/lib/thumb/v7-m/libc_nano.a(lib_a-nano-callocr.o)
 .debug_abbrev  0x0000000000002fcd      0x274 /usr/lib/gcc/arm-none-eabi/6.3.1/../../../arm-none-eabi/lib/thumb/v7-m/libc_nano.a(lib_a-nano-mallocr.o)
 .debug_abbrev  0x0000000000003241      0x1eb /usr/lib/gcc/arm-none-eabi/6.3.1/../../../arm-none-eabi/lib/thumb/v7-m/libc_nano.a(lib_a-rand.o)
 .debug_abbrev  0x000000000000342c      0x1d6 /usr/lib/gcc/arm-none-eabi/6.3.1/../../../arm-none-eabi/lib/thumb/v7-m/libc_nano.a(lib_a-sbrkr.o)
 .debug_abbrev  0x0000000000003602      0x1c0 /usr/lib/gcc/arm-none-eabi/6.3.1/../../../arm-none-eabi/lib/thumb/v7-m/libc_nano.a(lib_a-malloc.o)
 .debug_abbrev  0x00000000000037c2      0x1ef /usr/lib/gcc/arm-none-eabi/6.3.1/../../../arm-none-eabi/lib/thumb/v7-m/libc_nano.a(lib_a-nano-freer.o)
 .debug_abbrev  0x00000000000039b1      0x228 /usr/lib/gcc/arm-none-eabi/6.3.1/../../../arm-none-eabi/lib/thumb/v7-m/libc_nano.a(lib_a-reent.o)
 .debug_abbrev  0x0000000000003bd9       0x92 /usr/lib/gcc/arm-none-eabi/6.3.1/../../../arm-none-eabi/lib/thumb/v7-m/libnosys.a(sbrk.o)
 .debug_abbrev  0x0000000000003c6b       0x14 /usr/lib/gcc/arm-none-eabi/6.3.1/thumb/v7-m/libgcc.a(_arm_addsubdf3.o)
 .debug_abbrev  0x0000000000003c7f       0x14 /usr/lib/gcc/arm-none-eabi/6.3.1/thumb/v7-m/libgcc.a(_arm_muldivdf3.o)
 .debug_abbrev  0x0000000000003c93       0x14 /usr/lib/gcc/arm-none-eabi/6.3.1/thumb/v7-m/libgcc.a(_arm_cmpdf2.o)
 .debug_abbrev  0x0000000000003ca7       0x14 /usr/lib/gcc/arm-none-eabi/6.3.1/thumb/v7-m/libgcc.a(_arm_fixdfsi.o)
 .debug_abbrev  0x0000000000003cbb       0x14 /usr/lib/gcc/arm-none-eabi/6.3.1/thumb/v7-m/libgcc.a(_arm_fixunsdfsi.o)
 .debug_abbrev  0x0000000000003ccf       0x14 /usr/lib/gcc/arm-none-eabi/6.3.1/thumb/v7-m/libgcc.a(_arm_truncdfsf2.o)
 .debug_abbrev  0x0000000000003ce3       0x14 /usr/lib/gcc/arm-none-eabi/6.3.1/thumb/v7-m/libgcc.a(_arm_addsubsf3.o)
 .debug_abbrev  0x0000000000003cf7       0x14 /usr/lib/gcc/arm-none-eabi/6.3.1/thumb/v7-m/libgcc.a(_arm_muldivsf3.o)
 .debug_abbrev  0x0000000000003d0b       0x14 /usr/lib/gcc/arm-none-eabi/6.3.1/thumb/v7-m/libgcc.a(_arm_cmpsf2.o)
 .debug_abbrev  0x0000000000003d1f       0x14 /usr/lib/gcc/arm-none-eabi/6.3.1/thumb/v7-m/libgcc.a(_arm_fixsfsi.o)

.debug_loc      0x0000000000000000     0x41d1
 .debug_loc     0x0000000000000000      0x5bb build/debug_STM32F1/source/main.o
 .debug_loc     0x00000000000005bb      0x3d4 build/debug_STM32F1/source/sin_lut.o
 .debug_loc     0x000000000000098f      0x1dd build/debug_STM32F1/hardware/source/STM32F1/source/STM32F1.o
 .debug_loc     0x0000000000000b6c       0xdf build/debug_STM32F1/hardware/source/STM32F1/source/system_stm32f1xx.o
 .debug_loc     0x0000000000000c4b      0x104 build/debug_STM32F1/libraries/STM32CubeF1/STM32F1xx_HAL_Driver/Src/stm32f1xx_hal.o
 .debug_loc     0x0000000000000d4f      0x47d build/debug_STM32F1/libraries/STM32CubeF1/STM32F1xx_HAL_Driver/Src/stm32f1xx_hal_rcc.o
 .debug_loc     0x00000000000011cc      0x37c build/debug_STM32F1/libraries/STM32CubeF1/STM32F1xx_HAL_Driver/Src/stm32f1xx_hal_gpio.o
 .debug_loc     0x0000000000001548      0x5f5 build/debug_STM32F1/libraries/STM32CubeF1/STM32F1xx_HAL_Driver/Src/stm32f1xx_hal_cortex.o
 .debug_loc     0x0000000000001b3d       0xd5 /usr/lib/gcc/arm-none-eabi/6.3.1/../../../arm-none-eabi/lib/thumb/v7-m/libm.a(lib_a-s_sin.o)
 .debug_loc     0x0000000000001c12      0x6d2 /usr/lib/gcc/arm-none-eabi/6.3.1/../../../arm-none-eabi/lib/thumb/v7-m/libm.a(lib_a-e_rem_pio2.o)
 .debug_loc     0x00000000000022e4      0x235 /usr/lib/gcc/arm-none-eabi/6.3.1/../../../arm-none-eabi/lib/thumb/v7-m/libm.a(lib_a-k_cos.o)
 .debug_loc     0x0000000000002519      0xb51 /usr/lib/gcc/arm-none-eabi/6.3.1/../../../arm-none-eabi/lib/thumb/v7-m/libm.a(lib_a-k_rem_pio2.o)
 .debug_loc     0x000000000000306a      0x158 /usr/lib/gcc/arm-none-eabi/6.3.1/../../../arm-none-eabi/lib/thumb/v7-m/libm.a(lib_a-k_sin.o)
 .debug_loc     0x00000000000031c2       0x2b /usr/lib/gcc/arm-none-eabi/6.3.1/../../../arm-none-eabi/lib/thumb/v7-m/libm.a(lib_a-s_fabs.o)
 .debug_loc     0x00000000000031ed      0x355 /usr/lib/gcc/arm-none-eabi/6.3.1/../../../arm-none-eabi/lib/thumb/v7-m/libm.a(lib_a-s_floor.o)
 .debug_loc     0x0000000000003542      0x1f6 /usr/lib/gcc/arm-none-eabi/6.3.1/../../../arm-none-eabi/lib/thumb/v7-m/libm.a(lib_a-s_scalbn.o)
 .debug_loc     0x0000000000003738       0x53 /usr/lib/gcc/arm-none-eabi/6.3.1/../../../arm-none-eabi/lib/thumb/v7-m/libm.a(lib_a-s_copysign.o)
 .debug_loc     0x000000000000378b       0x58 /usr/lib/gcc/arm-none-eabi/6.3.1/../../../arm-none-eabi/lib/thumb/v7-m/libc_nano.a(lib_a-calloc.o)
 .debug_loc     0x00000000000037e3       0xae /usr/lib/gcc/arm-none-eabi/6.3.1/../../../arm-none-eabi/lib/thumb/v7-m/libc_nano.a(lib_a-init.o)
 .debug_loc     0x0000000000003891      0x1bd /usr/lib/gcc/arm-none-eabi/6.3.1/../../../arm-none-eabi/lib/thumb/v7-m/libc_nano.a(lib_a-memset.o)
 .debug_loc     0x0000000000003a4e       0x81 /usr/lib/gcc/arm-none-eabi/6.3.1/../../../arm-none-eabi/lib/thumb/v7-m/libc_nano.a(lib_a-nano-callocr.o)
 .debug_loc     0x0000000000003acf      0x378 /usr/lib/gcc/arm-none-eabi/6.3.1/../../../arm-none-eabi/lib/thumb/v7-m/libc_nano.a(lib_a-nano-mallocr.o)
 .debug_loc     0x0000000000003e47       0x81 /usr/lib/gcc/arm-none-eabi/6.3.1/../../../arm-none-eabi/lib/thumb/v7-m/libc_nano.a(lib_a-rand.o)
 .debug_loc     0x0000000000003ec8       0x4d /usr/lib/gcc/arm-none-eabi/6.3.1/../../../arm-none-eabi/lib/thumb/v7-m/libc_nano.a(lib_a-sbrkr.o)
 .debug_loc     0x0000000000003f15       0x58 /usr/lib/gcc/arm-none-eabi/6.3.1/../../../arm-none-eabi/lib/thumb/v7-m/libc_nano.a(lib_a-malloc.o)
 .debug_loc     0x0000000000003f6d      0x140 /usr/lib/gcc/arm-none-eabi/6.3.1/../../../arm-none-eabi/lib/thumb/v7-m/libc_nano.a(lib_a-nano-freer.o)
 .debug_loc     0x00000000000040ad       0xec /usr/lib/gcc/arm-none-eabi/6.3.1/../../../arm-none-eabi/lib/thumb/v7-m/libc_nano.a(lib_a-reent.o)
 .debug_loc     0x0000000000004199       0x38 /usr/lib/gcc/arm-none-eabi/6.3.1/../../../arm-none-eabi/lib/thumb/v7-m/libnosys.a(sbrk.o)

.debug_aranges  0x0000000000000000      0x808
 .debug_aranges
                0x0000000000000000       0x20 build/debug_STM32F1/source/main.o
 .debug_aranges
                0x0000000000000020       0x80 build/debug_STM32F1/source/sin_lut.o
 .debug_aranges
                0x00000000000000a0       0x68 build/debug_STM32F1/hardware/source/STM32F1/source/STM32F1.o
 .debug_aranges
                0x0000000000000108       0x20 build/debug_STM32F1/hardware/source/STM32F1/source/stm32f1xx_hal_msp.o
 .debug_aranges
                0x0000000000000128       0x60 build/debug_STM32F1/hardware/source/STM32F1/source/stm32f1xx_it.o
 .debug_aranges
                0x0000000000000188       0x28 build/debug_STM32F1/hardware/source/STM32F1/source/system_stm32f1xx.o
 .debug_aranges
                0x00000000000001b0       0xe0 build/debug_STM32F1/libraries/STM32CubeF1/STM32F1xx_HAL_Driver/Src/stm32f1xx_hal.o
 .debug_aranges
                0x0000000000000290       0x90 build/debug_STM32F1/libraries/STM32CubeF1/STM32F1xx_HAL_Driver/Src/stm32f1xx_hal_rcc.o
 .debug_aranges
                0x0000000000000320       0x58 build/debug_STM32F1/libraries/STM32CubeF1/STM32F1xx_HAL_Driver/Src/stm32f1xx_hal_gpio.o
 .debug_aranges
                0x0000000000000378       0x90 build/debug_STM32F1/libraries/STM32CubeF1/STM32F1xx_HAL_Driver/Src/stm32f1xx_hal_cortex.o
 .debug_aranges
                0x0000000000000408       0x28 build/debug_STM32F1/hardware/source/STM32F1/source/startup_stm32f103xb.o
 .debug_aranges
                0x0000000000000430       0x20 /usr/lib/gcc/arm-none-eabi/6.3.1/../../../arm-none-eabi/lib/thumb/v7-m/libm.a(lib_a-s_sin.o)
 .debug_aranges
                0x0000000000000450       0x20 /usr/lib/gcc/arm-none-eabi/6.3.1/../../../arm-none-eabi/lib/thumb/v7-m/libm.a(lib_a-e_rem_pio2.o)
 .debug_aranges
                0x0000000000000470       0x20 /usr/lib/gcc/arm-none-eabi/6.3.1/../../../arm-none-eabi/lib/thumb/v7-m/libm.a(lib_a-k_cos.o)
 .debug_aranges
                0x0000000000000490       0x20 /usr/lib/gcc/arm-none-eabi/6.3.1/../../../arm-none-eabi/lib/thumb/v7-m/libm.a(lib_a-k_rem_pio2.o)
 .debug_aranges
                0x00000000000004b0       0x20 /usr/lib/gcc/arm-none-eabi/6.3.1/../../../arm-none-eabi/lib/thumb/v7-m/libm.a(lib_a-k_sin.o)
 .debug_aranges
                0x00000000000004d0       0x20 /usr/lib/gcc/arm-none-eabi/6.3.1/../../../arm-none-eabi/lib/thumb/v7-m/libm.a(lib_a-s_fabs.o)
 .debug_aranges
                0x00000000000004f0       0x20 /usr/lib/gcc/arm-none-eabi/6.3.1/../../../arm-none-eabi/lib/thumb/v7-m/libm.a(lib_a-s_floor.o)
 .debug_aranges
                0x0000000000000510       0x20 /usr/lib/gcc/arm-none-eabi/6.3.1/../../../arm-none-eabi/lib/thumb/v7-m/libm.a(lib_a-s_scalbn.o)
 .debug_aranges
                0x0000000000000530       0x20 /usr/lib/gcc/arm-none-eabi/6.3.1/../../../arm-none-eabi/lib/thumb/v7-m/libm.a(lib_a-s_copysign.o)
 .debug_aranges
                0x0000000000000550       0x20 /usr/lib/gcc/arm-none-eabi/6.3.1/../../../arm-none-eabi/lib/thumb/v7-m/libc_nano.a(lib_a-calloc.o)
 .debug_aranges
                0x0000000000000570       0x18 /usr/lib/gcc/arm-none-eabi/6.3.1/../../../arm-none-eabi/lib/thumb/v7-m/libc_nano.a(lib_a-impure.o)
 .debug_aranges
                0x0000000000000588       0x20 /usr/lib/gcc/arm-none-eabi/6.3.1/../../../arm-none-eabi/lib/thumb/v7-m/libc_nano.a(lib_a-init.o)
 .debug_aranges
                0x00000000000005a8       0x20 /usr/lib/gcc/arm-none-eabi/6.3.1/../../../arm-none-eabi/lib/thumb/v7-m/libc_nano.a(lib_a-memset.o)
 .debug_aranges
                0x00000000000005c8       0x20 /usr/lib/gcc/arm-none-eabi/6.3.1/../../../arm-none-eabi/lib/thumb/v7-m/libc_nano.a(lib_a-nano-callocr.o)
 .debug_aranges
                0x00000000000005e8       0x20 /usr/lib/gcc/arm-none-eabi/6.3.1/../../../arm-none-eabi/lib/thumb/v7-m/libc_nano.a(lib_a-nano-mallocr.o)
 .debug_aranges
                0x0000000000000608       0x20 /usr/lib/gcc/arm-none-eabi/6.3.1/../../../arm-none-eabi/lib/thumb/v7-m/libc_nano.a(lib_a-rand.o)
 .debug_aranges
                0x0000000000000628       0x20 /usr/lib/gcc/arm-none-eabi/6.3.1/../../../arm-none-eabi/lib/thumb/v7-m/libc_nano.a(lib_a-sbrkr.o)
 .debug_aranges
                0x0000000000000648       0x20 /usr/lib/gcc/arm-none-eabi/6.3.1/../../../arm-none-eabi/lib/thumb/v7-m/libc_nano.a(lib_a-malloc.o)
 .debug_aranges
                0x0000000000000668       0x20 /usr/lib/gcc/arm-none-eabi/6.3.1/../../../arm-none-eabi/lib/thumb/v7-m/libc_nano.a(lib_a-nano-freer.o)
 .debug_aranges
                0x0000000000000688       0x20 /usr/lib/gcc/arm-none-eabi/6.3.1/../../../arm-none-eabi/lib/thumb/v7-m/libc_nano.a(lib_a-reent.o)
 .debug_aranges
                0x00000000000006a8       0x20 /usr/lib/gcc/arm-none-eabi/6.3.1/../../../arm-none-eabi/lib/thumb/v7-m/libnosys.a(sbrk.o)
 .debug_aranges
                0x00000000000006c8       0x20 /usr/lib/gcc/arm-none-eabi/6.3.1/thumb/v7-m/libgcc.a(_arm_addsubdf3.o)
 .debug_aranges
                0x00000000000006e8       0x20 /usr/lib/gcc/arm-none-eabi/6.3.1/thumb/v7-m/libgcc.a(_arm_muldivdf3.o)
 .debug_aranges
                0x0000000000000708       0x20 /usr/lib/gcc/arm-none-eabi/6.3.1/thumb/v7-m/libgcc.a(_arm_cmpdf2.o)
 .debug_aranges
                0x0000000000000728       0x20 /usr/lib/gcc/arm-none-eabi/6.3.1/thumb/v7-m/libgcc.a(_arm_fixdfsi.o)
 .debug_aranges
                0x0000000000000748       0x20 /usr/lib/gcc/arm-none-eabi/6.3.1/thumb/v7-m/libgcc.a(_arm_fixunsdfsi.o)
 .debug_aranges
                0x0000000000000768       0x20 /usr/lib/gcc/arm-none-eabi/6.3.1/thumb/v7-m/libgcc.a(_arm_truncdfsf2.o)
 .debug_aranges
                0x0000000000000788       0x20 /usr/lib/gcc/arm-none-eabi/6.3.1/thumb/v7-m/libgcc.a(_arm_addsubsf3.o)
 .debug_aranges
                0x00000000000007a8       0x20 /usr/lib/gcc/arm-none-eabi/6.3.1/thumb/v7-m/libgcc.a(_arm_muldivsf3.o)
 .debug_aranges
                0x00000000000007c8       0x20 /usr/lib/gcc/arm-none-eabi/6.3.1/thumb/v7-m/libgcc.a(_arm_cmpsf2.o)
 .debug_aranges
                0x00000000000007e8       0x20 /usr/lib/gcc/arm-none-eabi/6.3.1/thumb/v7-m/libgcc.a(_arm_fixsfsi.o)

.debug_ranges   0x0000000000000000      0x510
 .debug_ranges  0x0000000000000000       0x10 build/debug_STM32F1/source/main.o
 .debug_ranges  0x0000000000000010       0x70 build/debug_STM32F1/source/sin_lut.o
 .debug_ranges  0x0000000000000080       0x58 build/debug_STM32F1/hardware/source/STM32F1/source/STM32F1.o
 .debug_ranges  0x00000000000000d8       0x10 build/debug_STM32F1/hardware/source/STM32F1/source/stm32f1xx_hal_msp.o
 .debug_ranges  0x00000000000000e8       0x50 build/debug_STM32F1/hardware/source/STM32F1/source/stm32f1xx_it.o
 .debug_ranges  0x0000000000000138       0x18 build/debug_STM32F1/hardware/source/STM32F1/source/system_stm32f1xx.o
 .debug_ranges  0x0000000000000150       0xd0 build/debug_STM32F1/libraries/STM32CubeF1/STM32F1xx_HAL_Driver/Src/stm32f1xx_hal.o
 .debug_ranges  0x0000000000000220       0xa0 build/debug_STM32F1/libraries/STM32CubeF1/STM32F1xx_HAL_Driver/Src/stm32f1xx_hal_rcc.o
 .debug_ranges  0x00000000000002c0       0x48 build/debug_STM32F1/libraries/STM32CubeF1/STM32F1xx_HAL_Driver/Src/stm32f1xx_hal_gpio.o
 .debug_ranges  0x0000000000000308       0xe0 build/debug_STM32F1/libraries/STM32CubeF1/STM32F1xx_HAL_Driver/Src/stm32f1xx_hal_cortex.o
 .debug_ranges  0x00000000000003e8       0x20 build/debug_STM32F1/hardware/source/STM32F1/source/startup_stm32f103xb.o
 .debug_ranges  0x0000000000000408       0x20 /usr/lib/gcc/arm-none-eabi/6.3.1/../../../arm-none-eabi/lib/thumb/v7-m/libm.a(lib_a-e_rem_pio2.o)
 .debug_ranges  0x0000000000000428       0x18 /usr/lib/gcc/arm-none-eabi/6.3.1/../../../arm-none-eabi/lib/thumb/v7-m/libm.a(lib_a-s_floor.o)
 .debug_ranges  0x0000000000000440       0x18 /usr/lib/gcc/arm-none-eabi/6.3.1/../../../arm-none-eabi/lib/thumb/v7-m/libm.a(lib_a-s_scalbn.o)
 .debug_ranges  0x0000000000000458       0x40 /usr/lib/gcc/arm-none-eabi/6.3.1/../../../arm-none-eabi/lib/thumb/v7-m/libc_nano.a(lib_a-nano-mallocr.o)
 .debug_ranges  0x0000000000000498       0x78 /usr/lib/gcc/arm-none-eabi/6.3.1/../../../arm-none-eabi/lib/thumb/v7-m/libc_nano.a(lib_a-rand.o)

.debug_macro    0x0000000000000000    0x1834d
 .debug_macro   0x0000000000000000      0x167 build/debug_STM32F1/source/main.o
 .debug_macro   0x0000000000000167      0x8bc build/debug_STM32F1/source/main.o
 .debug_macro   0x0000000000000a23       0x22 build/debug_STM32F1/source/main.o
 .debug_macro   0x0000000000000a45       0x4c build/debug_STM32F1/source/main.o
 .debug_macro   0x0000000000000a91       0x55 build/debug_STM32F1/source/main.o
 .debug_macro   0x0000000000000ae6       0x35 build/debug_STM32F1/source/main.o
 .debug_macro   0x0000000000000b1b       0x9c build/debug_STM32F1/source/main.o
 .debug_macro   0x0000000000000bb7      0x174 build/debug_STM32F1/source/main.o
 .debug_macro   0x0000000000000d2b       0x4a build/debug_STM32F1/source/main.o
 .debug_macro   0x0000000000000d75       0x52 build/debug_STM32F1/source/main.o
 .debug_macro   0x0000000000000dc7       0x1f build/debug_STM32F1/source/main.o
 .debug_macro   0x0000000000000de6       0x43 build/debug_STM32F1/source/main.o
 .debug_macro   0x0000000000000e29       0x20 build/debug_STM32F1/source/main.o
 .debug_macro   0x0000000000000e49      0x187 build/debug_STM32F1/source/main.o
 .debug_macro   0x0000000000000fd0      0x30d build/debug_STM32F1/source/main.o
 .debug_macro   0x00000000000012dd       0xde build/debug_STM32F1/source/main.o
 .debug_macro   0x00000000000013bb       0x16 build/debug_STM32F1/source/main.o
 .debug_macro   0x00000000000013d1       0x35 build/debug_STM32F1/source/main.o
 .debug_macro   0x0000000000001406       0x22 build/debug_STM32F1/source/main.o
 .debug_macro   0x0000000000001428       0xfd build/debug_STM32F1/source/main.o
 .debug_macro   0x0000000000001525       0x5e build/debug_STM32F1/source/main.o
 .debug_macro   0x0000000000001583      0x1df build/debug_STM32F1/source/main.o
 .debug_macro   0x0000000000001762       0x5e build/debug_STM32F1/source/main.o
 .debug_macro   0x00000000000017c0       0x10 build/debug_STM32F1/source/main.o
 .debug_macro   0x00000000000017d0       0x10 build/debug_STM32F1/source/main.o
 .debug_macro   0x00000000000017e0      0x17e build/debug_STM32F1/source/sin_lut.o
 .debug_macro   0x000000000000195e      0x8bc build/debug_STM32F1/source/sin_lut.o
 .debug_macro   0x000000000000221a       0x1c build/debug_STM32F1/source/sin_lut.o
 .debug_macro   0x0000000000002236       0x10 build/debug_STM32F1/source/sin_lut.o
 .debug_macro   0x0000000000002246       0x10 build/debug_STM32F1/source/sin_lut.o
 .debug_macro   0x0000000000002256       0xb6 build/debug_STM32F1/source/sin_lut.o
 .debug_macro   0x000000000000230c       0x16 build/debug_STM32F1/source/sin_lut.o
 .debug_macro   0x0000000000002322      0x143 build/debug_STM32F1/source/sin_lut.o
 .debug_macro   0x0000000000002465      0x273 build/debug_STM32F1/hardware/source/STM32F1/source/STM32F1.o
 .debug_macro   0x00000000000026d8      0x8bc build/debug_STM32F1/hardware/source/STM32F1/source/STM32F1.o
 .debug_macro   0x0000000000002f94       0x4f build/debug_STM32F1/hardware/source/STM32F1/source/STM32F1.o
 .debug_macro   0x0000000000002fe3       0x44 build/debug_STM32F1/hardware/source/STM32F1/source/STM32F1.o
 .debug_macro   0x0000000000003027       0x64 build/debug_STM32F1/hardware/source/STM32F1/source/STM32F1.o
 .debug_macro   0x000000000000308b      0x20f build/debug_STM32F1/hardware/source/STM32F1/source/STM32F1.o
 .debug_macro   0x000000000000329a       0x2e build/debug_STM32F1/hardware/source/STM32F1/source/STM32F1.o
 .debug_macro   0x00000000000032c8       0x22 build/debug_STM32F1/hardware/source/STM32F1/source/STM32F1.o
 .debug_macro   0x00000000000032ea       0x1c build/debug_STM32F1/hardware/source/STM32F1/source/STM32F1.o
 .debug_macro   0x0000000000003306       0x22 build/debug_STM32F1/hardware/source/STM32F1/source/STM32F1.o
 .debug_macro   0x0000000000003328       0xc3 build/debug_STM32F1/hardware/source/STM32F1/source/STM32F1.o
 .debug_macro   0x00000000000033eb      0xd23 build/debug_STM32F1/hardware/source/STM32F1/source/STM32F1.o
 .debug_macro   0x000000000000410e     0xe09e build/debug_STM32F1/hardware/source/STM32F1/source/STM32F1.o
 .debug_macro   0x00000000000121ac       0x43 build/debug_STM32F1/hardware/source/STM32F1/source/STM32F1.o
 .debug_macro   0x00000000000121ef       0x5a build/debug_STM32F1/hardware/source/STM32F1/source/STM32F1.o
 .debug_macro   0x0000000000012249      0x5be build/debug_STM32F1/hardware/source/STM32F1/source/STM32F1.o
 .debug_macro   0x0000000000012807      0x289 build/debug_STM32F1/hardware/source/STM32F1/source/STM32F1.o
 .debug_macro   0x0000000000012a90      0x1cb build/debug_STM32F1/hardware/source/STM32F1/source/STM32F1.o
 .debug_macro   0x0000000000012c5b      0x114 build/debug_STM32F1/hardware/source/STM32F1/source/STM32F1.o
 .debug_macro   0x0000000000012d6f      0x1b2 build/debug_STM32F1/hardware/source/STM32F1/source/STM32F1.o
 .debug_macro   0x0000000000012f21       0x27 build/debug_STM32F1/hardware/source/STM32F1/source/STM32F1.o
 .debug_macro   0x0000000000012f48      0x136 build/debug_STM32F1/hardware/source/STM32F1/source/STM32F1.o
 .debug_macro   0x000000000001307e      0x1bc build/debug_STM32F1/hardware/source/STM32F1/source/STM32F1.o
 .debug_macro   0x000000000001323a       0x34 build/debug_STM32F1/hardware/source/STM32F1/source/STM32F1.o
 .debug_macro   0x000000000001326e       0x3c build/debug_STM32F1/hardware/source/STM32F1/source/STM32F1.o
 .debug_macro   0x00000000000132aa       0x57 build/debug_STM32F1/hardware/source/STM32F1/source/STM32F1.o
 .debug_macro   0x0000000000013301       0x88 build/debug_STM32F1/hardware/source/STM32F1/source/STM32F1.o
 .debug_macro   0x0000000000013389      0x241 build/debug_STM32F1/hardware/source/STM32F1/source/STM32F1.o
 .debug_macro   0x00000000000135ca      0x141 build/debug_STM32F1/hardware/source/STM32F1/source/STM32F1.o
 .debug_macro   0x000000000001370b       0x83 build/debug_STM32F1/hardware/source/STM32F1/source/STM32F1.o
 .debug_macro   0x000000000001378e       0x16 build/debug_STM32F1/hardware/source/STM32F1/source/STM32F1.o
 .debug_macro   0x00000000000137a4       0x52 build/debug_STM32F1/hardware/source/STM32F1/source/STM32F1.o
 .debug_macro   0x00000000000137f6      0x307 build/debug_STM32F1/hardware/source/STM32F1/source/STM32F1.o
 .debug_macro   0x0000000000013afd      0x18a build/debug_STM32F1/hardware/source/STM32F1/source/stm32f1xx_hal_msp.o
 .debug_macro   0x0000000000013c87      0x8bc build/debug_STM32F1/hardware/source/STM32F1/source/stm32f1xx_hal_msp.o
 .debug_macro   0x0000000000014543      0x194 build/debug_STM32F1/hardware/source/STM32F1/source/stm32f1xx_it.o
 .debug_macro   0x00000000000146d7      0x8bc build/debug_STM32F1/hardware/source/STM32F1/source/stm32f1xx_it.o
 .debug_macro   0x0000000000014f93      0x181 build/debug_STM32F1/hardware/source/STM32F1/source/system_stm32f1xx.o
 .debug_macro   0x0000000000015114      0x8bc build/debug_STM32F1/hardware/source/STM32F1/source/system_stm32f1xx.o
 .debug_macro   0x00000000000159d0      0x19f build/debug_STM32F1/libraries/STM32CubeF1/STM32F1xx_HAL_Driver/Src/stm32f1xx_hal.o
 .debug_macro   0x0000000000015b6f      0x8bc build/debug_STM32F1/libraries/STM32CubeF1/STM32F1xx_HAL_Driver/Src/stm32f1xx_hal.o
 .debug_macro   0x000000000001642b      0x18d build/debug_STM32F1/libraries/STM32CubeF1/STM32F1xx_HAL_Driver/Src/stm32f1xx_hal_rcc.o
 .debug_macro   0x00000000000165b8      0x8bc build/debug_STM32F1/libraries/STM32CubeF1/STM32F1xx_HAL_Driver/Src/stm32f1xx_hal_rcc.o
 .debug_macro   0x0000000000016e74      0x1e6 build/debug_STM32F1/libraries/STM32CubeF1/STM32F1xx_HAL_Driver/Src/stm32f1xx_hal_gpio.o
 .debug_macro   0x000000000001705a      0x8bc build/debug_STM32F1/libraries/STM32CubeF1/STM32F1xx_HAL_Driver/Src/stm32f1xx_hal_gpio.o
 .debug_macro   0x0000000000017916      0x17b build/debug_STM32F1/libraries/STM32CubeF1/STM32F1xx_HAL_Driver/Src/stm32f1xx_hal_cortex.o
 .debug_macro   0x0000000000017a91      0x8bc build/debug_STM32F1/libraries/STM32CubeF1/STM32F1xx_HAL_Driver/Src/stm32f1xx_hal_cortex.o

.debug_line     0x0000000000000000     0x5ba3
 .debug_line    0x0000000000000000      0x2d5 build/debug_STM32F1/source/main.o
 .debug_line    0x00000000000002d5      0x383 build/debug_STM32F1/source/sin_lut.o
 .debug_line    0x0000000000000658      0x5a8 build/debug_STM32F1/hardware/source/STM32F1/source/STM32F1.o
 .debug_line    0x0000000000000c00      0x3d4 build/debug_STM32F1/hardware/source/STM32F1/source/stm32f1xx_hal_msp.o
 .debug_line    0x0000000000000fd4      0x45f build/debug_STM32F1/hardware/source/STM32F1/source/stm32f1xx_it.o
 .debug_line    0x0000000000001433      0x401 build/debug_STM32F1/hardware/source/STM32F1/source/system_stm32f1xx.o
 .debug_line    0x0000000000001834      0x593 build/debug_STM32F1/libraries/STM32CubeF1/STM32F1xx_HAL_Driver/Src/stm32f1xx_hal.o
 .debug_line    0x0000000000001dc7      0x68d build/debug_STM32F1/libraries/STM32CubeF1/STM32F1xx_HAL_Driver/Src/stm32f1xx_hal_rcc.o
 .debug_line    0x0000000000002454      0x560 build/debug_STM32F1/libraries/STM32CubeF1/STM32F1xx_HAL_Driver/Src/stm32f1xx_hal_gpio.o
 .debug_line    0x00000000000029b4      0x589 build/debug_STM32F1/libraries/STM32CubeF1/STM32F1xx_HAL_Driver/Src/stm32f1xx_hal_cortex.o
 .debug_line    0x0000000000002f3d       0x91 build/debug_STM32F1/hardware/source/STM32F1/source/startup_stm32f103xb.o
 .debug_line    0x0000000000002fce      0x205 /usr/lib/gcc/arm-none-eabi/6.3.1/../../../arm-none-eabi/lib/thumb/v7-m/libm.a(lib_a-s_sin.o)
 .debug_line    0x00000000000031d3      0x291 /usr/lib/gcc/arm-none-eabi/6.3.1/../../../arm-none-eabi/lib/thumb/v7-m/libm.a(lib_a-e_rem_pio2.o)
 .debug_line    0x0000000000003464      0x205 /usr/lib/gcc/arm-none-eabi/6.3.1/../../../arm-none-eabi/lib/thumb/v7-m/libm.a(lib_a-k_cos.o)
 .debug_line    0x0000000000003669      0x3f7 /usr/lib/gcc/arm-none-eabi/6.3.1/../../../arm-none-eabi/lib/thumb/v7-m/libm.a(lib_a-k_rem_pio2.o)
 .debug_line    0x0000000000003a60      0x1fa /usr/lib/gcc/arm-none-eabi/6.3.1/../../../arm-none-eabi/lib/thumb/v7-m/libm.a(lib_a-k_sin.o)
 .debug_line    0x0000000000003c5a      0x1da /usr/lib/gcc/arm-none-eabi/6.3.1/../../../arm-none-eabi/lib/thumb/v7-m/libm.a(lib_a-s_fabs.o)
 .debug_line    0x0000000000003e34      0x24f /usr/lib/gcc/arm-none-eabi/6.3.1/../../../arm-none-eabi/lib/thumb/v7-m/libm.a(lib_a-s_floor.o)
 .debug_line    0x0000000000004083      0x1d4 /usr/lib/gcc/arm-none-eabi/6.3.1/../../../arm-none-eabi/lib/thumb/v7-m/libm.a(lib_a-s_scalbn.o)
 .debug_line    0x0000000000004257      0x1b0 /usr/lib/gcc/arm-none-eabi/6.3.1/../../../arm-none-eabi/lib/thumb/v7-m/libm.a(lib_a-s_copysign.o)
 .debug_line    0x0000000000004407      0x145 /usr/lib/gcc/arm-none-eabi/6.3.1/../../../arm-none-eabi/lib/thumb/v7-m/libc_nano.a(lib_a-calloc.o)
 .debug_line    0x000000000000454c       0xe9 /usr/lib/gcc/arm-none-eabi/6.3.1/../../../arm-none-eabi/lib/thumb/v7-m/libc_nano.a(lib_a-impure.o)
 .debug_line    0x0000000000004635       0xb9 /usr/lib/gcc/arm-none-eabi/6.3.1/../../../arm-none-eabi/lib/thumb/v7-m/libc_nano.a(lib_a-init.o)
 .debug_line    0x00000000000046ee      0x176 /usr/lib/gcc/arm-none-eabi/6.3.1/../../../arm-none-eabi/lib/thumb/v7-m/libc_nano.a(lib_a-memset.o)
 .debug_line    0x0000000000004864      0x160 /usr/lib/gcc/arm-none-eabi/6.3.1/../../../arm-none-eabi/lib/thumb/v7-m/libc_nano.a(lib_a-nano-callocr.o)
 .debug_line    0x00000000000049c4      0x1a4 /usr/lib/gcc/arm-none-eabi/6.3.1/../../../arm-none-eabi/lib/thumb/v7-m/libc_nano.a(lib_a-nano-mallocr.o)
 .debug_line    0x0000000000004b68      0x175 /usr/lib/gcc/arm-none-eabi/6.3.1/../../../arm-none-eabi/lib/thumb/v7-m/libc_nano.a(lib_a-rand.o)
 .debug_line    0x0000000000004cdd      0x15a /usr/lib/gcc/arm-none-eabi/6.3.1/../../../arm-none-eabi/lib/thumb/v7-m/libc_nano.a(lib_a-sbrkr.o)
 .debug_line    0x0000000000004e37      0x154 /usr/lib/gcc/arm-none-eabi/6.3.1/../../../arm-none-eabi/lib/thumb/v7-m/libc_nano.a(lib_a-malloc.o)
 .debug_line    0x0000000000004f8b      0x160 /usr/lib/gcc/arm-none-eabi/6.3.1/../../../arm-none-eabi/lib/thumb/v7-m/libc_nano.a(lib_a-nano-freer.o)
 .debug_line    0x00000000000050eb      0x17c /usr/lib/gcc/arm-none-eabi/6.3.1/../../../arm-none-eabi/lib/thumb/v7-m/libc_nano.a(lib_a-reent.o)
 .debug_line    0x0000000000005267       0x5b /usr/lib/gcc/arm-none-eabi/6.3.1/../../../arm-none-eabi/lib/thumb/v7-m/libnosys.a(sbrk.o)
 .debug_line    0x00000000000052c2      0x183 /usr/lib/gcc/arm-none-eabi/6.3.1/thumb/v7-m/libgcc.a(_arm_addsubdf3.o)
 .debug_line    0x0000000000005445      0x19f /usr/lib/gcc/arm-none-eabi/6.3.1/thumb/v7-m/libgcc.a(_arm_muldivdf3.o)
 .debug_line    0x00000000000055e4       0xbe /usr/lib/gcc/arm-none-eabi/6.3.1/thumb/v7-m/libgcc.a(_arm_cmpdf2.o)
 .debug_line    0x00000000000056a2       0x7a /usr/lib/gcc/arm-none-eabi/6.3.1/thumb/v7-m/libgcc.a(_arm_fixdfsi.o)
 .debug_line    0x000000000000571c       0x76 /usr/lib/gcc/arm-none-eabi/6.3.1/thumb/v7-m/libgcc.a(_arm_fixunsdfsi.o)
 .debug_line    0x0000000000005792       0x8e /usr/lib/gcc/arm-none-eabi/6.3.1/thumb/v7-m/libgcc.a(_arm_truncdfsf2.o)
 .debug_line    0x0000000000005820      0x11a /usr/lib/gcc/arm-none-eabi/6.3.1/thumb/v7-m/libgcc.a(_arm_addsubsf3.o)
 .debug_line    0x000000000000593a      0x13d /usr/lib/gcc/arm-none-eabi/6.3.1/thumb/v7-m/libgcc.a(_arm_muldivsf3.o)
 .debug_line    0x0000000000005a77       0xb2 /usr/lib/gcc/arm-none-eabi/6.3.1/thumb/v7-m/libgcc.a(_arm_cmpsf2.o)
 .debug_line    0x0000000000005b29       0x7a /usr/lib/gcc/arm-none-eabi/6.3.1/thumb/v7-m/libgcc.a(_arm_fixsfsi.o)

.debug_str      0x0000000000000000    0x680fb
 .debug_str     0x0000000000000000     0x6af7 build/debug_STM32F1/source/main.o
                                       0x6d92 (size before relaxing)
 .debug_str     0x0000000000006af7      0x8c0 build/debug_STM32F1/source/sin_lut.o
                                       0x719f (size before relaxing)
 .debug_str     0x00000000000073b7    0x5f04c build/debug_STM32F1/hardware/source/STM32F1/source/STM32F1.o
                                      0x65841 (size before relaxing)
 .debug_str     0x0000000000066403       0xfb build/debug_STM32F1/hardware/source/STM32F1/source/stm32f1xx_hal_msp.o
                                      0x62531 (size before relaxing)
 .debug_str     0x00000000000664fe       0xfa build/debug_STM32F1/hardware/source/STM32F1/source/stm32f1xx_it.o
                                      0x62555 (size before relaxing)
 .debug_str     0x00000000000665f8       0xe1 build/debug_STM32F1/hardware/source/STM32F1/source/system_stm32f1xx.o
                                      0x624ee (size before relaxing)
 .debug_str     0x00000000000666d9      0x65a build/debug_STM32F1/libraries/STM32CubeF1/STM32F1xx_HAL_Driver/Src/stm32f1xx_hal.o
                                      0x62b39 (size before relaxing)
 .debug_str     0x0000000000066d33      0x26b build/debug_STM32F1/libraries/STM32CubeF1/STM32F1xx_HAL_Driver/Src/stm32f1xx_hal_rcc.o
                                      0x62891 (size before relaxing)
 .debug_str     0x0000000000066f9e      0x333 build/debug_STM32F1/libraries/STM32CubeF1/STM32F1xx_HAL_Driver/Src/stm32f1xx_hal_gpio.o
                                      0x62832 (size before relaxing)
 .debug_str     0x00000000000672d1      0x2b4 build/debug_STM32F1/libraries/STM32CubeF1/STM32F1xx_HAL_Driver/Src/stm32f1xx_hal_cortex.o
                                      0x62b09 (size before relaxing)
 .debug_str     0x0000000000067585      0x18c /usr/lib/gcc/arm-none-eabi/6.3.1/../../../arm-none-eabi/lib/thumb/v7-m/libm.a(lib_a-s_sin.o)
                                        0x627 (size before relaxing)
 .debug_str     0x0000000000067711       0xb8 /usr/lib/gcc/arm-none-eabi/6.3.1/../../../arm-none-eabi/lib/thumb/v7-m/libm.a(lib_a-e_rem_pio2.o)
                                        0x697 (size before relaxing)
 .debug_str     0x00000000000677c9       0x33 /usr/lib/gcc/arm-none-eabi/6.3.1/../../../arm-none-eabi/lib/thumb/v7-m/libm.a(lib_a-k_cos.o)
                                        0x60c (size before relaxing)
 .debug_str     0x00000000000677fc       0x6a /usr/lib/gcc/arm-none-eabi/6.3.1/../../../arm-none-eabi/lib/thumb/v7-m/libm.a(lib_a-k_rem_pio2.o)
                                        0x625 (size before relaxing)
 .debug_str     0x0000000000067866       0x2e /usr/lib/gcc/arm-none-eabi/6.3.1/../../../arm-none-eabi/lib/thumb/v7-m/libm.a(lib_a-k_sin.o)
                                        0x60c (size before relaxing)
 .debug_str     0x0000000000067894       0x2f /usr/lib/gcc/arm-none-eabi/6.3.1/../../../arm-none-eabi/lib/thumb/v7-m/libm.a(lib_a-s_fabs.o)
                                        0x600 (size before relaxing)
 .debug_str     0x00000000000678c3       0xa6 /usr/lib/gcc/arm-none-eabi/6.3.1/../../../arm-none-eabi/lib/thumb/v7-m/libm.a(lib_a-s_floor.o)
                                        0x61d (size before relaxing)
 .debug_str     0x0000000000067969       0xab /usr/lib/gcc/arm-none-eabi/6.3.1/../../../arm-none-eabi/lib/thumb/v7-m/libm.a(lib_a-s_scalbn.o)
                                        0x632 (size before relaxing)
 .debug_str     0x0000000000067a14       0x35 /usr/lib/gcc/arm-none-eabi/6.3.1/../../../arm-none-eabi/lib/thumb/v7-m/libm.a(lib_a-s_copysign.o)
                                        0x607 (size before relaxing)
 .debug_str     0x0000000000067a49      0x120 /usr/lib/gcc/arm-none-eabi/6.3.1/../../../arm-none-eabi/lib/thumb/v7-m/libc_nano.a(lib_a-calloc.o)
                                        0x5c3 (size before relaxing)
 .debug_str     0x0000000000067b69       0x9d /usr/lib/gcc/arm-none-eabi/6.3.1/../../../arm-none-eabi/lib/thumb/v7-m/libc_nano.a(lib_a-impure.o)
                                        0x5a6 (size before relaxing)
 .debug_str     0x0000000000067c06       0xf3 /usr/lib/gcc/arm-none-eabi/6.3.1/../../../arm-none-eabi/lib/thumb/v7-m/libc_nano.a(lib_a-init.o)
                                        0x1f7 (size before relaxing)
 .debug_str     0x0000000000067cf9       0xa7 /usr/lib/gcc/arm-none-eabi/6.3.1/../../../arm-none-eabi/lib/thumb/v7-m/libc_nano.a(lib_a-memset.o)
                                        0x5be (size before relaxing)
 .debug_str     0x0000000000067da0      0x101 /usr/lib/gcc/arm-none-eabi/6.3.1/../../../arm-none-eabi/lib/thumb/v7-m/libc_nano.a(lib_a-nano-callocr.o)
                                        0x6ac (size before relaxing)
 .debug_str     0x0000000000067ea1       0x32 /usr/lib/gcc/arm-none-eabi/6.3.1/../../../arm-none-eabi/lib/thumb/v7-m/libc_nano.a(lib_a-nano-mallocr.o)
                                        0x6cf (size before relaxing)
 .debug_str     0x0000000000067ed3       0x2f /usr/lib/gcc/arm-none-eabi/6.3.1/../../../arm-none-eabi/lib/thumb/v7-m/libc_nano.a(lib_a-rand.o)
                                        0x5c1 (size before relaxing)
 .debug_str     0x0000000000067f02       0x60 /usr/lib/gcc/arm-none-eabi/6.3.1/../../../arm-none-eabi/lib/thumb/v7-m/libc_nano.a(lib_a-sbrkr.o)
                                        0x5e9 (size before relaxing)
 .debug_str     0x0000000000067f62       0x45 /usr/lib/gcc/arm-none-eabi/6.3.1/../../../arm-none-eabi/lib/thumb/v7-m/libc_nano.a(lib_a-malloc.o)
                                        0x5d7 (size before relaxing)
 .debug_str     0x0000000000067fa7       0x24 /usr/lib/gcc/arm-none-eabi/6.3.1/../../../arm-none-eabi/lib/thumb/v7-m/libc_nano.a(lib_a-nano-freer.o)
                                        0x6b8 (size before relaxing)
 .debug_str     0x0000000000067fcb       0x5b /usr/lib/gcc/arm-none-eabi/6.3.1/../../../arm-none-eabi/lib/thumb/v7-m/libc_nano.a(lib_a-reent.o)
                                        0x5e2 (size before relaxing)
 .debug_str     0x0000000000068026       0xd5 /usr/lib/gcc/arm-none-eabi/6.3.1/../../../arm-none-eabi/lib/thumb/v7-m/libnosys.a(sbrk.o)
                                         0xee (size before relaxing)

.debug_frame    0x0000000000000000     0x10d8
 .debug_frame   0x0000000000000000       0x3c build/debug_STM32F1/source/main.o
 .debug_frame   0x000000000000003c      0x120 build/debug_STM32F1/source/sin_lut.o
 .debug_frame   0x000000000000015c      0x110 build/debug_STM32F1/hardware/source/STM32F1/source/STM32F1.o
 .debug_frame   0x000000000000026c       0x28 build/debug_STM32F1/hardware/source/STM32F1/source/stm32f1xx_hal_msp.o
 .debug_frame   0x0000000000000294       0xa8 build/debug_STM32F1/hardware/source/STM32F1/source/stm32f1xx_it.o
 .debug_frame   0x000000000000033c       0x30 build/debug_STM32F1/hardware/source/STM32F1/source/system_stm32f1xx.o
 .debug_frame   0x000000000000036c      0x1d0 build/debug_STM32F1/libraries/STM32CubeF1/STM32F1xx_HAL_Driver/Src/stm32f1xx_hal.o
 .debug_frame   0x000000000000053c      0x194 build/debug_STM32F1/libraries/STM32CubeF1/STM32F1xx_HAL_Driver/Src/stm32f1xx_hal_rcc.o
 .debug_frame   0x00000000000006d0       0xe4 build/debug_STM32F1/libraries/STM32CubeF1/STM32F1xx_HAL_Driver/Src/stm32f1xx_hal_gpio.o
 .debug_frame   0x00000000000007b4      0x12c build/debug_STM32F1/libraries/STM32CubeF1/STM32F1xx_HAL_Driver/Src/stm32f1xx_hal_cortex.o
 .debug_frame   0x00000000000008e0       0x38 /usr/lib/gcc/arm-none-eabi/6.3.1/../../../arm-none-eabi/lib/thumb/v7-m/libm.a(lib_a-s_sin.o)
 .debug_frame   0x0000000000000918       0x48 /usr/lib/gcc/arm-none-eabi/6.3.1/../../../arm-none-eabi/lib/thumb/v7-m/libm.a(lib_a-e_rem_pio2.o)
 .debug_frame   0x0000000000000960       0x4c /usr/lib/gcc/arm-none-eabi/6.3.1/../../../arm-none-eabi/lib/thumb/v7-m/libm.a(lib_a-k_cos.o)
 .debug_frame   0x00000000000009ac       0x50 /usr/lib/gcc/arm-none-eabi/6.3.1/../../../arm-none-eabi/lib/thumb/v7-m/libm.a(lib_a-k_rem_pio2.o)
 .debug_frame   0x00000000000009fc       0x48 /usr/lib/gcc/arm-none-eabi/6.3.1/../../../arm-none-eabi/lib/thumb/v7-m/libm.a(lib_a-k_sin.o)
 .debug_frame   0x0000000000000a44       0x20 /usr/lib/gcc/arm-none-eabi/6.3.1/../../../arm-none-eabi/lib/thumb/v7-m/libm.a(lib_a-s_fabs.o)
 .debug_frame   0x0000000000000a64       0x34 /usr/lib/gcc/arm-none-eabi/6.3.1/../../../arm-none-eabi/lib/thumb/v7-m/libm.a(lib_a-s_floor.o)
 .debug_frame   0x0000000000000a98       0x30 /usr/lib/gcc/arm-none-eabi/6.3.1/../../../arm-none-eabi/lib/thumb/v7-m/libm.a(lib_a-s_scalbn.o)
 .debug_frame   0x0000000000000ac8       0x20 /usr/lib/gcc/arm-none-eabi/6.3.1/../../../arm-none-eabi/lib/thumb/v7-m/libm.a(lib_a-s_copysign.o)
 .debug_frame   0x0000000000000ae8       0x20 /usr/lib/gcc/arm-none-eabi/6.3.1/../../../arm-none-eabi/lib/thumb/v7-m/libc_nano.a(lib_a-calloc.o)
 .debug_frame   0x0000000000000b08       0x2c /usr/lib/gcc/arm-none-eabi/6.3.1/../../../arm-none-eabi/lib/thumb/v7-m/libc_nano.a(lib_a-init.o)
 .debug_frame   0x0000000000000b34       0x34 /usr/lib/gcc/arm-none-eabi/6.3.1/../../../arm-none-eabi/lib/thumb/v7-m/libc_nano.a(lib_a-memset.o)
 .debug_frame   0x0000000000000b68       0x2c /usr/lib/gcc/arm-none-eabi/6.3.1/../../../arm-none-eabi/lib/thumb/v7-m/libc_nano.a(lib_a-nano-callocr.o)
 .debug_frame   0x0000000000000b94       0x2c /usr/lib/gcc/arm-none-eabi/6.3.1/../../../arm-none-eabi/lib/thumb/v7-m/libc_nano.a(lib_a-nano-mallocr.o)
 .debug_frame   0x0000000000000bc0       0x5c /usr/lib/gcc/arm-none-eabi/6.3.1/../../../arm-none-eabi/lib/thumb/v7-m/libc_nano.a(lib_a-rand.o)
 .debug_frame   0x0000000000000c1c       0x2c /usr/lib/gcc/arm-none-eabi/6.3.1/../../../arm-none-eabi/lib/thumb/v7-m/libc_nano.a(lib_a-sbrkr.o)
 .debug_frame   0x0000000000000c48       0x30 /usr/lib/gcc/arm-none-eabi/6.3.1/../../../arm-none-eabi/lib/thumb/v7-m/libc_nano.a(lib_a-malloc.o)
 .debug_frame   0x0000000000000c78       0x40 /usr/lib/gcc/arm-none-eabi/6.3.1/../../../arm-none-eabi/lib/thumb/v7-m/libc_nano.a(lib_a-nano-freer.o)
 .debug_frame   0x0000000000000cb8       0x64 /usr/lib/gcc/arm-none-eabi/6.3.1/../../../arm-none-eabi/lib/thumb/v7-m/libc_nano.a(lib_a-reent.o)
 .debug_frame   0x0000000000000d1c       0x20 /usr/lib/gcc/arm-none-eabi/6.3.1/../../../arm-none-eabi/lib/thumb/v7-m/libnosys.a(sbrk.o)
 .debug_frame   0x0000000000000d3c       0xac /usr/lib/gcc/arm-none-eabi/6.3.1/thumb/v7-m/libgcc.a(_arm_addsubdf3.o)
 .debug_frame   0x0000000000000de8       0x50 /usr/lib/gcc/arm-none-eabi/6.3.1/thumb/v7-m/libgcc.a(_arm_muldivdf3.o)
 .debug_frame   0x0000000000000e38       0xc4 /usr/lib/gcc/arm-none-eabi/6.3.1/thumb/v7-m/libgcc.a(_arm_cmpdf2.o)
 .debug_frame   0x0000000000000efc       0x24 /usr/lib/gcc/arm-none-eabi/6.3.1/thumb/v7-m/libgcc.a(_arm_fixdfsi.o)
 .debug_frame   0x0000000000000f20       0x24 /usr/lib/gcc/arm-none-eabi/6.3.1/thumb/v7-m/libgcc.a(_arm_fixunsdfsi.o)
 .debug_frame   0x0000000000000f44       0x24 /usr/lib/gcc/arm-none-eabi/6.3.1/thumb/v7-m/libgcc.a(_arm_truncdfsf2.o)
 .debug_frame   0x0000000000000f68       0x4c /usr/lib/gcc/arm-none-eabi/6.3.1/thumb/v7-m/libgcc.a(_arm_addsubsf3.o)
 .debug_frame   0x0000000000000fb4       0x38 /usr/lib/gcc/arm-none-eabi/6.3.1/thumb/v7-m/libgcc.a(_arm_muldivsf3.o)
 .debug_frame   0x0000000000000fec       0xc8 /usr/lib/gcc/arm-none-eabi/6.3.1/thumb/v7-m/libgcc.a(_arm_cmpsf2.o)
 .debug_frame   0x00000000000010b4       0x24 /usr/lib/gcc/arm-none-eabi/6.3.1/thumb/v7-m/libgcc.a(_arm_fixsfsi.o)

Cross Reference Table

Symbol                                            File
ADC1_2_IRQHandler                                 build/debug_STM32F1/hardware/source/STM32F1/source/startup_stm32f103xb.o
AHBPrescTable                                     build/debug_STM32F1/hardware/source/STM32F1/source/system_stm32f1xx.o
                                                  build/debug_STM32F1/libraries/STM32CubeF1/STM32F1xx_HAL_Driver/Src/stm32f1xx_hal_rcc.o
APBPrescTable                                     build/debug_STM32F1/hardware/source/STM32F1/source/system_stm32f1xx.o
                                                  build/debug_STM32F1/libraries/STM32CubeF1/STM32F1xx_HAL_Driver/Src/stm32f1xx_hal_rcc.o
BusFault_Handler                                  build/debug_STM32F1/hardware/source/STM32F1/source/stm32f1xx_it.o
CAN1_RX1_IRQHandler                               build/debug_STM32F1/hardware/source/STM32F1/source/startup_stm32f103xb.o
CAN1_SCE_IRQHandler                               build/debug_STM32F1/hardware/source/STM32F1/source/startup_stm32f103xb.o
DMA1_Channel1_IRQHandler                          build/debug_STM32F1/hardware/source/STM32F1/source/startup_stm32f103xb.o
DMA1_Channel2_IRQHandler                          build/debug_STM32F1/hardware/source/STM32F1/source/startup_stm32f103xb.o
DMA1_Channel3_IRQHandler                          build/debug_STM32F1/hardware/source/STM32F1/source/startup_stm32f103xb.o
DMA1_Channel4_IRQHandler                          build/debug_STM32F1/hardware/source/STM32F1/source/startup_stm32f103xb.o
DMA1_Channel5_IRQHandler                          build/debug_STM32F1/hardware/source/STM32F1/source/startup_stm32f103xb.o