Archive member included to satisfy reference by file (symbol)

/usr/lib/gcc/arm-none-eabi/6.3.1/../../../arm-none-eabi/lib/thumb/v7-m/libm.a(lib_a-s_sin.o)
                              build/debug_STM32F1/source/main.o (sin)
/usr/lib/gcc/arm-none-eabi/6.3.1/../../../arm-none-eabi/lib/thumb/v7-m/libm.a(lib_a-w_fmod.o)
                              build/debug_STM32F1/source/sin_lut.o (fmod)
/usr/lib/gcc/arm-none-eabi/6.3.1/../../../arm-none-eabi/lib/thumb/v7-m/libm.a(lib_a-e_fmod.o)
                              /usr/lib/gcc/arm-none-eabi/6.3.1/../../../arm-none-eabi/lib/thumb/v7-m/libm.a(lib_a-w_fmod.o) (__ieee754_fmod)
/usr/lib/gcc/arm-none-eabi/6.3.1/../../../arm-none-eabi/lib/thumb/v7-m/libm.a(lib_a-e_rem_pio2.o)
                              /usr/lib/gcc/arm-none-eabi/6.3.1/../../../arm-none-eabi/lib/thumb/v7-m/libm.a(lib_a-s_sin.o) (__ieee754_rem_pio2)
/usr/lib/gcc/arm-none-eabi/6.3.1/../../../arm-none-eabi/lib/thumb/v7-m/libm.a(lib_a-k_cos.o)
                              /usr/lib/gcc/arm-none-eabi/6.3.1/../../../arm-none-eabi/lib/thumb/v7-m/libm.a(lib_a-s_sin.o) (__kernel_cos)
/usr/lib/gcc/arm-none-eabi/6.3.1/../../../arm-none-eabi/lib/thumb/v7-m/libm.a(lib_a-k_rem_pio2.o)
                              /usr/lib/gcc/arm-none-eabi/6.3.1/../../../arm-none-eabi/lib/thumb/v7-m/libm.a(lib_a-e_rem_pio2.o) (__kernel_rem_pio2)
/usr/lib/gcc/arm-none-eabi/6.3.1/../../../arm-none-eabi/lib/thumb/v7-m/libm.a(lib_a-k_sin.o)
                              /usr/lib/gcc/arm-none-eabi/6.3.1/../../../arm-none-eabi/lib/thumb/v7-m/libm.a(lib_a-s_sin.o) (__kernel_sin)
/usr/lib/gcc/arm-none-eabi/6.3.1/../../../arm-none-eabi/lib/thumb/v7-m/libm.a(lib_a-s_fabs.o)
                              /usr/lib/gcc/arm-none-eabi/6.3.1/../../../arm-none-eabi/lib/thumb/v7-m/libm.a(lib_a-e_rem_pio2.o) (fabs)
/usr/lib/gcc/arm-none-eabi/6.3.1/../../../arm-none-eabi/lib/thumb/v7-m/libm.a(lib_a-s_floor.o)
                              /usr/lib/gcc/arm-none-eabi/6.3.1/../../../arm-none-eabi/lib/thumb/v7-m/libm.a(lib_a-k_rem_pio2.o) (floor)
/usr/lib/gcc/arm-none-eabi/6.3.1/../../../arm-none-eabi/lib/thumb/v7-m/libm.a(lib_a-s_lib_ver.o)
                              /usr/lib/gcc/arm-none-eabi/6.3.1/../../../arm-none-eabi/lib/thumb/v7-m/libm.a(lib_a-w_fmod.o) (__fdlib_version)
/usr/lib/gcc/arm-none-eabi/6.3.1/../../../arm-none-eabi/lib/thumb/v7-m/libm.a(lib_a-s_matherr.o)
                              /usr/lib/gcc/arm-none-eabi/6.3.1/../../../arm-none-eabi/lib/thumb/v7-m/libm.a(lib_a-w_fmod.o) (matherr)
/usr/lib/gcc/arm-none-eabi/6.3.1/../../../arm-none-eabi/lib/thumb/v7-m/libm.a(lib_a-s_scalbn.o)
                              /usr/lib/gcc/arm-none-eabi/6.3.1/../../../arm-none-eabi/lib/thumb/v7-m/libm.a(lib_a-k_rem_pio2.o) (scalbn)
/usr/lib/gcc/arm-none-eabi/6.3.1/../../../arm-none-eabi/lib/thumb/v7-m/libm.a(lib_a-s_copysign.o)
                              /usr/lib/gcc/arm-none-eabi/6.3.1/../../../arm-none-eabi/lib/thumb/v7-m/libm.a(lib_a-s_scalbn.o) (copysign)
/usr/lib/gcc/arm-none-eabi/6.3.1/../../../arm-none-eabi/lib/thumb/v7-m/libc_nano.a(lib_a-atexit.o)
                              /usr/lib/gcc/arm-none-eabi/6.3.1/../../../arm-none-eabi/lib/thumb/v7-m/crt0.o (atexit)
/usr/lib/gcc/arm-none-eabi/6.3.1/../../../arm-none-eabi/lib/thumb/v7-m/libc_nano.a(lib_a-calloc.o)
                              build/debug_STM32F1/hardware/source/STM32F1/source/STM32F1.o (calloc)
/usr/lib/gcc/arm-none-eabi/6.3.1/../../../arm-none-eabi/lib/thumb/v7-m/libc_nano.a(lib_a-errno.o)
                              /usr/lib/gcc/arm-none-eabi/6.3.1/../../../arm-none-eabi/lib/thumb/v7-m/libm.a(lib_a-w_fmod.o) (__errno)
/usr/lib/gcc/arm-none-eabi/6.3.1/../../../arm-none-eabi/lib/thumb/v7-m/libc_nano.a(lib_a-exit.o)
                              /usr/lib/gcc/arm-none-eabi/6.3.1/../../../arm-none-eabi/lib/thumb/v7-m/crt0.o (exit)
/usr/lib/gcc/arm-none-eabi/6.3.1/../../../arm-none-eabi/lib/thumb/v7-m/libc_nano.a(lib_a-fini.o)
                              /usr/lib/gcc/arm-none-eabi/6.3.1/../../../arm-none-eabi/lib/thumb/v7-m/crt0.o (__libc_fini_array)
/usr/lib/gcc/arm-none-eabi/6.3.1/../../../arm-none-eabi/lib/thumb/v7-m/libc_nano.a(lib_a-impure.o)
                              /usr/lib/gcc/arm-none-eabi/6.3.1/../../../arm-none-eabi/lib/thumb/v7-m/libc_nano.a(lib_a-exit.o) (_global_impure_ptr)
/usr/lib/gcc/arm-none-eabi/6.3.1/../../../arm-none-eabi/lib/thumb/v7-m/libc_nano.a(lib_a-init.o)
                              /usr/lib/gcc/arm-none-eabi/6.3.1/../../../arm-none-eabi/lib/thumb/v7-m/crt0.o (__libc_init_array)
/usr/lib/gcc/arm-none-eabi/6.3.1/../../../arm-none-eabi/lib/thumb/v7-m/libc_nano.a(lib_a-memset.o)
                              /usr/lib/gcc/arm-none-eabi/6.3.1/../../../arm-none-eabi/lib/thumb/v7-m/crt0.o (memset)
/usr/lib/gcc/arm-none-eabi/6.3.1/../../../arm-none-eabi/lib/thumb/v7-m/libc_nano.a(lib_a-nano-callocr.o)
                              /usr/lib/gcc/arm-none-eabi/6.3.1/../../../arm-none-eabi/lib/thumb/v7-m/libc_nano.a(lib_a-calloc.o) (_calloc_r)
[...]
Memory Configuration

Name             Origin             Length             Attributes
RAM              0x0000000020000000 0x0000000000005000 xrw
FLASH            0x0000000008000000 0x0000000000010000 xr
*default*        0x0000000000000000 0xffffffffffffffff

Linker script and memory map

LOAD /usr/lib/gcc/arm-none-eabi/6.3.1/thumb/v7-m/crti.o
LOAD /usr/lib/gcc/arm-none-eabi/6.3.1/thumb/v7-m/crtbegin.o
LOAD /usr/lib/gcc/arm-none-eabi/6.3.1/../../../arm-none-eabi/lib/thumb/v7-m/crt0.o
LOAD build/debug_STM32F1/source/main.o
LOAD build/debug_STM32F1/source/sin_lut.o
LOAD build/debug_STM32F1/libraries/PolynomialApproximations_Ganssle/sincos.o
LOAD build/debug_STM32F1/hardware/source/STM32F1/source/STM32F1.o
LOAD build/debug_STM32F1/hardware/source/STM32F1/source/stm32f1xx_hal_msp.o
LOAD build/debug_STM32F1/hardware/source/STM32F1/source/stm32f1xx_it.o
LOAD build/debug_STM32F1/hardware/source/STM32F1/source/system_stm32f1xx.o
LOAD build/debug_STM32F1/libraries/STM32CubeF1/STM32F1xx_HAL_Driver/Src/stm32f1xx_hal_gpio_ex.o
LOAD build/debug_STM32F1/libraries/STM32CubeF1/STM32F1xx_HAL_Driver/Src/stm32f1xx_hal_tim.o
LOAD build/debug_STM32F1/libraries/STM32CubeF1/STM32F1xx_HAL_Driver/Src/stm32f1xx_hal_tim_ex.o
LOAD build/debug_STM32F1/libraries/STM32CubeF1/STM32F1xx_HAL_Driver/Src/stm32f1xx_hal.o
LOAD build/debug_STM32F1/libraries/STM32CubeF1/STM32F1xx_HAL_Driver/Src/stm32f1xx_hal_rcc.o
LOAD build/debug_STM32F1/libraries/STM32CubeF1/STM32F1xx_HAL_Driver/Src/stm32f1xx_hal_rcc_ex.o
LOAD build/debug_STM32F1/libraries/STM32CubeF1/STM32F1xx_HAL_Driver/Src/stm32f1xx_hal_gpio.o
LOAD build/debug_STM32F1/libraries/STM32CubeF1/STM32F1xx_HAL_Driver/Src/stm32f1xx_hal_dma.o
LOAD build/debug_STM32F1/libraries/STM32CubeF1/STM32F1xx_HAL_Driver/Src/stm32f1xx_hal_cortex.o
LOAD build/debug_STM32F1/libraries/STM32CubeF1/STM32F1xx_HAL_Driver/Src/stm32f1xx_hal_pwr.o
LOAD build/debug_STM32F1/libraries/STM32CubeF1/STM32F1xx_HAL_Driver/Src/stm32f1xx_hal_flash.o
LOAD build/debug_STM32F1/libraries/STM32CubeF1/STM32F1xx_HAL_Driver/Src/stm32f1xx_hal_flash_ex.o
LOAD build/debug_STM32F1/libraries/STM32CubeF1/STM32F1xx_HAL_Driver/Src/stm32f1xx_hal_exti.o
LOAD build/debug_STM32F1/hardware/source/STM32F1/source/startup_stm32f103xb.o
LOAD /usr/lib/gcc/arm-none-eabi/6.3.1/../../../arm-none-eabi/lib/thumb/v7-m/libm.a
LOAD /usr/lib/gcc/arm-none-eabi/6.3.1/../../../arm-none-eabi/lib/thumb/v7-m/libc_nano.a
LOAD /usr/lib/gcc/arm-none-eabi/6.3.1/../../../arm-none-eabi/lib/thumb/v7-m/libnosys.a
START GROUP
LOAD /usr/lib/gcc/arm-none-eabi/6.3.1/thumb/v7-m/libgcc.a
LOAD /usr/lib/gcc/arm-none-eabi/6.3.1/../../../arm-none-eabi/lib/thumb/v7-m/libc_nano.a
END GROUP
START GROUP
LOAD /usr/lib/gcc/arm-none-eabi/6.3.1/thumb/v7-m/libgcc.a
LOAD /usr/lib/gcc/arm-none-eabi/6.3.1/../../../arm-none-eabi/lib/thumb/v7-m/libc_nano.a
END GROUP
LOAD /usr/lib/gcc/arm-none-eabi/6.3.1/thumb/v7-m/crtend.o
LOAD /usr/lib/gcc/arm-none-eabi/6.3.1/thumb/v7-m/crtn.o
                0x0000000020005000                _estack = 0x20005000
                0x0000000000000200                _Min_Heap_Size = 0x200
                0x0000000000000800                _Min_Stack_Size = 0x800

.isr_vector     0x0000000008000000      0x10c
                0x0000000008000000                . = ALIGN (0x4)
 *(.isr_vector)
 .isr_vector    0x0000000008000000      0x10c build/debug_STM32F1/hardware/source/STM32F1/source/startup_stm32f103xb.o
                0x0000000008000000                g_pfnVectors
                0x000000000800010c                . = ALIGN (0x4)

.text           0x0000000008000110     0x4b00
                0x0000000008000110                . = ALIGN (0x4)
 *(.text)
 .text          0x0000000008000110       0xa4 /usr/lib/gcc/arm-none-eabi/6.3.1/thumb/v7-m/crtbegin.o
 .text          0x00000000080001b4       0x90 /usr/lib/gcc/arm-none-eabi/6.3.1/../../../arm-none-eabi/lib/thumb/v7-m/libm.a(lib_a-s_sin.o)
                0x00000000080001b4                sin
 .text          0x0000000008000244       0xbc /usr/lib/gcc/arm-none-eabi/6.3.1/../../../arm-none-eabi/lib/thumb/v7-m/libm.a(lib_a-w_fmod.o)
                0x0000000008000244                fmod
 .text          0x0000000008000300      0x23c /usr/lib/gcc/arm-none-eabi/6.3.1/../../../arm-none-eabi/lib/thumb/v7-m/libm.a(lib_a-e_fmod.o)
                0x0000000008000300                __ieee754_fmod
 *fill*         0x000000000800053c        0x4 
 .text          0x0000000008000540      0x42c /usr/lib/gcc/arm-none-eabi/6.3.1/../../../arm-none-eabi/lib/thumb/v7-m/libm.a(lib_a-e_rem_pio2.o)
                0x0000000008000540                __ieee754_rem_pio2
 *fill*         0x000000000800096c        0x4 
 .text          0x0000000008000970      0x248 /usr/lib/gcc/arm-none-eabi/6.3.1/../../../arm-none-eabi/lib/thumb/v7-m/libm.a(lib_a-k_cos.o)
                0x0000000008000970                __kernel_cos
 .text          0x0000000008000bb8      0x88c /usr/lib/gcc/arm-none-eabi/6.3.1/../../../arm-none-eabi/lib/thumb/v7-m/libm.a(lib_a-k_rem_pio2.o)
                0x0000000008000bb8                __kernel_rem_pio2
 *fill*         0x0000000008001444        0x4 
 .text          0x0000000008001448      0x16c /usr/lib/gcc/arm-none-eabi/6.3.1/../../../arm-none-eabi/lib/thumb/v7-m/libm.a(lib_a-k_sin.o)
                0x0000000008001448                __kernel_sin
 .text          0x00000000080015b4        0x8 /usr/lib/gcc/arm-none-eabi/6.3.1/../../../arm-none-eabi/lib/thumb/v7-m/libm.a(lib_a-s_fabs.o)
                0x00000000080015b4                fabs
 *fill*         0x00000000080015bc        0x4 
 .text          0x00000000080015c0      0x118 /usr/lib/gcc/arm-none-eabi/6.3.1/../../../arm-none-eabi/lib/thumb/v7-m/libm.a(lib_a-s_floor.o)
                0x00000000080015c0                floor
 .text          0x00000000080016d8        0x4 /usr/lib/gcc/arm-none-eabi/6.3.1/../../../arm-none-eabi/lib/thumb/v7-m/libm.a(lib_a-s_matherr.o)
                0x00000000080016d8                matherr
 *fill*         0x00000000080016dc        0x4 
 .text          0x00000000080016e0       0xe4 /usr/lib/gcc/arm-none-eabi/6.3.1/../../../arm-none-eabi/lib/thumb/v7-m/libm.a(lib_a-s_scalbn.o)
                0x00000000080016e0                scalbn
 .text          0x00000000080017c4       0x10 /usr/lib/gcc/arm-none-eabi/6.3.1/../../../arm-none-eabi/lib/thumb/v7-m/libm.a(lib_a-s_copysign.o)
                0x00000000080017c4                copysign
 .text          0x00000000080017d4       0x10 /usr/lib/gcc/arm-none-eabi/6.3.1/../../../arm-none-eabi/lib/thumb/v7-m/libc_nano.a(lib_a-calloc.o)
                0x00000000080017d4                calloc
 .text          0x00000000080017e4        0xc /usr/lib/gcc/arm-none-eabi/6.3.1/../../../arm-none-eabi/lib/thumb/v7-m/libc_nano.a(lib_a-errno.o)
                0x00000000080017e4                __errno
 .text          0x00000000080017f0       0x50 /usr/lib/gcc/arm-none-eabi/6.3.1/../../../arm-none-eabi/lib/thumb/v7-m/libc_nano.a(lib_a-init.o)
                0x00000000080017f0                __libc_init_array
 .text          0x0000000008001840       0x9c /usr/lib/gcc/arm-none-eabi/6.3.1/../../../arm-none-eabi/lib/thumb/v7-m/libc_nano.a(lib_a-memset.o)
                0x0000000008001840                memset
 .text          0x00000000080018dc       0x1c /usr/lib/gcc/arm-none-eabi/6.3.1/../../../arm-none-eabi/lib/thumb/v7-m/libc_nano.a(lib_a-nano-callocr.o)
                0x00000000080018dc                _calloc_r
 .text          0x00000000080018f8       0xbc /usr/lib/gcc/arm-none-eabi/6.3.1/../../../arm-none-eabi/lib/thumb/v7-m/libc_nano.a(lib_a-nano-mallocr.o)
                0x00000000080018f8                _malloc_r
 *fill*         0x00000000080019b4        0x4 
 .text          0x00000000080019b8      0x10c /usr/lib/gcc/arm-none-eabi/6.3.1/../../../arm-none-eabi/lib/thumb/v7-m/libc_nano.a(lib_a-rand.o)
                0x00000000080019b8                srand
                0x0000000008001a20                rand
 .text          0x0000000008001ac4       0x24 /usr/lib/gcc/arm-none-eabi/6.3.1/../../../arm-none-eabi/lib/thumb/v7-m/libc_nano.a(lib_a-sbrkr.o)
                0x0000000008001ac4                _sbrk_r
 .text          0x0000000008001ae8       0x20 /usr/lib/gcc/arm-none-eabi/6.3.1/../../../arm-none-eabi/lib/thumb/v7-m/libc_nano.a(lib_a-malloc.o)
                0x0000000008001ae8                malloc
                0x0000000008001af8                free
 .text          0x0000000008001b08       0x90 /usr/lib/gcc/arm-none-eabi/6.3.1/../../../arm-none-eabi/lib/thumb/v7-m/libc_nano.a(lib_a-nano-freer.o)
                0x0000000008001b08                _free_r
 .text          0x0000000008001b98       0x1c /usr/lib/gcc/arm-none-eabi/6.3.1/../../../arm-none-eabi/lib/thumb/v7-m/libnosys.a(sbrk.o)
                0x0000000008001b98                _sbrk
 .text          0x0000000008001bb4      0x370 /usr/lib/gcc/arm-none-eabi/6.3.1/thumb/v7-m/libgcc.a(_arm_addsubdf3.o)
                0x0000000008001bb4                __aeabi_drsub
                0x0000000008001bbc                __aeabi_dsub
                0x0000000008001bbc                __subdf3
                0x0000000008001bc0                __adddf3
                0x0000000008001bc0                __aeabi_dadd
                0x0000000008001e38                __aeabi_ui2d
                0x0000000008001e38                __floatunsidf
                0x0000000008001e58                __floatsidf
                0x0000000008001e58                __aeabi_i2d
                0x0000000008001e7c                __extendsfdf2
                0x0000000008001e7c                __aeabi_f2d
                0x0000000008001eb8                __aeabi_ul2d
                0x0000000008001eb8                __floatundidf
                0x0000000008001ec8                __floatdidf
                0x0000000008001ec8                __aeabi_l2d
 .text          0x0000000008001f24      0x424 /usr/lib/gcc/arm-none-eabi/6.3.1/thumb/v7-m/libgcc.a(_arm_muldivdf3.o)
                0x0000000008001f24                __aeabi_dmul
                0x0000000008001f24                __muldf3
                0x0000000008002178                __aeabi_ddiv
                0x0000000008002178                __divdf3
 .text          0x0000000008002348      0x110 /usr/lib/gcc/arm-none-eabi/6.3.1/thumb/v7-m/libgcc.a(_arm_cmpdf2.o)
                0x0000000008002348                __gtdf2
                0x0000000008002348                __gedf2
                0x0000000008002350                __ltdf2
                0x0000000008002350                __ledf2
                0x0000000008002358                __cmpdf2
                0x0000000008002358                __eqdf2
                0x0000000008002358                __nedf2
                0x00000000080023d4                __aeabi_cdrcmple
                0x00000000080023e4                __aeabi_cdcmple
                0x00000000080023e4                __aeabi_cdcmpeq
                0x00000000080023f4                __aeabi_dcmpeq
                0x0000000008002408                __aeabi_dcmplt
                0x000000000800241c                __aeabi_dcmple
                0x0000000008002430                __aeabi_dcmpge
                0x0000000008002444                __aeabi_dcmpgt
 .text          0x0000000008002458       0x2c /usr/lib/gcc/arm-none-eabi/6.3.1/thumb/v7-m/libgcc.a(_arm_unorddf2.o)
                0x0000000008002458                __aeabi_dcmpun
                0x0000000008002458                __unorddf2
 .text          0x0000000008002484       0x50 /usr/lib/gcc/arm-none-eabi/6.3.1/thumb/v7-m/libgcc.a(_arm_fixdfsi.o)
                0x0000000008002484                __fixdfsi
                0x0000000008002484                __aeabi_d2iz
 .text          0x00000000080024d4       0x40 /usr/lib/gcc/arm-none-eabi/6.3.1/thumb/v7-m/libgcc.a(_arm_fixunsdfsi.o)
                0x00000000080024d4                __fixunsdfsi
                0x00000000080024d4                __aeabi_d2uiz
 .text          0x0000000008002514       0xa0 /usr/lib/gcc/arm-none-eabi/6.3.1/thumb/v7-m/libgcc.a(_arm_truncdfsf2.o)
                0x0000000008002514                __aeabi_d2f
                0x0000000008002514                __truncdfsf2
 .text          0x00000000080025b4      0x21c /usr/lib/gcc/arm-none-eabi/6.3.1/thumb/v7-m/libgcc.a(_arm_addsubsf3.o)
                0x00000000080025b4                __aeabi_frsub
                0x00000000080025bc                __subsf3
                0x00000000080025bc                __aeabi_fsub
                0x00000000080025c0                __aeabi_fadd
                0x00000000080025c0                __addsf3
                0x0000000008002720                __aeabi_ui2f
                0x0000000008002720                __floatunsisf
                0x0000000008002728                __aeabi_i2f
                0x0000000008002728                __floatsisf
                0x0000000008002744                __floatundisf
                0x0000000008002744                __aeabi_ul2f
                0x0000000008002754                __floatdisf
                0x0000000008002754                __aeabi_l2f
 .text          0x00000000080027d0      0x2a0 /usr/lib/gcc/arm-none-eabi/6.3.1/thumb/v7-m/libgcc.a(_arm_muldivsf3.o)
                0x00000000080027d0                __mulsf3
                0x00000000080027d0                __aeabi_fmul
                0x0000000008002938                __divsf3
                0x0000000008002938                __aeabi_fdiv
 .text          0x0000000008002a70       0xec /usr/lib/gcc/arm-none-eabi/6.3.1/thumb/v7-m/libgcc.a(_arm_cmpsf2.o)
                0x0000000008002a70                __gtsf2
                0x0000000008002a70                __gesf2
                0x0000000008002a78                __lesf2
                0x0000000008002a78                __ltsf2
                0x0000000008002a80                __nesf2
                0x0000000008002a80                __eqsf2
                0x0000000008002a80                __cmpsf2
                0x0000000008002ae0                __aeabi_cfrcmple
                0x0000000008002ae8                __aeabi_cfcmple
                0x0000000008002ae8                __aeabi_cfcmpeq
                0x0000000008002af8                __aeabi_fcmpeq
                0x0000000008002b0c                __aeabi_fcmplt
                0x0000000008002b20                __aeabi_fcmple
                0x0000000008002b34                __aeabi_fcmpge
                0x0000000008002b48                __aeabi_fcmpgt
 .text          0x0000000008002b5c       0x4c /usr/lib/gcc/arm-none-eabi/6.3.1/thumb/v7-m/libgcc.a(_arm_fixsfsi.o)
                0x0000000008002b5c                __fixsfsi
                0x0000000008002b5c                __aeabi_f2iz
 *(.text*)
 .text.main     0x0000000008002ba8      0x858 build/debug_STM32F1/source/main.o
                0x0000000008002ba8                main
 .text.init_sinLUT
                0x0000000008003400       0x64 build/debug_STM32F1/source/sin_lut.o
                0x0000000008003400                init_sinLUT
 *fill*         0x0000000008003464        0x4 
 .text.sin_LUT_double
                0x0000000008003468       0x44 build/debug_STM32F1/source/sin_lut.o
                0x0000000008003468                sin_LUT_double
 .text.sin_LUT_float
                0x00000000080034ac       0x64 build/debug_STM32F1/source/sin_lut.o
                0x00000000080034ac                sin_LUT_float
 .text.sin_LUT_fixedPoint
                0x0000000008003510       0x30 build/debug_STM32F1/source/sin_lut.o
                0x0000000008003510                sin_LUT_fixedPoint
 .text.sin_LUT_double_interpolate
                0x0000000008003540       0x80 build/debug_STM32F1/source/sin_lut.o
                0x0000000008003540                sin_LUT_double_interpolate
 .text.sin_LUT_double_nonUniform
                0x00000000080035c0      0x14c build/debug_STM32F1/source/sin_lut.o
                0x00000000080035c0                sin_LUT_double_nonUniform
 .text.sin_LUT_float_interpolate
                0x000000000800370c       0x84 build/debug_STM32F1/source/sin_lut.o
                0x000000000800370c                sin_LUT_float_interpolate
 .text.sin_LUT_float_nonUniform
                0x0000000008003790       0xec build/debug_STM32F1/source/sin_lut.o
                0x0000000008003790                sin_LUT_float_nonUniform
 .text.sin_LUT_fixedPoint_interpolate
                0x000000000800387c       0x40 build/debug_STM32F1/source/sin_lut.o
                0x000000000800387c                sin_LUT_fixedPoint_interpolate
 .text.sin_LUT_fixedPoint_nonUniform
                0x00000000080038bc       0x98 build/debug_STM32F1/source/sin_lut.o
                0x00000000080038bc                sin_LUT_fixedPoint_nonUniform
 .text.cos_32s  0x0000000008003954       0x34 build/debug_STM32F1/libraries/PolynomialApproximations_Ganssle/sincos.o
                0x0000000008003954                cos_32s
 .text.cos_32   0x0000000008003988       0xc0 build/debug_STM32F1/libraries/PolynomialApproximations_Ganssle/sincos.o
                0x0000000008003988                cos_32
 .text.sin_32   0x0000000008003a48       0x28 build/debug_STM32F1/libraries/PolynomialApproximations_Ganssle/sincos.o
                0x0000000008003a48                sin_32
 .text.cos_52s  0x0000000008003a70       0x44 build/debug_STM32F1/libraries/PolynomialApproximations_Ganssle/sincos.o
                0x0000000008003a70                cos_52s
 *fill*         0x0000000008003ab4        0x4 
 .text.cos_52   0x0000000008003ab8       0xc0 build/debug_STM32F1/libraries/PolynomialApproximations_Ganssle/sincos.o
                0x0000000008003ab8                cos_52
 .text.sin_52   0x0000000008003b78       0x28 build/debug_STM32F1/libraries/PolynomialApproximations_Ganssle/sincos.o
                0x0000000008003b78                sin_52
 .text.cos_73s  0x0000000008003ba0       0x90 build/debug_STM32F1/libraries/PolynomialApproximations_Ganssle/sincos.o
                0x0000000008003ba0                cos_73s
 .text.cos_73   0x0000000008003c30       0xa8 build/debug_STM32F1/libraries/PolynomialApproximations_Ganssle/sincos.o
                0x0000000008003c30                cos_73
 .text.sin_73   0x0000000008003cd8       0x20 build/debug_STM32F1/libraries/PolynomialApproximations_Ganssle/sincos.o
                0x0000000008003cd8                sin_73
 .text.cos_121s
                0x0000000008003cf8       0xd0 build/debug_STM32F1/libraries/PolynomialApproximations_Ganssle/sincos.o
                0x0000000008003cf8                cos_121s
 .text.cos_121  0x0000000008003dc8       0xa8 build/debug_STM32F1/libraries/PolynomialApproximations_Ganssle/sincos.o
                0x0000000008003dc8                cos_121
 .text.sin_121  0x0000000008003e70       0x20 build/debug_STM32F1/libraries/PolynomialApproximations_Ganssle/sincos.o
                0x0000000008003e70                sin_121
 .text.MX_GPIO_Init
                0x0000000008003e90       0x78 build/debug_STM32F1/hardware/source/STM32F1/source/STM32F1.o
 .text.SystemClock_Config
                0x0000000008003f08       0x54 build/debug_STM32F1/hardware/source/STM32F1/source/STM32F1.o
                0x0000000008003f08                SystemClock_Config
 .text.initHardware
                0x0000000008003f5c       0x16 build/debug_STM32F1/hardware/source/STM32F1/source/STM32F1.o
                0x0000000008003f5c                initHardware
 *fill*         0x0000000008003f72        0x2 
 .text.assert_failed
                0x0000000008003f74       0x24 build/debug_STM32F1/hardware/source/STM32F1/source/STM32F1.o
                0x0000000008003f74                assert_failed
 .text.systemTime_create
                0x0000000008003f98       0x1c build/debug_STM32F1/hardware/source/STM32F1/source/STM32F1.o
                0x0000000008003f98                systemTime_create
 *fill*         0x0000000008003fb4        0x4 
 .text.getSystemTime
                0x0000000008003fb8       0x7c build/debug_STM32F1/hardware/source/STM32F1/source/STM32F1.o
                0x0000000008003fb8                getSystemTime
 *fill*         0x0000000008004034        0x4 
 .text.elapsedSystemTime_ns
                0x0000000008004038       0x98 build/debug_STM32F1/hardware/source/STM32F1/source/STM32F1.o
                0x0000000008004038                elapsedSystemTime_ns
 .text.systemTimeDiff_ns
                0x00000000080040d0       0x38 build/debug_STM32F1/hardware/source/STM32F1/source/STM32F1.o
                0x00000000080040d0                systemTimeDiff_ns
 .text.printResults_CUT
                0x0000000008004108       0x14 build/debug_STM32F1/hardware/source/STM32F1/source/STM32F1.o
                0x0000000008004108                printResults_CUT
 .text.HAL_MspInit
                0x000000000800411c       0x44 build/debug_STM32F1/hardware/source/STM32F1/source/stm32f1xx_hal_msp.o
                0x000000000800411c                HAL_MspInit
 .text.NMI_Handler
                0x0000000008004160        0x2 build/debug_STM32F1/hardware/source/STM32F1/source/stm32f1xx_it.o
                0x0000000008004160                NMI_Handler
 .text.HardFault_Handler
                0x0000000008004162        0x2 build/debug_STM32F1/hardware/source/STM32F1/source/stm32f1xx_it.o
                0x0000000008004162                HardFault_Handler
 .text.MemManage_Handler
                0x0000000008004164        0x2 build/debug_STM32F1/hardware/source/STM32F1/source/stm32f1xx_it.o
                0x0000000008004164                MemManage_Handler
 .text.BusFault_Handler
                0x0000000008004166        0x2 build/debug_STM32F1/hardware/source/STM32F1/source/stm32f1xx_it.o
                0x0000000008004166                BusFault_Handler
 .text.UsageFault_Handler
                0x0000000008004168        0x2 build/debug_STM32F1/hardware/source/STM32F1/source/stm32f1xx_it.o
                0x0000000008004168                UsageFault_Handler
 .text.SVC_Handler
                0x000000000800416a        0x2 build/debug_STM32F1/hardware/source/STM32F1/source/stm32f1xx_it.o
                0x000000000800416a                SVC_Handler
 .text.DebugMon_Handler
                0x000000000800416c        0x2 build/debug_STM32F1/hardware/source/STM32F1/source/stm32f1xx_it.o
                0x000000000800416c                DebugMon_Handler
 .text.PendSV_Handler
                0x000000000800416e        0x2 build/debug_STM32F1/hardware/source/STM32F1/source/stm32f1xx_it.o
                0x000000000800416e                PendSV_Handler
 .text.SysTick_Handler
                0x0000000008004170        0x8 build/debug_STM32F1/hardware/source/STM32F1/source/stm32f1xx_it.o
                0x0000000008004170                SysTick_Handler
 .text.SystemInit
                0x0000000008004178       0x4c build/debug_STM32F1/hardware/source/STM32F1/source/system_stm32f1xx.o
                0x0000000008004178                SystemInit
 .text.SystemCoreClockUpdate
                0x00000000080041c4       0x94 build/debug_STM32F1/hardware/source/STM32F1/source/system_stm32f1xx.o
                0x00000000080041c4                SystemCoreClockUpdate
 .text.HAL_InitTick
                0x0000000008004258       0x4c build/debug_STM32F1/libraries/STM32CubeF1/STM32F1xx_HAL_Driver/Src/stm32f1xx_hal.o
                0x0000000008004258                HAL_InitTick
 .text.HAL_Init
                0x00000000080042a4       0x24 build/debug_STM32F1/libraries/STM32CubeF1/STM32F1xx_HAL_Driver/Src/stm32f1xx_hal.o
                0x00000000080042a4                HAL_Init
 .text.HAL_IncTick
                0x00000000080042c8       0x18 build/debug_STM32F1/libraries/STM32CubeF1/STM32F1xx_HAL_Driver/Src/stm32f1xx_hal.o
                0x00000000080042c8                HAL_IncTick
 .text.HAL_GetTick
                0x00000000080042e0        0xc build/debug_STM32F1/libraries/STM32CubeF1/STM32F1xx_HAL_Driver/Src/stm32f1xx_hal.o
                0x00000000080042e0                HAL_GetTick
 .text.RCC_Delay
                0x00000000080042ec       0x2c build/debug_STM32F1/libraries/STM32CubeF1/STM32F1xx_HAL_Driver/Src/stm32f1xx_hal_rcc.o
 .text.HAL_RCC_OscConfig
                0x0000000008004318      0x410 build/debug_STM32F1/libraries/STM32CubeF1/STM32F1xx_HAL_Driver/Src/stm32f1xx_hal_rcc.o
                0x0000000008004318                HAL_RCC_OscConfig
 .text.HAL_RCC_GetSysClockFreq
                0x0000000008004728       0x6c build/debug_STM32F1/libraries/STM32CubeF1/STM32F1xx_HAL_Driver/Src/stm32f1xx_hal_rcc.o
                0x0000000008004728                HAL_RCC_GetSysClockFreq
 .text.HAL_RCC_ClockConfig
                0x0000000008004794      0x168 build/debug_STM32F1/libraries/STM32CubeF1/STM32F1xx_HAL_Driver/Src/stm32f1xx_hal_rcc.o
                0x0000000008004794                HAL_RCC_ClockConfig
 .text.HAL_GPIO_Init
                0x00000000080048fc      0x1f0 build/debug_STM32F1/libraries/STM32CubeF1/STM32F1xx_HAL_Driver/Src/stm32f1xx_hal_gpio.o
                0x00000000080048fc                HAL_GPIO_Init
 .text.HAL_GPIO_WritePin
                0x0000000008004aec        0xc build/debug_STM32F1/libraries/STM32CubeF1/STM32F1xx_HAL_Driver/Src/stm32f1xx_hal_gpio.o
                0x0000000008004aec                HAL_GPIO_WritePin
 .text.HAL_NVIC_SetPriorityGrouping
                0x0000000008004af8       0x24 build/debug_STM32F1/libraries/STM32CubeF1/STM32F1xx_HAL_Driver/Src/stm32f1xx_hal_cortex.o
                0x0000000008004af8                HAL_NVIC_SetPriorityGrouping
 .text.HAL_NVIC_SetPriority
                0x0000000008004b1c       0x64 build/debug_STM32F1/libraries/STM32CubeF1/STM32F1xx_HAL_Driver/Src/stm32f1xx_hal_cortex.o
                0x0000000008004b1c                HAL_NVIC_SetPriority
 .text.HAL_SYSTICK_Config
                0x0000000008004b80       0x2c build/debug_STM32F1/libraries/STM32CubeF1/STM32F1xx_HAL_Driver/Src/stm32f1xx_hal_cortex.o
                0x0000000008004b80                HAL_SYSTICK_Config
 .text.Reset_Handler
                0x0000000008004bac       0x48 build/debug_STM32F1/hardware/source/STM32F1/source/startup_stm32f103xb.o
                0x0000000008004bac                Reset_Handler
 .text.Default_Handler
                0x0000000008004bf4        0x2 build/debug_STM32F1/hardware/source/STM32F1/source/startup_stm32f103xb.o
                0x0000000008004bf4                RTC_Alarm_IRQHandler
                0x0000000008004bf4                EXTI2_IRQHandler
                0x0000000008004bf4                TIM1_CC_IRQHandler
                0x0000000008004bf4                PVD_IRQHandler
                0x0000000008004bf4                EXTI3_IRQHandler
                0x0000000008004bf4                EXTI0_IRQHandler
                0x0000000008004bf4                I2C2_EV_IRQHandler
                0x0000000008004bf4                ADC1_2_IRQHandler
                0x0000000008004bf4                SPI1_IRQHandler
                0x0000000008004bf4                TAMPER_IRQHandler
                0x0000000008004bf4                DMA1_Channel4_IRQHandler
                0x0000000008004bf4                USART3_IRQHandler
                0x0000000008004bf4                RTC_IRQHandler
                0x0000000008004bf4                DMA1_Channel7_IRQHandler
                0x0000000008004bf4                CAN1_RX1_IRQHandler
                0x0000000008004bf4                TIM4_IRQHandler
                0x0000000008004bf4                I2C1_EV_IRQHandler
                0x0000000008004bf4                DMA1_Channel6_IRQHandler
                0x0000000008004bf4                TIM3_IRQHandler
                0x0000000008004bf4                RCC_IRQHandler
                0x0000000008004bf4                TIM1_TRG_COM_IRQHandler
                0x0000000008004bf4                DMA1_Channel1_IRQHandler
                0x0000000008004bf4                Default_Handler
                0x0000000008004bf4                EXTI15_10_IRQHandler
                0x0000000008004bf4                EXTI9_5_IRQHandler
                0x0000000008004bf4                SPI2_IRQHandler
                0x0000000008004bf4                DMA1_Channel5_IRQHandler
                0x0000000008004bf4                EXTI4_IRQHandler
                0x0000000008004bf4                USB_LP_CAN1_RX0_IRQHandler
                0x0000000008004bf4                USB_HP_CAN1_TX_IRQHandler
                0x0000000008004bf4                DMA1_Channel3_IRQHandler
                0x0000000008004bf4                TIM1_UP_IRQHandler
                0x0000000008004bf4                WWDG_IRQHandler
                0x0000000008004bf4                TIM2_IRQHandler
                0x0000000008004bf4                TIM1_BRK_IRQHandler
                0x0000000008004bf4                EXTI1_IRQHandler
                0x0000000008004bf4                USART2_IRQHandler
                0x0000000008004bf4                I2C2_ER_IRQHandler
                0x0000000008004bf4                DMA1_Channel2_IRQHandler
                0x0000000008004bf4                CAN1_SCE_IRQHandler
                0x0000000008004bf4                FLASH_IRQHandler
                0x0000000008004bf4                USART1_IRQHandler
                0x0000000008004bf4                I2C1_ER_IRQHandler
                0x0000000008004bf4                USBWakeUp_IRQHandler
 *(.glue_7)
 .glue_7        0x0000000008004bf6        0x0 linker stubs
 *(.glue_7t)
 .glue_7t       0x0000000008004bf6        0x0 linker stubs
 *(.eh_frame)
 *fill*         0x0000000008004bf6        0x2 
 .eh_frame      0x0000000008004bf8        0x0 /usr/lib/gcc/arm-none-eabi/6.3.1/thumb/v7-m/crtbegin.o
 *(.init)
 .init          0x0000000008004bf8        0x4 /usr/lib/gcc/arm-none-eabi/6.3.1/thumb/v7-m/crti.o
                0x0000000008004bf8                _init
 .init          0x0000000008004bfc        0x8 /usr/lib/gcc/arm-none-eabi/6.3.1/thumb/v7-m/crtn.o
 *(.fini)
 .fini          0x0000000008004c04        0x4 /usr/lib/gcc/arm-none-eabi/6.3.1/thumb/v7-m/crti.o
                0x0000000008004c04                _fini
 .fini          0x0000000008004c08        0x8 /usr/lib/gcc/arm-none-eabi/6.3.1/thumb/v7-m/crtn.o
                0x0000000008004c10                . = ALIGN (0x4)
                0x0000000008004c10                _etext = .

.vfp11_veneer   0x0000000008004c10        0x0
 .vfp11_veneer  0x0000000008004c10        0x0 linker stubs

.v4_bx          0x0000000008004c10        0x0
 .v4_bx         0x0000000008004c10        0x0 linker stubs

.iplt           0x0000000008004c10        0x0
 .iplt          0x0000000008004c10        0x0 /usr/lib/gcc/arm-none-eabi/6.3.1/thumb/v7-m/crtbegin.o

.rodata         0x0000000008004c10      0x600
                0x0000000008004c10                . = ALIGN (0x4)
 *(.rodata)
 .rodata        0x0000000008004c10       0xbb build/debug_STM32F1/source/main.o
 *fill*         0x0000000008004ccb        0x1 
 .rodata        0x0000000008004ccc       0x12 build/debug_STM32F1/libraries/STM32CubeF1/STM32F1xx_HAL_Driver/Src/stm32f1xx_hal_rcc.o
 *fill*         0x0000000008004cde        0x2 
 .rodata        0x0000000008004ce0       0x10 /usr/lib/gcc/arm-none-eabi/6.3.1/../../../arm-none-eabi/lib/thumb/v7-m/libm.a(lib_a-e_fmod.o)
 .rodata        0x0000000008004cf0      0x188 /usr/lib/gcc/arm-none-eabi/6.3.1/../../../arm-none-eabi/lib/thumb/v7-m/libm.a(lib_a-e_rem_pio2.o)
 .rodata        0x0000000008004e78       0x50 /usr/lib/gcc/arm-none-eabi/6.3.1/../../../arm-none-eabi/lib/thumb/v7-m/libm.a(lib_a-k_rem_pio2.o)
 *(.rodata*)
 .rodata.nonUniform_double_0dot007error
                0x0000000008004ec8      0x190 build/debug_STM32F1/source/sin_lut.o
 .rodata.nonUniform_fixed_0dot007error
                0x0000000008005058       0xc8 build/debug_STM32F1/source/sin_lut.o
 .rodata.nonUniform_float_0dot007error
                0x0000000008005120       0xc8 build/debug_STM32F1/source/sin_lut.o
 .rodata.systemTime_create.str1.4
                0x00000000080051e8        0xa build/debug_STM32F1/hardware/source/STM32F1/source/STM32F1.o
 *fill*         0x00000000080051f2        0x2 
 .rodata.AHBPrescTable
                0x00000000080051f4       0x10 build/debug_STM32F1/hardware/source/STM32F1/source/system_stm32f1xx.o
                0x00000000080051f4                AHBPrescTable
 .rodata.str1.4
                0x0000000008005204        0x5 /usr/lib/gcc/arm-none-eabi/6.3.1/../../../arm-none-eabi/lib/thumb/v7-m/libm.a(lib_a-w_fmod.o)
 *fill*         0x0000000008005209        0x3 
 .rodata.str1.4
                0x000000000800520c        0x4 /usr/lib/gcc/arm-none-eabi/6.3.1/../../../arm-none-eabi/lib/thumb/v7-m/libc_nano.a(lib_a-impure.o)
                                          0x2 (size before relaxing)
                0x0000000008005210                . = ALIGN (0x4)

.rel.dyn        0x0000000008005210        0x0
 .rel.iplt      0x0000000008005210        0x0 /usr/lib/gcc/arm-none-eabi/6.3.1/thumb/v7-m/crtbegin.o

.ARM.extab
 *(.ARM.extab* .gnu.linkonce.armextab.*)

.ARM            0x0000000008005210        0x0
                0x0000000008005210                __exidx_start = .
 *(.ARM.exidx*)
                0x0000000008005210                __exidx_end = .

.preinit_array  0x0000000008005210        0x0
                0x0000000008005210                PROVIDE (__preinit_array_start, .)
 *(.preinit_array*)
                0x0000000008005210                PROVIDE (__preinit_array_end, .)

.init_array     0x0000000008005210        0x4
                0x0000000008005210                PROVIDE (__init_array_start, .)
 *(SORT(.init_array.*))
 *(.init_array*)
 .init_array    0x0000000008005210        0x4 /usr/lib/gcc/arm-none-eabi/6.3.1/thumb/v7-m/crtbegin.o
                0x0000000008005214                PROVIDE (__init_array_end, .)

.fini_array     0x0000000008005214        0x4
                0x0000000008005214                PROVIDE (__fini_array_start, .)
 *(SORT(.fini_array.*))
 *(.fini_array*)
 .fini_array    0x0000000008005214        0x4 /usr/lib/gcc/arm-none-eabi/6.3.1/thumb/v7-m/crtbegin.o
                0x0000000008005218                PROVIDE (__fini_array_end, .)
                0x0000000008005218                _sidata = LOADADDR (.data)

.data           0x0000000020000000       0x78 load address 0x0000000008005218
                0x0000000020000000                . = ALIGN (0x4)
                0x0000000020000000                _sdata = .
 *(.data)
 .data          0x0000000020000000        0x1 /usr/lib/gcc/arm-none-eabi/6.3.1/../../../arm-none-eabi/lib/thumb/v7-m/libm.a(lib_a-s_lib_ver.o)
                0x0000000020000000                __fdlib_version
 *fill*         0x0000000020000001        0x3 
 .data          0x0000000020000004       0x64 /usr/lib/gcc/arm-none-eabi/6.3.1/../../../arm-none-eabi/lib/thumb/v7-m/libc_nano.a(lib_a-impure.o)
                0x0000000020000004                _impure_ptr
 *(.data*)
 .data.testIterations
                0x0000000020000068        0x4 build/debug_STM32F1/source/main.o
                0x0000000020000068                testIterations
 .data.SystemCoreClock
                0x000000002000006c        0x4 build/debug_STM32F1/hardware/source/STM32F1/source/system_stm32f1xx.o
                0x000000002000006c                SystemCoreClock
 .data.uwTickFreq
                0x0000000020000070        0x1 build/debug_STM32F1/libraries/STM32CubeF1/STM32F1xx_HAL_Driver/Src/stm32f1xx_hal.o
                0x0000000020000070                uwTickFreq
 *fill*         0x0000000020000071        0x3 
 .data.uwTickPrio
                0x0000000020000074        0x4 build/debug_STM32F1/libraries/STM32CubeF1/STM32F1xx_HAL_Driver/Src/stm32f1xx_hal.o
                0x0000000020000074                uwTickPrio
                0x0000000020000078                . = ALIGN (0x4)
                0x0000000020000078                _edata = .

.jcr            0x0000000020000078        0x0 load address 0x0000000008005290
 .jcr           0x0000000020000078        0x0 /usr/lib/gcc/arm-none-eabi/6.3.1/thumb/v7-m/crtbegin.o

.tm_clone_table
                0x0000000020000078        0x0 load address 0x0000000008005290
 .tm_clone_table
                0x0000000020000078        0x0 /usr/lib/gcc/arm-none-eabi/6.3.1/thumb/v7-m/crtbegin.o
 .tm_clone_table
                0x0000000020000078        0x0 /usr/lib/gcc/arm-none-eabi/6.3.1/thumb/v7-m/crtend.o

.igot.plt       0x0000000020000078        0x0 load address 0x0000000008005290
 .igot.plt      0x0000000020000078        0x0 /usr/lib/gcc/arm-none-eabi/6.3.1/thumb/v7-m/crtbegin.o
                0x0000000020000078                . = ALIGN (0x4)

.bss            0x0000000020000078     0x1970 load address 0x0000000008005290
                0x0000000020000078                _sbss = .
                0x0000000020000078                __bss_start__ = _sbss
 *(.bss)
 .bss           0x0000000020000078       0x1c /usr/lib/gcc/arm-none-eabi/6.3.1/thumb/v7-m/crtbegin.o
 .bss           0x0000000020000094        0x8 /usr/lib/gcc/arm-none-eabi/6.3.1/../../../arm-none-eabi/lib/thumb/v7-m/libc_nano.a(lib_a-nano-mallocr.o)
                0x0000000020000094                __malloc_free_list
                0x0000000020000098                __malloc_sbrk_start
 .bss           0x000000002000009c        0x4 /usr/lib/gcc/arm-none-eabi/6.3.1/../../../arm-none-eabi/lib/thumb/v7-m/libnosys.a(sbrk.o)
 *(.bss*)
 .bss.sinTable_double
                0x00000000200000a0      0xca0 build/debug_STM32F1/source/sin_lut.o
 .bss.sinTable_fixedPoint
                0x0000000020000d40      0x650 build/debug_STM32F1/source/sin_lut.o
 .bss.sinTable_float
                0x0000000020001390      0x650 build/debug_STM32F1/source/sin_lut.o
 *(COMMON)
 COMMON         0x00000000200019e0        0x4 build/debug_STM32F1/libraries/STM32CubeF1/STM32F1xx_HAL_Driver/Src/stm32f1xx_hal.o
                0x00000000200019e0                uwTick
 COMMON         0x00000000200019e4        0x4 /usr/lib/gcc/arm-none-eabi/6.3.1/../../../arm-none-eabi/lib/thumb/v7-m/libc_nano.a(lib_a-reent.o)
                0x00000000200019e4                errno
                0x00000000200019e8                . = ALIGN (0x4)
                0x00000000200019e8                _ebss = .
                0x00000000200019e8                __bss_end__ = _ebss

._user_heap_stack
                0x00000000200019e8      0xa00 load address 0x0000000008005290
                0x00000000200019e8                . = ALIGN (0x8)
                0x00000000200019e8                PROVIDE (end, .)
                [!provide]                        PROVIDE (_end, .)
                0x0000000020001be8                . = (. + _Min_Heap_Size)
 *fill*         0x00000000200019e8      0x200 
                0x00000000200023e8                . = (. + _Min_Stack_Size)
 *fill*         0x0000000020001be8      0x800 
                0x00000000200023e8                . = ALIGN (0x8)

/DISCARD/
 libc.a(*)
 libm.a(*)
 libgcc.a(*)

.ARM.attributes
                0x0000000000000000       0x29
 *(.ARM.attributes)
 .ARM.attributes
                0x0000000000000000       0x1d /usr/lib/gcc/arm-none-eabi/6.3.1/thumb/v7-m/crti.o
 .ARM.attributes
                0x000000000000001d       0x2d /usr/lib/gcc/arm-none-eabi/6.3.1/thumb/v7-m/crtbegin.o
 .ARM.attributes
                0x000000000000004a       0x33 build/debug_STM32F1/source/main.o
 .ARM.attributes
                0x000000000000007d       0x33 build/debug_STM32F1/source/sin_lut.o
 .ARM.attributes
                0x00000000000000b0       0x33 build/debug_STM32F1/libraries/PolynomialApproximations_Ganssle/sincos.o
 .ARM.attributes
                0x00000000000000e3       0x33 build/debug_STM32F1/hardware/source/STM32F1/source/STM32F1.o
 .ARM.attributes
                0x0000000000000116       0x33 build/debug_STM32F1/hardware/source/STM32F1/source/stm32f1xx_hal_msp.o
 .ARM.attributes
                0x0000000000000149       0x33 build/debug_STM32F1/hardware/source/STM32F1/source/stm32f1xx_it.o
 .ARM.attributes
                0x000000000000017c       0x33 build/debug_STM32F1/hardware/source/STM32F1/source/system_stm32f1xx.o
 .ARM.attributes
                0x00000000000001af       0x33 build/debug_STM32F1/libraries/STM32CubeF1/STM32F1xx_HAL_Driver/Src/stm32f1xx_hal.o
 .ARM.attributes
                0x00000000000001e2       0x33 build/debug_STM32F1/libraries/STM32CubeF1/STM32F1xx_HAL_Driver/Src/stm32f1xx_hal_rcc.o
 .ARM.attributes
                0x0000000000000215       0x33 build/debug_STM32F1/libraries/STM32CubeF1/STM32F1xx_HAL_Driver/Src/stm32f1xx_hal_gpio.o
 .ARM.attributes
                0x0000000000000248       0x33 build/debug_STM32F1/libraries/STM32CubeF1/STM32F1xx_HAL_Driver/Src/stm32f1xx_hal_cortex.o
 .ARM.attributes
                0x000000000000027b       0x21 build/debug_STM32F1/hardware/source/STM32F1/source/startup_stm32f103xb.o
 .ARM.attributes
                0x000000000000029c       0x2d /usr/lib/gcc/arm-none-eabi/6.3.1/../../../arm-none-eabi/lib/thumb/v7-m/libm.a(lib_a-s_sin.o)
 .ARM.attributes
                0x00000000000002c9       0x2d /usr/lib/gcc/arm-none-eabi/6.3.1/../../../arm-none-eabi/lib/thumb/v7-m/libm.a(lib_a-w_fmod.o)
 .ARM.attributes
                0x00000000000002f6       0x2d /usr/lib/gcc/arm-none-eabi/6.3.1/../../../arm-none-eabi/lib/thumb/v7-m/libm.a(lib_a-e_fmod.o)
 .ARM.attributes
                0x0000000000000323       0x2d /usr/lib/gcc/arm-none-eabi/6.3.1/../../../arm-none-eabi/lib/thumb/v7-m/libm.a(lib_a-e_rem_pio2.o)
 .ARM.attributes
                0x0000000000000350       0x2d /usr/lib/gcc/arm-none-eabi/6.3.1/../../../arm-none-eabi/lib/thumb/v7-m/libm.a(lib_a-k_cos.o)
 .ARM.attributes
                0x000000000000037d       0x2d /usr/lib/gcc/arm-none-eabi/6.3.1/../../../arm-none-eabi/lib/thumb/v7-m/libm.a(lib_a-k_rem_pio2.o)
 .ARM.attributes
                0x00000000000003aa       0x2d /usr/lib/gcc/arm-none-eabi/6.3.1/../../../arm-none-eabi/lib/thumb/v7-m/libm.a(lib_a-k_sin.o)
 .ARM.attributes
                0x00000000000003d7       0x2d /usr/lib/gcc/arm-none-eabi/6.3.1/../../../arm-none-eabi/lib/thumb/v7-m/libm.a(lib_a-s_fabs.o)
 .ARM.attributes
                0x0000000000000404       0x2d /usr/lib/gcc/arm-none-eabi/6.3.1/../../../arm-none-eabi/lib/thumb/v7-m/libm.a(lib_a-s_floor.o)
 .ARM.attributes
                0x0000000000000431       0x2d /usr/lib/gcc/arm-none-eabi/6.3.1/../../../arm-none-eabi/lib/thumb/v7-m/libm.a(lib_a-s_lib_ver.o)
 .ARM.attributes
                0x000000000000045e       0x2d /usr/lib/gcc/arm-none-eabi/6.3.1/../../../arm-none-eabi/lib/thumb/v7-m/libm.a(lib_a-s_matherr.o)
 .ARM.attributes
                0x000000000000048b       0x2d /usr/lib/gcc/arm-none-eabi/6.3.1/../../../arm-none-eabi/lib/thumb/v7-m/libm.a(lib_a-s_scalbn.o)
 .ARM.attributes
                0x00000000000004b8       0x2d /usr/lib/gcc/arm-none-eabi/6.3.1/../../../arm-none-eabi/lib/thumb/v7-m/libm.a(lib_a-s_copysign.o)
 .ARM.attributes
                0x00000000000004e5       0x2d /usr/lib/gcc/arm-none-eabi/6.3.1/../../../arm-none-eabi/lib/thumb/v7-m/libc_nano.a(lib_a-calloc.o)
 .ARM.attributes
                0x0000000000000512       0x2d /usr/lib/gcc/arm-none-eabi/6.3.1/../../../arm-none-eabi/lib/thumb/v7-m/libc_nano.a(lib_a-errno.o)
 .ARM.attributes
                0x000000000000053f       0x2d /usr/lib/gcc/arm-none-eabi/6.3.1/../../../arm-none-eabi/lib/thumb/v7-m/libc_nano.a(lib_a-impure.o)
 .ARM.attributes
                0x000000000000056c       0x2d /usr/lib/gcc/arm-none-eabi/6.3.1/../../../arm-none-eabi/lib/thumb/v7-m/libc_nano.a(lib_a-init.o)
 .ARM.attributes
                0x0000000000000599       0x2d /usr/lib/gcc/arm-none-eabi/6.3.1/../../../arm-none-eabi/lib/thumb/v7-m/libc_nano.a(lib_a-memset.o)
 .ARM.attributes
                0x00000000000005c6       0x2d /usr/lib/gcc/arm-none-eabi/6.3.1/../../../arm-none-eabi/lib/thumb/v7-m/libc_nano.a(lib_a-nano-callocr.o)
 .ARM.attributes
                0x00000000000005f3       0x2d /usr/lib/gcc/arm-none-eabi/6.3.1/../../../arm-none-eabi/lib/thumb/v7-m/libc_nano.a(lib_a-nano-mallocr.o)
 .ARM.attributes
                0x0000000000000620       0x2d /usr/lib/gcc/arm-none-eabi/6.3.1/../../../arm-none-eabi/lib/thumb/v7-m/libc_nano.a(lib_a-rand.o)
 .ARM.attributes
                0x000000000000064d       0x2d /usr/lib/gcc/arm-none-eabi/6.3.1/../../../arm-none-eabi/lib/thumb/v7-m/libc_nano.a(lib_a-sbrkr.o)
 .ARM.attributes
                0x000000000000067a       0x2d /usr/lib/gcc/arm-none-eabi/6.3.1/../../../arm-none-eabi/lib/thumb/v7-m/libc_nano.a(lib_a-malloc.o)
 .ARM.attributes
                0x00000000000006a7       0x2d /usr/lib/gcc/arm-none-eabi/6.3.1/../../../arm-none-eabi/lib/thumb/v7-m/libc_nano.a(lib_a-nano-freer.o)
 .ARM.attributes
                0x00000000000006d4       0x2d /usr/lib/gcc/arm-none-eabi/6.3.1/../../../arm-none-eabi/lib/thumb/v7-m/libc_nano.a(lib_a-reent.o)
 .ARM.attributes
                0x0000000000000701       0x2d /usr/lib/gcc/arm-none-eabi/6.3.1/../../../arm-none-eabi/lib/thumb/v7-m/libnosys.a(sbrk.o)
 .ARM.attributes
                0x000000000000072e       0x1d /usr/lib/gcc/arm-none-eabi/6.3.1/thumb/v7-m/libgcc.a(_arm_addsubdf3.o)
 .ARM.attributes
                0x000000000000074b       0x1d /usr/lib/gcc/arm-none-eabi/6.3.1/thumb/v7-m/libgcc.a(_arm_muldivdf3.o)
 .ARM.attributes
                0x0000000000000768       0x1d /usr/lib/gcc/arm-none-eabi/6.3.1/thumb/v7-m/libgcc.a(_arm_cmpdf2.o)
 .ARM.attributes
                0x0000000000000785       0x1d /usr/lib/gcc/arm-none-eabi/6.3.1/thumb/v7-m/libgcc.a(_arm_unorddf2.o)
 .ARM.attributes
                0x00000000000007a2       0x1d /usr/lib/gcc/arm-none-eabi/6.3.1/thumb/v7-m/libgcc.a(_arm_fixdfsi.o)
 .ARM.attributes
                0x00000000000007bf       0x1d /usr/lib/gcc/arm-none-eabi/6.3.1/thumb/v7-m/libgcc.a(_arm_fixunsdfsi.o)
 .ARM.attributes
                0x00000000000007dc       0x1d /usr/lib/gcc/arm-none-eabi/6.3.1/thumb/v7-m/libgcc.a(_arm_truncdfsf2.o)
 .ARM.attributes
                0x00000000000007f9       0x1d /usr/lib/gcc/arm-none-eabi/6.3.1/thumb/v7-m/libgcc.a(_arm_addsubsf3.o)
 .ARM.attributes
                0x0000000000000816       0x1d /usr/lib/gcc/arm-none-eabi/6.3.1/thumb/v7-m/libgcc.a(_arm_muldivsf3.o)
 .ARM.attributes
                0x0000000000000833       0x1d /usr/lib/gcc/arm-none-eabi/6.3.1/thumb/v7-m/libgcc.a(_arm_cmpsf2.o)
 .ARM.attributes
                0x0000000000000850       0x1d /usr/lib/gcc/arm-none-eabi/6.3.1/thumb/v7-m/libgcc.a(_arm_fixsfsi.o)
 .ARM.attributes
                0x000000000000086d       0x2d /usr/lib/gcc/arm-none-eabi/6.3.1/thumb/v7-m/crtend.o
 .ARM.attributes
                0x000000000000089a       0x1d /usr/lib/gcc/arm-none-eabi/6.3.1/thumb/v7-m/crtn.o
OUTPUT(build/debug_STM32F1/debug.elf elf32-littlearm)

.comment        0x0000000000000000       0x31
 .comment       0x0000000000000000       0x31 /usr/lib/gcc/arm-none-eabi/6.3.1/thumb/v7-m/crtbegin.o
                                         0x32 (size before relaxing)
 .comment       0x0000000000000031       0x32 build/debug_STM32F1/source/main.o
 .comment       0x0000000000000031       0x32 build/debug_STM32F1/source/sin_lut.o
 .comment       0x0000000000000031       0x32 build/debug_STM32F1/libraries/PolynomialApproximations_Ganssle/sincos.o
 .comment       0x0000000000000031       0x32 build/debug_STM32F1/hardware/source/STM32F1/source/STM32F1.o
 .comment       0x0000000000000031       0x32 build/debug_STM32F1/hardware/source/STM32F1/source/stm32f1xx_hal_msp.o
 .comment       0x0000000000000031       0x32 build/debug_STM32F1/hardware/source/STM32F1/source/stm32f1xx_it.o
 .comment       0x0000000000000031       0x32 build/debug_STM32F1/hardware/source/STM32F1/source/system_stm32f1xx.o
 .comment       0x0000000000000031       0x32 build/debug_STM32F1/libraries/STM32CubeF1/STM32F1xx_HAL_Driver/Src/stm32f1xx_hal.o
 .comment       0x0000000000000031       0x32 build/debug_STM32F1/libraries/STM32CubeF1/STM32F1xx_HAL_Driver/Src/stm32f1xx_hal_rcc.o
 .comment       0x0000000000000031       0x32 build/debug_STM32F1/libraries/STM32CubeF1/STM32F1xx_HAL_Driver/Src/stm32f1xx_hal_gpio.o
 .comment       0x0000000000000031       0x32 build/debug_STM32F1/libraries/STM32CubeF1/STM32F1xx_HAL_Driver/Src/stm32f1xx_hal_cortex.o
 .comment       0x0000000000000031       0x32 /usr/lib/gcc/arm-none-eabi/6.3.1/../../../arm-none-eabi/lib/thumb/v7-m/libm.a(lib_a-s_sin.o)
 .comment       0x0000000000000031       0x32 /usr/lib/gcc/arm-none-eabi/6.3.1/../../../arm-none-eabi/lib/thumb/v7-m/libm.a(lib_a-w_fmod.o)
 .comment       0x0000000000000031       0x32 /usr/lib/gcc/arm-none-eabi/6.3.1/../../../arm-none-eabi/lib/thumb/v7-m/libm.a(lib_a-e_fmod.o)
 .comment       0x0000000000000031       0x32 /usr/lib/gcc/arm-none-eabi/6.3.1/../../../arm-none-eabi/lib/thumb/v7-m/libm.a(lib_a-e_rem_pio2.o)
 .comment       0x0000000000000031       0x32 /usr/lib/gcc/arm-none-eabi/6.3.1/../../../arm-none-eabi/lib/thumb/v7-m/libm.a(lib_a-k_cos.o)
 .comment       0x0000000000000031       0x32 /usr/lib/gcc/arm-none-eabi/6.3.1/../../../arm-none-eabi/lib/thumb/v7-m/libm.a(lib_a-k_rem_pio2.o)
 .comment       0x0000000000000031       0x32 /usr/lib/gcc/arm-none-eabi/6.3.1/../../../arm-none-eabi/lib/thumb/v7-m/libm.a(lib_a-k_sin.o)
 .comment       0x0000000000000031       0x32 /usr/lib/gcc/arm-none-eabi/6.3.1/../../../arm-none-eabi/lib/thumb/v7-m/libm.a(lib_a-s_fabs.o)
 .comment       0x0000000000000031       0x32 /usr/lib/gcc/arm-none-eabi/6.3.1/../../../arm-none-eabi/lib/thumb/v7-m/libm.a(lib_a-s_floor.o)
 .comment       0x0000000000000031       0x32 /usr/lib/gcc/arm-none-eabi/6.3.1/../../../arm-none-eabi/lib/thumb/v7-m/libm.a(lib_a-s_lib_ver.o)
 .comment       0x0000000000000031       0x32 /usr/lib/gcc/arm-none-eabi/6.3.1/../../../arm-none-eabi/lib/thumb/v7-m/libm.a(lib_a-s_matherr.o)
 .comment       0x0000000000000031       0x32 /usr/lib/gcc/arm-none-eabi/6.3.1/../../../arm-none-eabi/lib/thumb/v7-m/libm.a(lib_a-s_scalbn.o)
 .comment       0x0000000000000031       0x32 /usr/lib/gcc/arm-none-eabi/6.3.1/../../../arm-none-eabi/lib/thumb/v7-m/libm.a(lib_a-s_copysign.o)
 .comment       0x0000000000000031       0x32 /usr/lib/gcc/arm-none-eabi/6.3.1/../../../arm-none-eabi/lib/thumb/v7-m/libc_nano.a(lib_a-calloc.o)
 .comment       0x0000000000000031       0x32 /usr/lib/gcc/arm-none-eabi/6.3.1/../../../arm-none-eabi/lib/thumb/v7-m/libc_nano.a(lib_a-errno.o)
 .comment       0x0000000000000031       0x32 /usr/lib/gcc/arm-none-eabi/6.3.1/../../../arm-none-eabi/lib/thumb/v7-m/libc_nano.a(lib_a-impure.o)
 .comment       0x0000000000000031       0x32 /usr/lib/gcc/arm-none-eabi/6.3.1/../../../arm-none-eabi/lib/thumb/v7-m/libc_nano.a(lib_a-init.o)
 .comment       0x0000000000000031       0x32 /usr/lib/gcc/arm-none-eabi/6.3.1/../../../arm-none-eabi/lib/thumb/v7-m/libc_nano.a(lib_a-memset.o)
 .comment       0x0000000000000031       0x32 /usr/lib/gcc/arm-none-eabi/6.3.1/../../../arm-none-eabi/lib/thumb/v7-m/libc_nano.a(lib_a-nano-callocr.o)
 .comment       0x0000000000000031       0x32 /usr/lib/gcc/arm-none-eabi/6.3.1/../../../arm-none-eabi/lib/thumb/v7-m/libc_nano.a(lib_a-nano-mallocr.o)
 .comment       0x0000000000000031       0x32 /usr/lib/gcc/arm-none-eabi/6.3.1/../../../arm-none-eabi/lib/thumb/v7-m/libc_nano.a(lib_a-rand.o)
 .comment       0x0000000000000031       0x32 /usr/lib/gcc/arm-none-eabi/6.3.1/../../../arm-none-eabi/lib/thumb/v7-m/libc_nano.a(lib_a-sbrkr.o)
 .comment       0x0000000000000031       0x32 /usr/lib/gcc/arm-none-eabi/6.3.1/../../../arm-none-eabi/lib/thumb/v7-m/libc_nano.a(lib_a-malloc.o)
 .comment       0x0000000000000031       0x32 /usr/lib/gcc/arm-none-eabi/6.3.1/../../../arm-none-eabi/lib/thumb/v7-m/libc_nano.a(lib_a-nano-freer.o)
 .comment       0x0000000000000031       0x32 /usr/lib/gcc/arm-none-eabi/6.3.1/../../../arm-none-eabi/lib/thumb/v7-m/libc_nano.a(lib_a-reent.o)
 .comment       0x0000000000000031       0x32 /usr/lib/gcc/arm-none-eabi/6.3.1/../../../arm-none-eabi/lib/thumb/v7-m/libnosys.a(sbrk.o)
 .comment       0x0000000000000031       0x32 /usr/lib/gcc/arm-none-eabi/6.3.1/thumb/v7-m/crtend.o

.debug_info     0x0000000000000000    0x16d68
 .debug_info    0x0000000000000000      0xf3a build/debug_STM32F1/source/main.o
 .debug_info    0x0000000000000f3a     0x102f build/debug_STM32F1/source/sin_lut.o
 .debug_info    0x0000000000001f69     0x145b build/debug_STM32F1/libraries/PolynomialApproximations_Ganssle/sincos.o
 .debug_info    0x00000000000033c4     0x1297 build/debug_STM32F1/hardware/source/STM32F1/source/STM32F1.o
 .debug_info    0x000000000000465b      0x2d0 build/debug_STM32F1/hardware/source/STM32F1/source/stm32f1xx_hal_msp.o
 .debug_info    0x000000000000492b      0x21a build/debug_STM32F1/hardware/source/STM32F1/source/stm32f1xx_it.o
 .debug_info    0x0000000000004b45      0x43b build/debug_STM32F1/hardware/source/STM32F1/source/system_stm32f1xx.o
 .debug_info    0x0000000000004f80      0x7ad build/debug_STM32F1/libraries/STM32CubeF1/STM32F1xx_HAL_Driver/Src/stm32f1xx_hal.o
 .debug_info    0x000000000000572d      0x9e7 build/debug_STM32F1/libraries/STM32CubeF1/STM32F1xx_HAL_Driver/Src/stm32f1xx_hal_rcc.o
 .debug_info    0x0000000000006114      0x694 build/debug_STM32F1/libraries/STM32CubeF1/STM32F1xx_HAL_Driver/Src/stm32f1xx_hal_gpio.o
 .debug_info    0x00000000000067a8      0xcaf build/debug_STM32F1/libraries/STM32CubeF1/STM32F1xx_HAL_Driver/Src/stm32f1xx_hal_cortex.o
 .debug_info    0x0000000000007457       0xb1 build/debug_STM32F1/hardware/source/STM32F1/source/startup_stm32f103xb.o
 .debug_info    0x0000000000007508      0xa35 /usr/lib/gcc/arm-none-eabi/6.3.1/../../../arm-none-eabi/lib/thumb/v7-m/libm.a(lib_a-s_sin.o)
 .debug_info    0x0000000000007f3d      0xa13 /usr/lib/gcc/arm-none-eabi/6.3.1/../../../arm-none-eabi/lib/thumb/v7-m/libm.a(lib_a-w_fmod.o)
 .debug_info    0x0000000000008950      0xa8d /usr/lib/gcc/arm-none-eabi/6.3.1/../../../arm-none-eabi/lib/thumb/v7-m/libm.a(lib_a-e_fmod.o)
 .debug_info    0x00000000000093dd      0xc2d /usr/lib/gcc/arm-none-eabi/6.3.1/../../../arm-none-eabi/lib/thumb/v7-m/libm.a(lib_a-e_rem_pio2.o)
 .debug_info    0x000000000000a00a      0xa68 /usr/lib/gcc/arm-none-eabi/6.3.1/../../../arm-none-eabi/lib/thumb/v7-m/libm.a(lib_a-k_cos.o)
 .debug_info    0x000000000000aa72      0xb95 /usr/lib/gcc/arm-none-eabi/6.3.1/../../../arm-none-eabi/lib/thumb/v7-m/libm.a(lib_a-k_rem_pio2.o)
 .debug_info    0x000000000000b607      0xa3d /usr/lib/gcc/arm-none-eabi/6.3.1/../../../arm-none-eabi/lib/thumb/v7-m/libm.a(lib_a-k_sin.o)
 .debug_info    0x000000000000c044      0x986 /usr/lib/gcc/arm-none-eabi/6.3.1/../../../arm-none-eabi/lib/thumb/v7-m/libm.a(lib_a-s_fabs.o)
 .debug_info    0x000000000000c9ca      0x9e0 /usr/lib/gcc/arm-none-eabi/6.3.1/../../../arm-none-eabi/lib/thumb/v7-m/libm.a(lib_a-s_floor.o)
 .debug_info    0x000000000000d3aa      0x8cf /usr/lib/gcc/arm-none-eabi/6.3.1/../../../arm-none-eabi/lib/thumb/v7-m/libm.a(lib_a-s_lib_ver.o)
 .debug_info    0x000000000000dc79      0x95e /usr/lib/gcc/arm-none-eabi/6.3.1/../../../arm-none-eabi/lib/thumb/v7-m/libm.a(lib_a-s_matherr.o)
 .debug_info    0x000000000000e5d7      0xa99 /usr/lib/gcc/arm-none-eabi/6.3.1/../../../arm-none-eabi/lib/thumb/v7-m/libm.a(lib_a-s_scalbn.o)
 .debug_info    0x000000000000f070      0x9ae /usr/lib/gcc/arm-none-eabi/6.3.1/../../../arm-none-eabi/lib/thumb/v7-m/libm.a(lib_a-s_copysign.o)
 .debug_info    0x000000000000fa1e      0x8f1 /usr/lib/gcc/arm-none-eabi/6.3.1/../../../arm-none-eabi/lib/thumb/v7-m/libc_nano.a(lib_a-calloc.o)
 .debug_info    0x000000000001030f      0x8c7 /usr/lib/gcc/arm-none-eabi/6.3.1/../../../arm-none-eabi/lib/thumb/v7-m/libc_nano.a(lib_a-errno.o)
 .debug_info    0x0000000000010bd6      0x8a0 /usr/lib/gcc/arm-none-eabi/6.3.1/../../../arm-none-eabi/lib/thumb/v7-m/libc_nano.a(lib_a-impure.o)
 .debug_info    0x0000000000011476      0x110 /usr/lib/gcc/arm-none-eabi/6.3.1/../../../arm-none-eabi/lib/thumb/v7-m/libc_nano.a(lib_a-init.o)
 .debug_info    0x0000000000011586      0x916 /usr/lib/gcc/arm-none-eabi/6.3.1/../../../arm-none-eabi/lib/thumb/v7-m/libc_nano.a(lib_a-memset.o)
 .debug_info    0x0000000000011e9c      0xa49 /usr/lib/gcc/arm-none-eabi/6.3.1/../../../arm-none-eabi/lib/thumb/v7-m/libc_nano.a(lib_a-nano-callocr.o)
 .debug_info    0x00000000000128e5      0xb1f /usr/lib/gcc/arm-none-eabi/6.3.1/../../../arm-none-eabi/lib/thumb/v7-m/libc_nano.a(lib_a-nano-mallocr.o)
 .debug_info    0x0000000000013404      0x96a /usr/lib/gcc/arm-none-eabi/6.3.1/../../../arm-none-eabi/lib/thumb/v7-m/libc_nano.a(lib_a-rand.o)
 .debug_info    0x0000000000013d6e      0x955 /usr/lib/gcc/arm-none-eabi/6.3.1/../../../arm-none-eabi/lib/thumb/v7-m/libc_nano.a(lib_a-sbrkr.o)
 .debug_info    0x00000000000146c3      0x91d /usr/lib/gcc/arm-none-eabi/6.3.1/../../../arm-none-eabi/lib/thumb/v7-m/libc_nano.a(lib_a-malloc.o)
 .debug_info    0x0000000000014fe0      0xa51 /usr/lib/gcc/arm-none-eabi/6.3.1/../../../arm-none-eabi/lib/thumb/v7-m/libc_nano.a(lib_a-nano-freer.o)
 .debug_info    0x0000000000015a31      0xa67 /usr/lib/gcc/arm-none-eabi/6.3.1/../../../arm-none-eabi/lib/thumb/v7-m/libc_nano.a(lib_a-reent.o)
 .debug_info    0x0000000000016498       0x90 /usr/lib/gcc/arm-none-eabi/6.3.1/../../../arm-none-eabi/lib/thumb/v7-m/libnosys.a(sbrk.o)
 .debug_info    0x0000000000016528       0xc0 /usr/lib/gcc/arm-none-eabi/6.3.1/thumb/v7-m/libgcc.a(_arm_addsubdf3.o)
 .debug_info    0x00000000000165e8       0xc0 /usr/lib/gcc/arm-none-eabi/6.3.1/thumb/v7-m/libgcc.a(_arm_muldivdf3.o)
 .debug_info    0x00000000000166a8       0xc0 /usr/lib/gcc/arm-none-eabi/6.3.1/thumb/v7-m/libgcc.a(_arm_cmpdf2.o)
 .debug_info    0x0000000000016768       0xc0 /usr/lib/gcc/arm-none-eabi/6.3.1/thumb/v7-m/libgcc.a(_arm_unorddf2.o)
 .debug_info    0x0000000000016828       0xc0 /usr/lib/gcc/arm-none-eabi/6.3.1/thumb/v7-m/libgcc.a(_arm_fixdfsi.o)
 .debug_info    0x00000000000168e8       0xc0 /usr/lib/gcc/arm-none-eabi/6.3.1/thumb/v7-m/libgcc.a(_arm_fixunsdfsi.o)
 .debug_info    0x00000000000169a8       0xc0 /usr/lib/gcc/arm-none-eabi/6.3.1/thumb/v7-m/libgcc.a(_arm_truncdfsf2.o)
 .debug_info    0x0000000000016a68       0xc0 /usr/lib/gcc/arm-none-eabi/6.3.1/thumb/v7-m/libgcc.a(_arm_addsubsf3.o)
 .debug_info    0x0000000000016b28       0xc0 /usr/lib/gcc/arm-none-eabi/6.3.1/thumb/v7-m/libgcc.a(_arm_muldivsf3.o)
 .debug_info    0x0000000000016be8       0xc0 /usr/lib/gcc/arm-none-eabi/6.3.1/thumb/v7-m/libgcc.a(_arm_cmpsf2.o)
 .debug_info    0x0000000000016ca8       0xc0 /usr/lib/gcc/arm-none-eabi/6.3.1/thumb/v7-m/libgcc.a(_arm_fixsfsi.o)

.debug_abbrev   0x0000000000000000     0x49eb
 .debug_abbrev  0x0000000000000000      0x291 build/debug_STM32F1/source/main.o
 .debug_abbrev  0x0000000000000291      0x30c build/debug_STM32F1/source/sin_lut.o
 .debug_abbrev  0x000000000000059d      0x25d build/debug_STM32F1/libraries/PolynomialApproximations_Ganssle/sincos.o
 .debug_abbrev  0x00000000000007fa      0x36a build/debug_STM32F1/hardware/source/STM32F1/source/STM32F1.o
 .debug_abbrev  0x0000000000000b64      0x107 build/debug_STM32F1/hardware/source/STM32F1/source/stm32f1xx_hal_msp.o
 .debug_abbrev  0x0000000000000c6b       0xe2 build/debug_STM32F1/hardware/source/STM32F1/source/stm32f1xx_it.o
 .debug_abbrev  0x0000000000000d4d      0x132 build/debug_STM32F1/hardware/source/STM32F1/source/system_stm32f1xx.o
 .debug_abbrev  0x0000000000000e7f      0x1fc build/debug_STM32F1/libraries/STM32CubeF1/STM32F1xx_HAL_Driver/Src/stm32f1xx_hal.o
 .debug_abbrev  0x000000000000107b      0x255 build/debug_STM32F1/libraries/STM32CubeF1/STM32F1xx_HAL_Driver/Src/stm32f1xx_hal_rcc.o
 .debug_abbrev  0x00000000000012d0      0x1dc build/debug_STM32F1/libraries/STM32CubeF1/STM32F1xx_HAL_Driver/Src/stm32f1xx_hal_gpio.o
 .debug_abbrev  0x00000000000014ac      0x301 build/debug_STM32F1/libraries/STM32CubeF1/STM32F1xx_HAL_Driver/Src/stm32f1xx_hal_cortex.o
 .debug_abbrev  0x00000000000017ad       0x12 build/debug_STM32F1/hardware/source/STM32F1/source/startup_stm32f103xb.o
 .debug_abbrev  0x00000000000017bf      0x253 /usr/lib/gcc/arm-none-eabi/6.3.1/../../../arm-none-eabi/lib/thumb/v7-m/libm.a(lib_a-s_sin.o)
 .debug_abbrev  0x0000000000001a12      0x24c /usr/lib/gcc/arm-none-eabi/6.3.1/../../../arm-none-eabi/lib/thumb/v7-m/libm.a(lib_a-w_fmod.o)
 .debug_abbrev  0x0000000000001c5e      0x232 /usr/lib/gcc/arm-none-eabi/6.3.1/../../../arm-none-eabi/lib/thumb/v7-m/libm.a(lib_a-e_fmod.o)
 .debug_abbrev  0x0000000000001e90      0x27f /usr/lib/gcc/arm-none-eabi/6.3.1/../../../arm-none-eabi/lib/thumb/v7-m/libm.a(lib_a-e_rem_pio2.o)
 .debug_abbrev  0x000000000000210f      0x21a /usr/lib/gcc/arm-none-eabi/6.3.1/../../../arm-none-eabi/lib/thumb/v7-m/libm.a(lib_a-k_cos.o)
 .debug_abbrev  0x0000000000002329      0x288 /usr/lib/gcc/arm-none-eabi/6.3.1/../../../arm-none-eabi/lib/thumb/v7-m/libm.a(lib_a-k_rem_pio2.o)
 .debug_abbrev  0x00000000000025b1      0x20f /usr/lib/gcc/arm-none-eabi/6.3.1/../../../arm-none-eabi/lib/thumb/v7-m/libm.a(lib_a-k_sin.o)
 .debug_abbrev  0x00000000000027c0      0x1fc /usr/lib/gcc/arm-none-eabi/6.3.1/../../../arm-none-eabi/lib/thumb/v7-m/libm.a(lib_a-s_fabs.o)
 .debug_abbrev  0x00000000000029bc      0x21c /usr/lib/gcc/arm-none-eabi/6.3.1/../../../arm-none-eabi/lib/thumb/v7-m/libm.a(lib_a-s_floor.o)
 .debug_abbrev  0x0000000000002bd8      0x1a1 /usr/lib/gcc/arm-none-eabi/6.3.1/../../../arm-none-eabi/lib/thumb/v7-m/libm.a(lib_a-s_lib_ver.o)
 .debug_abbrev  0x0000000000002d79      0x1e1 /usr/lib/gcc/arm-none-eabi/6.3.1/../../../arm-none-eabi/lib/thumb/v7-m/libm.a(lib_a-s_matherr.o)
 .debug_abbrev  0x0000000000002f5a      0x255 /usr/lib/gcc/arm-none-eabi/6.3.1/../../../arm-none-eabi/lib/thumb/v7-m/libm.a(lib_a-s_scalbn.o)
 .debug_abbrev  0x00000000000031af      0x227 /usr/lib/gcc/arm-none-eabi/6.3.1/../../../arm-none-eabi/lib/thumb/v7-m/libm.a(lib_a-s_copysign.o)
 .debug_abbrev  0x00000000000033d6      0x1b5 /usr/lib/gcc/arm-none-eabi/6.3.1/../../../arm-none-eabi/lib/thumb/v7-m/libc_nano.a(lib_a-calloc.o)
 .debug_abbrev  0x000000000000358b      0x16f /usr/lib/gcc/arm-none-eabi/6.3.1/../../../arm-none-eabi/lib/thumb/v7-m/libc_nano.a(lib_a-errno.o)
 .debug_abbrev  0x00000000000036fa      0x153 /usr/lib/gcc/arm-none-eabi/6.3.1/../../../arm-none-eabi/lib/thumb/v7-m/libc_nano.a(lib_a-impure.o)
 .debug_abbrev  0x000000000000384d       0xba /usr/lib/gcc/arm-none-eabi/6.3.1/../../../arm-none-eabi/lib/thumb/v7-m/libc_nano.a(lib_a-init.o)
 .debug_abbrev  0x0000000000003907      0x197 /usr/lib/gcc/arm-none-eabi/6.3.1/../../../arm-none-eabi/lib/thumb/v7-m/libc_nano.a(lib_a-memset.o)
 .debug_abbrev  0x0000000000003a9e      0x1d3 /usr/lib/gcc/arm-none-eabi/6.3.1/../../../arm-none-eabi/lib/thumb/v7-m/libc_nano.a(lib_a-nano-callocr.o)
 .debug_abbrev  0x0000000000003c71      0x274 /usr/lib/gcc/arm-none-eabi/6.3.1/../../../arm-none-eabi/lib/thumb/v7-m/libc_nano.a(lib_a-nano-mallocr.o)
 .debug_abbrev  0x0000000000003ee5      0x1eb /usr/lib/gcc/arm-none-eabi/6.3.1/../../../arm-none-eabi/lib/thumb/v7-m/libc_nano.a(lib_a-rand.o)
 .debug_abbrev  0x00000000000040d0      0x1d6 /usr/lib/gcc/arm-none-eabi/6.3.1/../../../arm-none-eabi/lib/thumb/v7-m/libc_nano.a(lib_a-sbrkr.o)
 .debug_abbrev  0x00000000000042a6      0x1c0 /usr/lib/gcc/arm-none-eabi/6.3.1/../../../arm-none-eabi/lib/thumb/v7-m/libc_nano.a(lib_a-malloc.o)
 .debug_abbrev  0x0000000000004466      0x1ef /usr/lib/gcc/arm-none-eabi/6.3.1/../../../arm-none-eabi/lib/thumb/v7-m/libc_nano.a(lib_a-nano-freer.o)
 .debug_abbrev  0x0000000000004655      0x228 /usr/lib/gcc/arm-none-eabi/6.3.1/../../../arm-none-eabi/lib/thumb/v7-m/libc_nano.a(lib_a-reent.o)
 .debug_abbrev  0x000000000000487d       0x92 /usr/lib/gcc/arm-none-eabi/6.3.1/../../../arm-none-eabi/lib/thumb/v7-m/libnosys.a(sbrk.o)
 .debug_abbrev  0x000000000000490f       0x14 /usr/lib/gcc/arm-none-eabi/6.3.1/thumb/v7-m/libgcc.a(_arm_addsubdf3.o)
 .debug_abbrev  0x0000000000004923       0x14 /usr/lib/gcc/arm-none-eabi/6.3.1/thumb/v7-m/libgcc.a(_arm_muldivdf3.o)
 .debug_abbrev  0x0000000000004937       0x14 /usr/lib/gcc/arm-none-eabi/6.3.1/thumb/v7-m/libgcc.a(_arm_cmpdf2.o)
 .debug_abbrev  0x000000000000494b       0x14 /usr/lib/gcc/arm-none-eabi/6.3.1/thumb/v7-m/libgcc.a(_arm_unorddf2.o)
 .debug_abbrev  0x000000000000495f       0x14 /usr/lib/gcc/arm-none-eabi/6.3.1/thumb/v7-m/libgcc.a(_arm_fixdfsi.o)
 .debug_abbrev  0x0000000000004973       0x14 /usr/lib/gcc/arm-none-eabi/6.3.1/thumb/v7-m/libgcc.a(_arm_fixunsdfsi.o)
 .debug_abbrev  0x0000000000004987       0x14 /usr/lib/gcc/arm-none-eabi/6.3.1/thumb/v7-m/libgcc.a(_arm_truncdfsf2.o)
 .debug_abbrev  0x000000000000499b       0x14 /usr/lib/gcc/arm-none-eabi/6.3.1/thumb/v7-m/libgcc.a(_arm_addsubsf3.o)
 .debug_abbrev  0x00000000000049af       0x14 /usr/lib/gcc/arm-none-eabi/6.3.1/thumb/v7-m/libgcc.a(_arm_muldivsf3.o)
 .debug_abbrev  0x00000000000049c3       0x14 /usr/lib/gcc/arm-none-eabi/6.3.1/thumb/v7-m/libgcc.a(_arm_cmpsf2.o)
 .debug_abbrev  0x00000000000049d7       0x14 /usr/lib/gcc/arm-none-eabi/6.3.1/thumb/v7-m/libgcc.a(_arm_fixsfsi.o)

.debug_loc      0x0000000000000000     0x59d8
 .debug_loc     0x0000000000000000      0x5f8 build/debug_STM32F1/source/main.o
 .debug_loc     0x00000000000005f8      0x8e8 build/debug_STM32F1/source/sin_lut.o
 .debug_loc     0x0000000000000ee0      0xadc build/debug_STM32F1/libraries/PolynomialApproximations_Ganssle/sincos.o
 .debug_loc     0x00000000000019bc      0x1dd build/debug_STM32F1/hardware/source/STM32F1/source/STM32F1.o
 .debug_loc     0x0000000000001b99       0xdf build/debug_STM32F1/hardware/source/STM32F1/source/system_stm32f1xx.o
 .debug_loc     0x0000000000001c78      0x104 build/debug_STM32F1/libraries/STM32CubeF1/STM32F1xx_HAL_Driver/Src/stm32f1xx_hal.o
 .debug_loc     0x0000000000001d7c      0x47d build/debug_STM32F1/libraries/STM32CubeF1/STM32F1xx_HAL_Driver/Src/stm32f1xx_hal_rcc.o
 .debug_loc     0x00000000000021f9      0x37c build/debug_STM32F1/libraries/STM32CubeF1/STM32F1xx_HAL_Driver/Src/stm32f1xx_hal_gpio.o
 .debug_loc     0x0000000000002575      0x5f5 build/debug_STM32F1/libraries/STM32CubeF1/STM32F1xx_HAL_Driver/Src/stm32f1xx_hal_cortex.o
 .debug_loc     0x0000000000002b6a       0xd5 /usr/lib/gcc/arm-none-eabi/6.3.1/../../../arm-none-eabi/lib/thumb/v7-m/libm.a(lib_a-s_sin.o)
 .debug_loc     0x0000000000002c3f       0x78 /usr/lib/gcc/arm-none-eabi/6.3.1/../../../arm-none-eabi/lib/thumb/v7-m/libm.a(lib_a-w_fmod.o)
 .debug_loc     0x0000000000002cb7      0x741 /usr/lib/gcc/arm-none-eabi/6.3.1/../../../arm-none-eabi/lib/thumb/v7-m/libm.a(lib_a-e_fmod.o)
 .debug_loc     0x00000000000033f8      0x6d2 /usr/lib/gcc/arm-none-eabi/6.3.1/../../../arm-none-eabi/lib/thumb/v7-m/libm.a(lib_a-e_rem_pio2.o)
 .debug_loc     0x0000000000003aca      0x235 /usr/lib/gcc/arm-none-eabi/6.3.1/../../../arm-none-eabi/lib/thumb/v7-m/libm.a(lib_a-k_cos.o)
 .debug_loc     0x0000000000003cff      0xb51 /usr/lib/gcc/arm-none-eabi/6.3.1/../../../arm-none-eabi/lib/thumb/v7-m/libm.a(lib_a-k_rem_pio2.o)
 .debug_loc     0x0000000000004850      0x158 /usr/lib/gcc/arm-none-eabi/6.3.1/../../../arm-none-eabi/lib/thumb/v7-m/libm.a(lib_a-k_sin.o)
 .debug_loc     0x00000000000049a8       0x2b /usr/lib/gcc/arm-none-eabi/6.3.1/../../../arm-none-eabi/lib/thumb/v7-m/libm.a(lib_a-s_fabs.o)
 .debug_loc     0x00000000000049d3      0x355 /usr/lib/gcc/arm-none-eabi/6.3.1/../../../arm-none-eabi/lib/thumb/v7-m/libm.a(lib_a-s_floor.o)
 .debug_loc     0x0000000000004d28       0x21 /usr/lib/gcc/arm-none-eabi/6.3.1/../../../arm-none-eabi/lib/thumb/v7-m/libm.a(lib_a-s_matherr.o)
 .debug_loc     0x0000000000004d49      0x1f6 /usr/lib/gcc/arm-none-eabi/6.3.1/../../../arm-none-eabi/lib/thumb/v7-m/libm.a(lib_a-s_scalbn.o)
 .debug_loc     0x0000000000004f3f       0x53 /usr/lib/gcc/arm-none-eabi/6.3.1/../../../arm-none-eabi/lib/thumb/v7-m/libm.a(lib_a-s_copysign.o)
 .debug_loc     0x0000000000004f92       0x58 /usr/lib/gcc/arm-none-eabi/6.3.1/../../../arm-none-eabi/lib/thumb/v7-m/libc_nano.a(lib_a-calloc.o)
 .debug_loc     0x0000000000004fea       0xae /usr/lib/gcc/arm-none-eabi/6.3.1/../../../arm-none-eabi/lib/thumb/v7-m/libc_nano.a(lib_a-init.o)
 .debug_loc     0x0000000000005098      0x1bd /usr/lib/gcc/arm-none-eabi/6.3.1/../../../arm-none-eabi/lib/thumb/v7-m/libc_nano.a(lib_a-memset.o)
 .debug_loc     0x0000000000005255       0x81 /usr/lib/gcc/arm-none-eabi/6.3.1/../../../arm-none-eabi/lib/thumb/v7-m/libc_nano.a(lib_a-nano-callocr.o)
 .debug_loc     0x00000000000052d6      0x378 /usr/lib/gcc/arm-none-eabi/6.3.1/../../../arm-none-eabi/lib/thumb/v7-m/libc_nano.a(lib_a-nano-mallocr.o)
 .debug_loc     0x000000000000564e       0x81 /usr/lib/gcc/arm-none-eabi/6.3.1/../../../arm-none-eabi/lib/thumb/v7-m/libc_nano.a(lib_a-rand.o)
 .debug_loc     0x00000000000056cf       0x4d /usr/lib/gcc/arm-none-eabi/6.3.1/../../../arm-none-eabi/lib/thumb/v7-m/libc_nano.a(lib_a-sbrkr.o)
 .debug_loc     0x000000000000571c       0x58 /usr/lib/gcc/arm-none-eabi/6.3.1/../../../arm-none-eabi/lib/thumb/v7-m/libc_nano.a(lib_a-malloc.o)
 .debug_loc     0x0000000000005774      0x140 /usr/lib/gcc/arm-none-eabi/6.3.1/../../../arm-none-eabi/lib/thumb/v7-m/libc_nano.a(lib_a-nano-freer.o)
 .debug_loc     0x00000000000058b4       0xec /usr/lib/gcc/arm-none-eabi/6.3.1/../../../arm-none-eabi/lib/thumb/v7-m/libc_nano.a(lib_a-reent.o)
 .debug_loc     0x00000000000059a0       0x38 /usr/lib/gcc/arm-none-eabi/6.3.1/../../../arm-none-eabi/lib/thumb/v7-m/libnosys.a(sbrk.o)

.debug_aranges  0x0000000000000000      0x980
 .debug_aranges
                0x0000000000000000       0x20 build/debug_STM32F1/source/main.o
 .debug_aranges
                0x0000000000000020       0x68 build/debug_STM32F1/source/sin_lut.o
 .debug_aranges
                0x0000000000000088       0xd8 build/debug_STM32F1/libraries/PolynomialApproximations_Ganssle/sincos.o
 .debug_aranges
                0x0000000000000160       0x68 build/debug_STM32F1/hardware/source/STM32F1/source/STM32F1.o
 .debug_aranges
                0x00000000000001c8       0x20 build/debug_STM32F1/hardware/source/STM32F1/source/stm32f1xx_hal_msp.o
 .debug_aranges
                0x00000000000001e8       0x60 build/debug_STM32F1/hardware/source/STM32F1/source/stm32f1xx_it.o
 .debug_aranges
                0x0000000000000248       0x28 build/debug_STM32F1/hardware/source/STM32F1/source/system_stm32f1xx.o
 .debug_aranges
                0x0000000000000270       0xe0 build/debug_STM32F1/libraries/STM32CubeF1/STM32F1xx_HAL_Driver/Src/stm32f1xx_hal.o
 .debug_aranges
                0x0000000000000350       0x90 build/debug_STM32F1/libraries/STM32CubeF1/STM32F1xx_HAL_Driver/Src/stm32f1xx_hal_rcc.o
 .debug_aranges
                0x00000000000003e0       0x58 build/debug_STM32F1/libraries/STM32CubeF1/STM32F1xx_HAL_Driver/Src/stm32f1xx_hal_gpio.o
 .debug_aranges
                0x0000000000000438       0x90 build/debug_STM32F1/libraries/STM32CubeF1/STM32F1xx_HAL_Driver/Src/stm32f1xx_hal_cortex.o
 .debug_aranges
                0x00000000000004c8       0x28 build/debug_STM32F1/hardware/source/STM32F1/source/startup_stm32f103xb.o
 .debug_aranges
                0x00000000000004f0       0x20 /usr/lib/gcc/arm-none-eabi/6.3.1/../../../arm-none-eabi/lib/thumb/v7-m/libm.a(lib_a-s_sin.o)
 .debug_aranges
                0x0000000000000510       0x20 /usr/lib/gcc/arm-none-eabi/6.3.1/../../../arm-none-eabi/lib/thumb/v7-m/libm.a(lib_a-w_fmod.o)
 .debug_aranges
                0x0000000000000530       0x20 /usr/lib/gcc/arm-none-eabi/6.3.1/../../../arm-none-eabi/lib/thumb/v7-m/libm.a(lib_a-e_fmod.o)
 .debug_aranges
                0x0000000000000550       0x20 /usr/lib/gcc/arm-none-eabi/6.3.1/../../../arm-none-eabi/lib/thumb/v7-m/libm.a(lib_a-e_rem_pio2.o)
 .debug_aranges
                0x0000000000000570       0x20 /usr/lib/gcc/arm-none-eabi/6.3.1/../../../arm-none-eabi/lib/thumb/v7-m/libm.a(lib_a-k_cos.o)
 .debug_aranges
                0x0000000000000590       0x20 /usr/lib/gcc/arm-none-eabi/6.3.1/../../../arm-none-eabi/lib/thumb/v7-m/libm.a(lib_a-k_rem_pio2.o)
 .debug_aranges
                0x00000000000005b0       0x20 /usr/lib/gcc/arm-none-eabi/6.3.1/../../../arm-none-eabi/lib/thumb/v7-m/libm.a(lib_a-k_sin.o)
 .debug_aranges
                0x00000000000005d0       0x20 /usr/lib/gcc/arm-none-eabi/6.3.1/../../../arm-none-eabi/lib/thumb/v7-m/libm.a(lib_a-s_fabs.o)
 .debug_aranges
                0x00000000000005f0       0x20 /usr/lib/gcc/arm-none-eabi/6.3.1/../../../arm-none-eabi/lib/thumb/v7-m/libm.a(lib_a-s_floor.o)
 .debug_aranges
                0x0000000000000610       0x18 /usr/lib/gcc/arm-none-eabi/6.3.1/../../../arm-none-eabi/lib/thumb/v7-m/libm.a(lib_a-s_lib_ver.o)
 .debug_aranges
                0x0000000000000628       0x20 /usr/lib/gcc/arm-none-eabi/6.3.1/../../../arm-none-eabi/lib/thumb/v7-m/libm.a(lib_a-s_matherr.o)
 .debug_aranges
                0x0000000000000648       0x20 /usr/lib/gcc/arm-none-eabi/6.3.1/../../../arm-none-eabi/lib/thumb/v7-m/libm.a(lib_a-s_scalbn.o)
 .debug_aranges
                0x0000000000000668       0x20 /usr/lib/gcc/arm-none-eabi/6.3.1/../../../arm-none-eabi/lib/thumb/v7-m/libm.a(lib_a-s_copysign.o)
 .debug_aranges
                0x0000000000000688       0x20 /usr/lib/gcc/arm-none-eabi/6.3.1/../../../arm-none-eabi/lib/thumb/v7-m/libc_nano.a(lib_a-calloc.o)
 .debug_aranges
                0x00000000000006a8       0x20 /usr/lib/gcc/arm-none-eabi/6.3.1/../../../arm-none-eabi/lib/thumb/v7-m/libc_nano.a(lib_a-errno.o)
 .debug_aranges
                0x00000000000006c8       0x18 /usr/lib/gcc/arm-none-eabi/6.3.1/../../../arm-none-eabi/lib/thumb/v7-m/libc_nano.a(lib_a-impure.o)
 .debug_aranges
                0x00000000000006e0       0x20 /usr/lib/gcc/arm-none-eabi/6.3.1/../../../arm-none-eabi/lib/thumb/v7-m/libc_nano.a(lib_a-init.o)
 .debug_aranges
                0x0000000000000700       0x20 /usr/lib/gcc/arm-none-eabi/6.3.1/../../../arm-none-eabi/lib/thumb/v7-m/libc_nano.a(lib_a-memset.o)
 .debug_aranges
                0x0000000000000720       0x20 /usr/lib/gcc/arm-none-eabi/6.3.1/../../../arm-none-eabi/lib/thumb/v7-m/libc_nano.a(lib_a-nano-callocr.o)
 .debug_aranges
                0x0000000000000740       0x20 /usr/lib/gcc/arm-none-eabi/6.3.1/../../../arm-none-eabi/lib/thumb/v7-m/libc_nano.a(lib_a-nano-mallocr.o)
 .debug_aranges
                0x0000000000000760       0x20 /usr/lib/gcc/arm-none-eabi/6.3.1/../../../arm-none-eabi/lib/thumb/v7-m/libc_nano.a(lib_a-rand.o)
 .debug_aranges
                0x0000000000000780       0x20 /usr/lib/gcc/arm-none-eabi/6.3.1/../../../arm-none-eabi/lib/thumb/v7-m/libc_nano.a(lib_a-sbrkr.o)
 .debug_aranges
                0x00000000000007a0       0x20 /usr/lib/gcc/arm-none-eabi/6.3.1/../../../arm-none-eabi/lib/thumb/v7-m/libc_nano.a(lib_a-malloc.o)
 .debug_aranges
                0x00000000000007c0       0x20 /usr/lib/gcc/arm-none-eabi/6.3.1/../../../arm-none-eabi/lib/thumb/v7-m/libc_nano.a(lib_a-nano-freer.o)
 .debug_aranges
                0x00000000000007e0       0x20 /usr/lib/gcc/arm-none-eabi/6.3.1/../../../arm-none-eabi/lib/thumb/v7-m/libc_nano.a(lib_a-reent.o)
 .debug_aranges
                0x0000000000000800       0x20 /usr/lib/gcc/arm-none-eabi/6.3.1/../../../arm-none-eabi/lib/thumb/v7-m/libnosys.a(sbrk.o)
 .debug_aranges
                0x0000000000000820       0x20 /usr/lib/gcc/arm-none-eabi/6.3.1/thumb/v7-m/libgcc.a(_arm_addsubdf3.o)
 .debug_aranges
                0x0000000000000840       0x20 /usr/lib/gcc/arm-none-eabi/6.3.1/thumb/v7-m/libgcc.a(_arm_muldivdf3.o)
 .debug_aranges
                0x0000000000000860       0x20 /usr/lib/gcc/arm-none-eabi/6.3.1/thumb/v7-m/libgcc.a(_arm_cmpdf2.o)
 .debug_aranges
                0x0000000000000880       0x20 /usr/lib/gcc/arm-none-eabi/6.3.1/thumb/v7-m/libgcc.a(_arm_unorddf2.o)
 .debug_aranges
                0x00000000000008a0       0x20 /usr/lib/gcc/arm-none-eabi/6.3.1/thumb/v7-m/libgcc.a(_arm_fixdfsi.o)
 .debug_aranges
                0x00000000000008c0       0x20 /usr/lib/gcc/arm-none-eabi/6.3.1/thumb/v7-m/libgcc.a(_arm_fixunsdfsi.o)
 .debug_aranges
                0x00000000000008e0       0x20 /usr/lib/gcc/arm-none-eabi/6.3.1/thumb/v7-m/libgcc.a(_arm_truncdfsf2.o)
 .debug_aranges
                0x0000000000000900       0x20 /usr/lib/gcc/arm-none-eabi/6.3.1/thumb/v7-m/libgcc.a(_arm_addsubsf3.o)
 .debug_aranges
                0x0000000000000920       0x20 /usr/lib/gcc/arm-none-eabi/6.3.1/thumb/v7-m/libgcc.a(_arm_muldivsf3.o)
 .debug_aranges
                0x0000000000000940       0x20 /usr/lib/gcc/arm-none-eabi/6.3.1/thumb/v7-m/libgcc.a(_arm_cmpsf2.o)
 .debug_aranges
                0x0000000000000960       0x20 /usr/lib/gcc/arm-none-eabi/6.3.1/thumb/v7-m/libgcc.a(_arm_fixsfsi.o)

.debug_ranges   0x0000000000000000      0x5d8
 .debug_ranges  0x0000000000000000       0x10 build/debug_STM32F1/source/main.o
 .debug_ranges  0x0000000000000010       0x58 build/debug_STM32F1/source/sin_lut.o
 .debug_ranges  0x0000000000000068       0xc8 build/debug_STM32F1/libraries/PolynomialApproximations_Ganssle/sincos.o
 .debug_ranges  0x0000000000000130       0x58 build/debug_STM32F1/hardware/source/STM32F1/source/STM32F1.o
 .debug_ranges  0x0000000000000188       0x10 build/debug_STM32F1/hardware/source/STM32F1/source/stm32f1xx_hal_msp.o
 .debug_ranges  0x0000000000000198       0x50 build/debug_STM32F1/hardware/source/STM32F1/source/stm32f1xx_it.o
 .debug_ranges  0x00000000000001e8       0x18 build/debug_STM32F1/hardware/source/STM32F1/source/system_stm32f1xx.o
 .debug_ranges  0x0000000000000200       0xd0 build/debug_STM32F1/libraries/STM32CubeF1/STM32F1xx_HAL_Driver/Src/stm32f1xx_hal.o
 .debug_ranges  0x00000000000002d0       0xa0 build/debug_STM32F1/libraries/STM32CubeF1/STM32F1xx_HAL_Driver/Src/stm32f1xx_hal_rcc.o
 .debug_ranges  0x0000000000000370       0x48 build/debug_STM32F1/libraries/STM32CubeF1/STM32F1xx_HAL_Driver/Src/stm32f1xx_hal_gpio.o
 .debug_ranges  0x00000000000003b8       0xe0 build/debug_STM32F1/libraries/STM32CubeF1/STM32F1xx_HAL_Driver/Src/stm32f1xx_hal_cortex.o
 .debug_ranges  0x0000000000000498       0x20 build/debug_STM32F1/hardware/source/STM32F1/source/startup_stm32f103xb.o
 .debug_ranges  0x00000000000004b8       0x18 /usr/lib/gcc/arm-none-eabi/6.3.1/../../../arm-none-eabi/lib/thumb/v7-m/libm.a(lib_a-e_fmod.o)
 .debug_ranges  0x00000000000004d0       0x20 /usr/lib/gcc/arm-none-eabi/6.3.1/../../../arm-none-eabi/lib/thumb/v7-m/libm.a(lib_a-e_rem_pio2.o)
 .debug_ranges  0x00000000000004f0       0x18 /usr/lib/gcc/arm-none-eabi/6.3.1/../../../arm-none-eabi/lib/thumb/v7-m/libm.a(lib_a-s_floor.o)
 .debug_ranges  0x0000000000000508       0x18 /usr/lib/gcc/arm-none-eabi/6.3.1/../../../arm-none-eabi/lib/thumb/v7-m/libm.a(lib_a-s_scalbn.o)
 .debug_ranges  0x0000000000000520       0x40 /usr/lib/gcc/arm-none-eabi/6.3.1/../../../arm-none-eabi/lib/thumb/v7-m/libc_nano.a(lib_a-nano-mallocr.o)
 .debug_ranges  0x0000000000000560       0x78 /usr/lib/gcc/arm-none-eabi/6.3.1/../../../arm-none-eabi/lib/thumb/v7-m/libc_nano.a(lib_a-rand.o)

.debug_macro    0x0000000000000000    0x18dcc
 .debug_macro   0x0000000000000000      0x171 build/debug_STM32F1/source/main.o
 .debug_macro   0x0000000000000171      0x8bc build/debug_STM32F1/source/main.o
 .debug_macro   0x0000000000000a2d       0x22 build/debug_STM32F1/source/main.o
 .debug_macro   0x0000000000000a4f       0x4c build/debug_STM32F1/source/main.o
 .debug_macro   0x0000000000000a9b       0x55 build/debug_STM32F1/source/main.o
 .debug_macro   0x0000000000000af0       0x35 build/debug_STM32F1/source/main.o
 .debug_macro   0x0000000000000b25       0x9c build/debug_STM32F1/source/main.o
 .debug_macro   0x0000000000000bc1      0x174 build/debug_STM32F1/source/main.o
 .debug_macro   0x0000000000000d35       0x4a build/debug_STM32F1/source/main.o
 .debug_macro   0x0000000000000d7f       0x52 build/debug_STM32F1/source/main.o
 .debug_macro   0x0000000000000dd1       0x1f build/debug_STM32F1/source/main.o
 .debug_macro   0x0000000000000df0       0x43 build/debug_STM32F1/source/main.o
 .debug_macro   0x0000000000000e33       0x20 build/debug_STM32F1/source/main.o
 .debug_macro   0x0000000000000e53      0x187 build/debug_STM32F1/source/main.o
 .debug_macro   0x0000000000000fda      0x30d build/debug_STM32F1/source/main.o
 .debug_macro   0x00000000000012e7       0xde build/debug_STM32F1/source/main.o
 .debug_macro   0x00000000000013c5       0x16 build/debug_STM32F1/source/main.o
 .debug_macro   0x00000000000013db       0x35 build/debug_STM32F1/source/main.o
 .debug_macro   0x0000000000001410       0x22 build/debug_STM32F1/source/main.o
 .debug_macro   0x0000000000001432       0xfd build/debug_STM32F1/source/main.o
 .debug_macro   0x000000000000152f       0x5e build/debug_STM32F1/source/main.o
 .debug_macro   0x000000000000158d      0x1df build/debug_STM32F1/source/main.o
 .debug_macro   0x000000000000176c       0x5e build/debug_STM32F1/source/main.o
 .debug_macro   0x00000000000017ca       0x10 build/debug_STM32F1/source/main.o
 .debug_macro   0x00000000000017da       0x10 build/debug_STM32F1/source/main.o
 .debug_macro   0x00000000000017ea      0x18c build/debug_STM32F1/source/sin_lut.o
 .debug_macro   0x0000000000001976      0x8bc build/debug_STM32F1/source/sin_lut.o
 .debug_macro   0x0000000000002232       0x1c build/debug_STM32F1/source/sin_lut.o
 .debug_macro   0x000000000000224e       0x10 build/debug_STM32F1/source/sin_lut.o
 .debug_macro   0x000000000000225e       0x10 build/debug_STM32F1/source/sin_lut.o
 .debug_macro   0x000000000000226e       0xb6 build/debug_STM32F1/source/sin_lut.o
 .debug_macro   0x0000000000002324       0x16 build/debug_STM32F1/source/sin_lut.o
 .debug_macro   0x000000000000233a      0x143 build/debug_STM32F1/source/sin_lut.o
 .debug_macro   0x000000000000247d      0x1ab build/debug_STM32F1/libraries/PolynomialApproximations_Ganssle/sincos.o
 .debug_macro   0x0000000000002628      0x8bc build/debug_STM32F1/libraries/PolynomialApproximations_Ganssle/sincos.o
 .debug_macro   0x0000000000002ee4      0x273 build/debug_STM32F1/hardware/source/STM32F1/source/STM32F1.o
 .debug_macro   0x0000000000003157      0x8bc build/debug_STM32F1/hardware/source/STM32F1/source/STM32F1.o
 .debug_macro   0x0000000000003a13       0x4f build/debug_STM32F1/hardware/source/STM32F1/source/STM32F1.o
 .debug_macro   0x0000000000003a62       0x44 build/debug_STM32F1/hardware/source/STM32F1/source/STM32F1.o
 .debug_macro   0x0000000000003aa6       0x64 build/debug_STM32F1/hardware/source/STM32F1/source/STM32F1.o
 .debug_macro   0x0000000000003b0a      0x20f build/debug_STM32F1/hardware/source/STM32F1/source/STM32F1.o
 .debug_macro   0x0000000000003d19       0x2e build/debug_STM32F1/hardware/source/STM32F1/source/STM32F1.o
 .debug_macro   0x0000000000003d47       0x22 build/debug_STM32F1/hardware/source/STM32F1/source/STM32F1.o
 .debug_macro   0x0000000000003d69       0x1c build/debug_STM32F1/hardware/source/STM32F1/source/STM32F1.o
 .debug_macro   0x0000000000003d85       0x22 build/debug_STM32F1/hardware/source/STM32F1/source/STM32F1.o
 .debug_macro   0x0000000000003da7       0xc3 build/debug_STM32F1/hardware/source/STM32F1/source/STM32F1.o
 .debug_macro   0x0000000000003e6a      0xd23 build/debug_STM32F1/hardware/source/STM32F1/source/STM32F1.o
 .debug_macro   0x0000000000004b8d     0xe09e build/debug_STM32F1/hardware/source/STM32F1/source/STM32F1.o
 .debug_macro   0x0000000000012c2b       0x43 build/debug_STM32F1/hardware/source/STM32F1/source/STM32F1.o
 .debug_macro   0x0000000000012c6e       0x5a build/debug_STM32F1/hardware/source/STM32F1/source/STM32F1.o
 .debug_macro   0x0000000000012cc8      0x5be build/debug_STM32F1/hardware/source/STM32F1/source/STM32F1.o
 .debug_macro   0x0000000000013286      0x289 build/debug_STM32F1/hardware/source/STM32F1/source/STM32F1.o
 .debug_macro   0x000000000001350f      0x1cb build/debug_STM32F1/hardware/source/STM32F1/source/STM32F1.o
 .debug_macro   0x00000000000136da      0x114 build/debug_STM32F1/hardware/source/STM32F1/source/STM32F1.o
 .debug_macro   0x00000000000137ee      0x1b2 build/debug_STM32F1/hardware/source/STM32F1/source/STM32F1.o
 .debug_macro   0x00000000000139a0       0x27 build/debug_STM32F1/hardware/source/STM32F1/source/STM32F1.o
 .debug_macro   0x00000000000139c7      0x136 build/debug_STM32F1/hardware/source/STM32F1/source/STM32F1.o
 .debug_macro   0x0000000000013afd      0x1bc build/debug_STM32F1/hardware/source/STM32F1/source/STM32F1.o
 .debug_macro   0x0000000000013cb9       0x34 build/debug_STM32F1/hardware/source/STM32F1/source/STM32F1.o
 .debug_macro   0x0000000000013ced       0x3c build/debug_STM32F1/hardware/source/STM32F1/source/STM32F1.o
 .debug_macro   0x0000000000013d29       0x57 build/debug_STM32F1/hardware/source/STM32F1/source/STM32F1.o
 .debug_macro   0x0000000000013d80       0x88 build/debug_STM32F1/hardware/source/STM32F1/source/STM32F1.o
 .debug_macro   0x0000000000013e08      0x241 build/debug_STM32F1/hardware/source/STM32F1/source/STM32F1.o
 .debug_macro   0x0000000000014049      0x141 build/debug_STM32F1/hardware/source/STM32F1/source/STM32F1.o
 .debug_macro   0x000000000001418a       0x83 build/debug_STM32F1/hardware/source/STM32F1/source/STM32F1.o
 .debug_macro   0x000000000001420d       0x16 build/debug_STM32F1/hardware/source/STM32F1/source/STM32F1.o
 .debug_macro   0x0000000000014223       0x52 build/debug_STM32F1/hardware/source/STM32F1/source/STM32F1.o
 .debug_macro   0x0000000000014275      0x307 build/debug_STM32F1/hardware/source/STM32F1/source/STM32F1.o
 .debug_macro   0x000000000001457c      0x18a build/debug_STM32F1/hardware/source/STM32F1/source/stm32f1xx_hal_msp.o
 .debug_macro   0x0000000000014706      0x8bc build/debug_STM32F1/hardware/source/STM32F1/source/stm32f1xx_hal_msp.o
 .debug_macro   0x0000000000014fc2      0x194 build/debug_STM32F1/hardware/source/STM32F1/source/stm32f1xx_it.o
 .debug_macro   0x0000000000015156      0x8bc build/debug_STM32F1/hardware/source/STM32F1/source/stm32f1xx_it.o
 .debug_macro   0x0000000000015a12      0x181 build/debug_STM32F1/hardware/source/STM32F1/source/system_stm32f1xx.o
 .debug_macro   0x0000000000015b93      0x8bc build/debug_STM32F1/hardware/source/STM32F1/source/system_stm32f1xx.o
 .debug_macro   0x000000000001644f      0x19f build/debug_STM32F1/libraries/STM32CubeF1/STM32F1xx_HAL_Driver/Src/stm32f1xx_hal.o
 .debug_macro   0x00000000000165ee      0x8bc build/debug_STM32F1/libraries/STM32CubeF1/STM32F1xx_HAL_Driver/Src/stm32f1xx_hal.o
 .debug_macro   0x0000000000016eaa      0x18d build/debug_STM32F1/libraries/STM32CubeF1/STM32F1xx_HAL_Driver/Src/stm32f1xx_hal_rcc.o
 .debug_macro   0x0000000000017037      0x8bc build/debug_STM32F1/libraries/STM32CubeF1/STM32F1xx_HAL_Driver/Src/stm32f1xx_hal_rcc.o
 .debug_macro   0x00000000000178f3      0x1e6 build/debug_STM32F1/libraries/STM32CubeF1/STM32F1xx_HAL_Driver/Src/stm32f1xx_hal_gpio.o
 .debug_macro   0x0000000000017ad9      0x8bc build/debug_STM32F1/libraries/STM32CubeF1/STM32F1xx_HAL_Driver/Src/stm32f1xx_hal_gpio.o
 .debug_macro   0x0000000000018395      0x17b build/debug_STM32F1/libraries/STM32CubeF1/STM32F1xx_HAL_Driver/Src/stm32f1xx_hal_cortex.o
 .debug_macro   0x0000000000018510      0x8bc build/debug_STM32F1/libraries/STM32CubeF1/STM32F1xx_HAL_Driver/Src/stm32f1xx_hal_cortex.o

.debug_line     0x0000000000000000     0x68eb
 .debug_line    0x0000000000000000      0x314 build/debug_STM32F1/source/main.o
 .debug_line    0x0000000000000314      0x3f6 build/debug_STM32F1/source/sin_lut.o
 .debug_line    0x000000000000070a      0x46d build/debug_STM32F1/libraries/PolynomialApproximations_Ganssle/sincos.o
 .debug_line    0x0000000000000b77      0x5a8 build/debug_STM32F1/hardware/source/STM32F1/source/STM32F1.o
 .debug_line    0x000000000000111f      0x3d4 build/debug_STM32F1/hardware/source/STM32F1/source/stm32f1xx_hal_msp.o
 .debug_line    0x00000000000014f3      0x45f build/debug_STM32F1/hardware/source/STM32F1/source/stm32f1xx_it.o
 .debug_line    0x0000000000001952      0x401 build/debug_STM32F1/hardware/source/STM32F1/source/system_stm32f1xx.o
 .debug_line    0x0000000000001d53      0x593 build/debug_STM32F1/libraries/STM32CubeF1/STM32F1xx_HAL_Driver/Src/stm32f1xx_hal.o
 .debug_line    0x00000000000022e6      0x68d build/debug_STM32F1/libraries/STM32CubeF1/STM32F1xx_HAL_Driver/Src/stm32f1xx_hal_rcc.o
 .debug_line    0x0000000000002973      0x560 build/debug_STM32F1/libraries/STM32CubeF1/STM32F1xx_HAL_Driver/Src/stm32f1xx_hal_gpio.o
 .debug_line    0x0000000000002ed3      0x589 build/debug_STM32F1/libraries/STM32CubeF1/STM32F1xx_HAL_Driver/Src/stm32f1xx_hal_cortex.o
 .debug_line    0x000000000000345c       0x91 build/debug_STM32F1/hardware/source/STM32F1/source/startup_stm32f103xb.o
 .debug_line    0x00000000000034ed      0x205 /usr/lib/gcc/arm-none-eabi/6.3.1/../../../arm-none-eabi/lib/thumb/v7-m/libm.a(lib_a-s_sin.o)
 .debug_line    0x00000000000036f2      0x1b1 /usr/lib/gcc/arm-none-eabi/6.3.1/../../../arm-none-eabi/lib/thumb/v7-m/libm.a(lib_a-w_fmod.o)
 .debug_line    0x00000000000038a3      0x288 /usr/lib/gcc/arm-none-eabi/6.3.1/../../../arm-none-eabi/lib/thumb/v7-m/libm.a(lib_a-e_fmod.o)
 .debug_line    0x0000000000003b2b      0x291 /usr/lib/gcc/arm-none-eabi/6.3.1/../../../arm-none-eabi/lib/thumb/v7-m/libm.a(lib_a-e_rem_pio2.o)
 .debug_line    0x0000000000003dbc      0x205 /usr/lib/gcc/arm-none-eabi/6.3.1/../../../arm-none-eabi/lib/thumb/v7-m/libm.a(lib_a-k_cos.o)
 .debug_line    0x0000000000003fc1      0x3f7 /usr/lib/gcc/arm-none-eabi/6.3.1/../../../arm-none-eabi/lib/thumb/v7-m/libm.a(lib_a-k_rem_pio2.o)
 .debug_line    0x00000000000043b8      0x1fa /usr/lib/gcc/arm-none-eabi/6.3.1/../../../arm-none-eabi/lib/thumb/v7-m/libm.a(lib_a-k_sin.o)
 .debug_line    0x00000000000045b2      0x1da /usr/lib/gcc/arm-none-eabi/6.3.1/../../../arm-none-eabi/lib/thumb/v7-m/libm.a(lib_a-s_fabs.o)
 .debug_line    0x000000000000478c      0x24f /usr/lib/gcc/arm-none-eabi/6.3.1/../../../arm-none-eabi/lib/thumb/v7-m/libm.a(lib_a-s_floor.o)
 .debug_line    0x00000000000049db      0x136 /usr/lib/gcc/arm-none-eabi/6.3.1/../../../arm-none-eabi/lib/thumb/v7-m/libm.a(lib_a-s_lib_ver.o)
 .debug_line    0x0000000000004b11      0x147 /usr/lib/gcc/arm-none-eabi/6.3.1/../../../arm-none-eabi/lib/thumb/v7-m/libm.a(lib_a-s_matherr.o)
 .debug_line    0x0000000000004c58      0x1d4 /usr/lib/gcc/arm-none-eabi/6.3.1/../../../arm-none-eabi/lib/thumb/v7-m/libm.a(lib_a-s_scalbn.o)
 .debug_line    0x0000000000004e2c      0x1b0 /usr/lib/gcc/arm-none-eabi/6.3.1/../../../arm-none-eabi/lib/thumb/v7-m/libm.a(lib_a-s_copysign.o)
 .debug_line    0x0000000000004fdc      0x145 /usr/lib/gcc/arm-none-eabi/6.3.1/../../../arm-none-eabi/lib/thumb/v7-m/libc_nano.a(lib_a-calloc.o)
 .debug_line    0x0000000000005121      0x104 /usr/lib/gcc/arm-none-eabi/6.3.1/../../../arm-none-eabi/lib/thumb/v7-m/libc_nano.a(lib_a-errno.o)
 .debug_line    0x0000000000005225       0xe9 /usr/lib/gcc/arm-none-eabi/6.3.1/../../../arm-none-eabi/lib/thumb/v7-m/libc_nano.a(lib_a-impure.o)
 .debug_line    0x000000000000530e       0xb9 /usr/lib/gcc/arm-none-eabi/6.3.1/../../../arm-none-eabi/lib/thumb/v7-m/libc_nano.a(lib_a-init.o)
 .debug_line    0x00000000000053c7      0x176 /usr/lib/gcc/arm-none-eabi/6.3.1/../../../arm-none-eabi/lib/thumb/v7-m/libc_nano.a(lib_a-memset.o)
 .debug_line    0x000000000000553d      0x160 /usr/lib/gcc/arm-none-eabi/6.3.1/../../../arm-none-eabi/lib/thumb/v7-m/libc_nano.a(lib_a-nano-callocr.o)
 .debug_line    0x000000000000569d      0x1a4 /usr/lib/gcc/arm-none-eabi/6.3.1/../../../arm-none-eabi/lib/thumb/v7-m/libc_nano.a(lib_a-nano-mallocr.o)
 .debug_line    0x0000000000005841      0x175 /usr/lib/gcc/arm-none-eabi/6.3.1/../../../arm-none-eabi/lib/thumb/v7-m/libc_nano.a(lib_a-rand.o)
 .debug_line    0x00000000000059b6      0x15a /usr/lib/gcc/arm-none-eabi/6.3.1/../../../arm-none-eabi/lib/thumb/v7-m/libc_nano.a(lib_a-sbrkr.o)
 .debug_line    0x0000000000005b10      0x154 /usr/lib/gcc/arm-none-eabi/6.3.1/../../../arm-none-eabi/lib/thumb/v7-m/libc_nano.a(lib_a-malloc.o)
 .debug_line    0x0000000000005c64      0x160 /usr/lib/gcc/arm-none-eabi/6.3.1/../../../arm-none-eabi/lib/thumb/v7-m/libc_nano.a(lib_a-nano-freer.o)
 .debug_line    0x0000000000005dc4      0x17c /usr/lib/gcc/arm-none-eabi/6.3.1/../../../arm-none-eabi/lib/thumb/v7-m/libc_nano.a(lib_a-reent.o)
 .debug_line    0x0000000000005f40       0x5b /usr/lib/gcc/arm-none-eabi/6.3.1/../../../arm-none-eabi/lib/thumb/v7-m/libnosys.a(sbrk.o)
 .debug_line    0x0000000000005f9b      0x183 /usr/lib/gcc/arm-none-eabi/6.3.1/thumb/v7-m/libgcc.a(_arm_addsubdf3.o)
 .debug_line    0x000000000000611e      0x19f /usr/lib/gcc/arm-none-eabi/6.3.1/thumb/v7-m/libgcc.a(_arm_muldivdf3.o)
 .debug_line    0x00000000000062bd       0xbe /usr/lib/gcc/arm-none-eabi/6.3.1/thumb/v7-m/libgcc.a(_arm_cmpdf2.o)
 .debug_line    0x000000000000637b       0x6f /usr/lib/gcc/arm-none-eabi/6.3.1/thumb/v7-m/libgcc.a(_arm_unorddf2.o)
 .debug_line    0x00000000000063ea       0x7a /usr/lib/gcc/arm-none-eabi/6.3.1/thumb/v7-m/libgcc.a(_arm_fixdfsi.o)
 .debug_line    0x0000000000006464       0x76 /usr/lib/gcc/arm-none-eabi/6.3.1/thumb/v7-m/libgcc.a(_arm_fixunsdfsi.o)
 .debug_line    0x00000000000064da       0x8e /usr/lib/gcc/arm-none-eabi/6.3.1/thumb/v7-m/libgcc.a(_arm_truncdfsf2.o)
 .debug_line    0x0000000000006568      0x11a /usr/lib/gcc/arm-none-eabi/6.3.1/thumb/v7-m/libgcc.a(_arm_addsubsf3.o)
 .debug_line    0x0000000000006682      0x13d /usr/lib/gcc/arm-none-eabi/6.3.1/thumb/v7-m/libgcc.a(_arm_muldivsf3.o)
 .debug_line    0x00000000000067bf       0xb2 /usr/lib/gcc/arm-none-eabi/6.3.1/thumb/v7-m/libgcc.a(_arm_cmpsf2.o)
 .debug_line    0x0000000000006871       0x7a /usr/lib/gcc/arm-none-eabi/6.3.1/thumb/v7-m/libgcc.a(_arm_fixsfsi.o)

.debug_str      0x0000000000000000    0x68411
 .debug_str     0x0000000000000000     0x69da build/debug_STM32F1/source/main.o
                                       0x6c75 (size before relaxing)
 .debug_str     0x00000000000069da      0x9aa build/debug_STM32F1/source/sin_lut.o
                                       0x7221 (size before relaxing)
 .debug_str     0x0000000000007384      0x224 build/debug_STM32F1/libraries/PolynomialApproximations_Ganssle/sincos.o
                                       0x65cd (size before relaxing)
 .debug_str     0x00000000000075a8    0x5f04c build/debug_STM32F1/hardware/source/STM32F1/source/STM32F1.o
                                      0x657c8 (size before relaxing)
 .debug_str     0x00000000000665f4       0x90 build/debug_STM32F1/hardware/source/STM32F1/source/stm32f1xx_hal_msp.o
                                      0x62520 (size before relaxing)
 .debug_str     0x0000000000066684       0xfa build/debug_STM32F1/hardware/source/STM32F1/source/stm32f1xx_it.o
                                      0x62544 (size before relaxing)
 .debug_str     0x000000000006677e       0xe1 build/debug_STM32F1/hardware/source/STM32F1/source/system_stm32f1xx.o
                                      0x624dd (size before relaxing)